Archive member included to satisfy reference by file (symbol)

C:/ST/STM32CubeIDE_1.17.0/STM32CubeIDE/plugins/com.st.stm32cube.ide.mcu.externaltools.gnu-tools-for-stm32.13.3.rel1.win32_1.0.0.202411081344/tools/bin/../lib/gcc/arm-none-eabi/13.3.1/../../../../arm-none-eabi/lib/thumb/v6-m/nofp\libc.a(libc_a-atof.o)
                              BOS\BOS_CLI.o (atof)
C:/ST/STM32CubeIDE_1.17.0/STM32CubeIDE/plugins/com.st.stm32cube.ide.mcu.externaltools.gnu-tools-for-stm32.13.3.rel1.win32_1.0.0.202411081344/tools/bin/../lib/gcc/arm-none-eabi/13.3.1/../../../../arm-none-eabi/lib/thumb/v6-m/nofp\libc.a(libc_a-atoi.o)
                              BOS\BOS_CLIcommands.o (atoi)
C:/ST/STM32CubeIDE_1.17.0/STM32CubeIDE/plugins/com.st.stm32cube.ide.mcu.externaltools.gnu-tools-for-stm32.13.3.rel1.win32_1.0.0.202411081344/tools/bin/../lib/gcc/arm-none-eabi/13.3.1/../../../../arm-none-eabi/lib/thumb/v6-m/nofp\libc.a(libc_a-atol.o)
                              BOS\BOS.o (atol)
C:/ST/STM32CubeIDE_1.17.0/STM32CubeIDE/plugins/com.st.stm32cube.ide.mcu.externaltools.gnu-tools-for-stm32.13.3.rel1.win32_1.0.0.202411081344/tools/bin/../lib/gcc/arm-none-eabi/13.3.1/../../../../arm-none-eabi/lib/thumb/v6-m/nofp\libc.a(libc_a-exit.o)
                              C:/ST/STM32CubeIDE_1.17.0/STM32CubeIDE/plugins/com.st.stm32cube.ide.mcu.externaltools.gnu-tools-for-stm32.13.3.rel1.win32_1.0.0.202411081344/tools/bin/../lib/gcc/arm-none-eabi/13.3.1/../../../../arm-none-eabi/lib/thumb/v6-m/nofp/crt0.o (exit)
C:/ST/STM32CubeIDE_1.17.0/STM32CubeIDE/plugins/com.st.stm32cube.ide.mcu.externaltools.gnu-tools-for-stm32.13.3.rel1.win32_1.0.0.202411081344/tools/bin/../lib/gcc/arm-none-eabi/13.3.1/../../../../arm-none-eabi/lib/thumb/v6-m/nofp\libc.a(libc_a-malloc.o)
                              BOS\BOS.o (malloc)
C:/ST/STM32CubeIDE_1.17.0/STM32CubeIDE/plugins/com.st.stm32cube.ide.mcu.externaltools.gnu-tools-for-stm32.13.3.rel1.win32_1.0.0.202411081344/tools/bin/../lib/gcc/arm-none-eabi/13.3.1/../../../../arm-none-eabi/lib/thumb/v6-m/nofp\libc.a(libc_a-mallocr.o)
                              C:/ST/STM32CubeIDE_1.17.0/STM32CubeIDE/plugins/com.st.stm32cube.ide.mcu.externaltools.gnu-tools-for-stm32.13.3.rel1.win32_1.0.0.202411081344/tools/bin/../lib/gcc/arm-none-eabi/13.3.1/../../../../arm-none-eabi/lib/thumb/v6-m/nofp\libc.a(libc_a-malloc.o) (_malloc_r)
C:/ST/STM32CubeIDE_1.17.0/STM32CubeIDE/plugins/com.st.stm32cube.ide.mcu.externaltools.gnu-tools-for-stm32.13.3.rel1.win32_1.0.0.202411081344/tools/bin/../lib/gcc/arm-none-eabi/13.3.1/../../../../arm-none-eabi/lib/thumb/v6-m/nofp\libc.a(libc_a-mlock.o)
                              C:/ST/STM32CubeIDE_1.17.0/STM32CubeIDE/plugins/com.st.stm32cube.ide.mcu.externaltools.gnu-tools-for-stm32.13.3.rel1.win32_1.0.0.202411081344/tools/bin/../lib/gcc/arm-none-eabi/13.3.1/../../../../arm-none-eabi/lib/thumb/v6-m/nofp\libc.a(libc_a-mallocr.o) (__malloc_lock)
C:/ST/STM32CubeIDE_1.17.0/STM32CubeIDE/plugins/com.st.stm32cube.ide.mcu.externaltools.gnu-tools-for-stm32.13.3.rel1.win32_1.0.0.202411081344/tools/bin/../lib/gcc/arm-none-eabi/13.3.1/../../../../arm-none-eabi/lib/thumb/v6-m/nofp\libc.a(libc_a-rand.o)
                              BOS\BOS_CLIcommands.o (rand)
C:/ST/STM32CubeIDE_1.17.0/STM32CubeIDE/plugins/com.st.stm32cube.ide.mcu.externaltools.gnu-tools-for-stm32.13.3.rel1.win32_1.0.0.202411081344/tools/bin/../lib/gcc/arm-none-eabi/13.3.1/../../../../arm-none-eabi/lib/thumb/v6-m/nofp\libc.a(libc_a-realloc.o)
                              BOS\BOS_CLI.o (realloc)
C:/ST/STM32CubeIDE_1.17.0/STM32CubeIDE/plugins/com.st.stm32cube.ide.mcu.externaltools.gnu-tools-for-stm32.13.3.rel1.win32_1.0.0.202411081344/tools/bin/../lib/gcc/arm-none-eabi/13.3.1/../../../../arm-none-eabi/lib/thumb/v6-m/nofp\libc.a(libc_a-reallocr.o)
                              C:/ST/STM32CubeIDE_1.17.0/STM32CubeIDE/plugins/com.st.stm32cube.ide.mcu.externaltools.gnu-tools-for-stm32.13.3.rel1.win32_1.0.0.202411081344/tools/bin/../lib/gcc/arm-none-eabi/13.3.1/../../../../arm-none-eabi/lib/thumb/v6-m/nofp\libc.a(libc_a-realloc.o) (_realloc_r)
C:/ST/STM32CubeIDE_1.17.0/STM32CubeIDE/plugins/com.st.stm32cube.ide.mcu.externaltools.gnu-tools-for-stm32.13.3.rel1.win32_1.0.0.202411081344/tools/bin/../lib/gcc/arm-none-eabi/13.3.1/../../../../arm-none-eabi/lib/thumb/v6-m/nofp\libc.a(libc_a-strtod.o)
                              C:/ST/STM32CubeIDE_1.17.0/STM32CubeIDE/plugins/com.st.stm32cube.ide.mcu.externaltools.gnu-tools-for-stm32.13.3.rel1.win32_1.0.0.202411081344/tools/bin/../lib/gcc/arm-none-eabi/13.3.1/../../../../arm-none-eabi/lib/thumb/v6-m/nofp\libc.a(libc_a-atof.o) (strtod)
C:/ST/STM32CubeIDE_1.17.0/STM32CubeIDE/plugins/com.st.stm32cube.ide.mcu.externaltools.gnu-tools-for-stm32.13.3.rel1.win32_1.0.0.202411081344/tools/bin/../lib/gcc/arm-none-eabi/13.3.1/../../../../arm-none-eabi/lib/thumb/v6-m/nofp\libc.a(libc_a-strtol.o)
[...]
Memory Configuration

Name             Origin             Length             Attributes
RAM              0x20000000         0x00024000         xrw
FLASH            0x08000000         0x00080000         xr
*default*        0x00000000         0xffffffff

Linker script and memory map

LOAD C:/ST/STM32CubeIDE_1.17.0/STM32CubeIDE/plugins/com.st.stm32cube.ide.mcu.externaltools.gnu-tools-for-stm32.13.3.rel1.win32_1.0.0.202411081344/tools/bin/../lib/gcc/arm-none-eabi/13.3.1/thumb/v6-m/nofp/crti.o
LOAD C:/ST/STM32CubeIDE_1.17.0/STM32CubeIDE/plugins/com.st.stm32cube.ide.mcu.externaltools.gnu-tools-for-stm32.13.3.rel1.win32_1.0.0.202411081344/tools/bin/../lib/gcc/arm-none-eabi/13.3.1/thumb/v6-m/nofp/crtbegin.o
LOAD C:/ST/STM32CubeIDE_1.17.0/STM32CubeIDE/plugins/com.st.stm32cube.ide.mcu.externaltools.gnu-tools-for-stm32.13.3.rel1.win32_1.0.0.202411081344/tools/bin/../lib/gcc/arm-none-eabi/13.3.1/../../../../arm-none-eabi/lib/thumb/v6-m/nofp/crt0.o
LOAD BOS\BOS.o
LOAD BOS\BOS_CLI.o
LOAD BOS\BOS_CLIcommands.o
LOAD BOS\BOS_dma.o
LOAD BOS\BOS_freertos.o
LOAD BOS\BOS_messaging.o
LOAD BOS\BOS_msgparser.o
LOAD P08R7\P08R7.o
LOAD P08R7\P08R7_dma.o
LOAD P08R7\P08R7_eeprom.o
LOAD P08R7\P08R7_gpio.o
LOAD P08R7\P08R7_i2c.o
LOAD P08R7\P08R7_inputs.o
LOAD P08R7\P08R7_it.o
LOAD P08R7\P08R7_rtc.o
LOAD P08R7\P08R7_timers.o
LOAD P08R7\P08R7_uart.o
LOAD P08R7\startup_stm32g0b1ceuxn.o
LOAD Thirdparty\CMSIS\STM32G0xx\Device\ST\STM32G0xx\Source\Templates\system_stm32g0xx.o
LOAD Thirdparty\EEPROM_Emul\Core\eeprom_emul.o
LOAD Thirdparty\EEPROM_Emul\Porting\STM32G0\flash_interface.o
LOAD Thirdparty\Middleware\STM32G0xx\FreeRTOS\Source\CMSIS_RTOS\cmsis_os.o
LOAD Thirdparty\Middleware\STM32G0xx\FreeRTOS\Source\FreeRTOS_CLI.o
LOAD Thirdparty\Middleware\STM32G0xx\FreeRTOS\Source\croutine.o
LOAD Thirdparty\Middleware\STM32G0xx\FreeRTOS\Source\event_groups.o
LOAD Thirdparty\Middleware\STM32G0xx\FreeRTOS\Source\list.o
LOAD Thirdparty\Middleware\STM32G0xx\FreeRTOS\Source\portable\GCC\ARM_CM0\port.o
LOAD Thirdparty\Middleware\STM32G0xx\FreeRTOS\Source\portable\MemMang\heap_4.o
LOAD Thirdparty\Middleware\STM32G0xx\FreeRTOS\Source\queue.o
LOAD Thirdparty\Middleware\STM32G0xx\FreeRTOS\Source\stream_buffer.o
LOAD Thirdparty\Middleware\STM32G0xx\FreeRTOS\Source\tasks.o
LOAD Thirdparty\Middleware\STM32G0xx\FreeRTOS\Source\timers.o
LOAD Thirdparty\STM32G0xx_HAL_Driver\Src\stm32g0xx_hal.o
LOAD Thirdparty\STM32G0xx_HAL_Driver\Src\stm32g0xx_hal_adc.o
LOAD Thirdparty\STM32G0xx_HAL_Driver\Src\stm32g0xx_hal_adc_ex.o
LOAD Thirdparty\STM32G0xx_HAL_Driver\Src\stm32g0xx_hal_cec.o
LOAD Thirdparty\STM32G0xx_HAL_Driver\Src\stm32g0xx_hal_comp.o
LOAD Thirdparty\STM32G0xx_HAL_Driver\Src\stm32g0xx_hal_cortex.o
LOAD Thirdparty\STM32G0xx_HAL_Driver\Src\stm32g0xx_hal_crc.o
LOAD Thirdparty\STM32G0xx_HAL_Driver\Src\stm32g0xx_hal_crc_ex.o
LOAD Thirdparty\STM32G0xx_HAL_Driver\Src\stm32g0xx_hal_cryp.o
LOAD Thirdparty\STM32G0xx_HAL_Driver\Src\stm32g0xx_hal_cryp_ex.o
LOAD Thirdparty\STM32G0xx_HAL_Driver\Src\stm32g0xx_hal_dac.o
LOAD Thirdparty\STM32G0xx_HAL_Driver\Src\stm32g0xx_hal_dac_ex.o
LOAD Thirdparty\STM32G0xx_HAL_Driver\Src\stm32g0xx_hal_dma.o
LOAD Thirdparty\STM32G0xx_HAL_Driver\Src\stm32g0xx_hal_dma_ex.o
LOAD Thirdparty\STM32G0xx_HAL_Driver\Src\stm32g0xx_hal_exti.o
LOAD Thirdparty\STM32G0xx_HAL_Driver\Src\stm32g0xx_hal_fdcan.o
LOAD Thirdparty\STM32G0xx_HAL_Driver\Src\stm32g0xx_hal_flash.o
LOAD Thirdparty\STM32G0xx_HAL_Driver\Src\stm32g0xx_hal_flash_ex.o
LOAD Thirdparty\STM32G0xx_HAL_Driver\Src\stm32g0xx_hal_gpio.o
LOAD Thirdparty\STM32G0xx_HAL_Driver\Src\stm32g0xx_hal_hcd.o
LOAD Thirdparty\STM32G0xx_HAL_Driver\Src\stm32g0xx_hal_i2c.o
LOAD Thirdparty\STM32G0xx_HAL_Driver\Src\stm32g0xx_hal_i2c_ex.o
LOAD Thirdparty\STM32G0xx_HAL_Driver\Src\stm32g0xx_hal_i2s.o
LOAD Thirdparty\STM32G0xx_HAL_Driver\Src\stm32g0xx_hal_irda.o
LOAD Thirdparty\STM32G0xx_HAL_Driver\Src\stm32g0xx_hal_iwdg.o
LOAD Thirdparty\STM32G0xx_HAL_Driver\Src\stm32g0xx_hal_lptim.o
LOAD Thirdparty\STM32G0xx_HAL_Driver\Src\stm32g0xx_hal_msp_template.o
LOAD Thirdparty\STM32G0xx_HAL_Driver\Src\stm32g0xx_hal_pcd.o
LOAD Thirdparty\STM32G0xx_HAL_Driver\Src\stm32g0xx_hal_pcd_ex.o
LOAD Thirdparty\STM32G0xx_HAL_Driver\Src\stm32g0xx_hal_pwr.o
LOAD Thirdparty\STM32G0xx_HAL_Driver\Src\stm32g0xx_hal_pwr_ex.o
LOAD Thirdparty\STM32G0xx_HAL_Driver\Src\stm32g0xx_hal_rcc.o
LOAD Thirdparty\STM32G0xx_HAL_Driver\Src\stm32g0xx_hal_rcc_ex.o
LOAD Thirdparty\STM32G0xx_HAL_Driver\Src\stm32g0xx_hal_rng.o
LOAD Thirdparty\STM32G0xx_HAL_Driver\Src\stm32g0xx_hal_rtc.o
LOAD Thirdparty\STM32G0xx_HAL_Driver\Src\stm32g0xx_hal_rtc_ex.o
LOAD Thirdparty\STM32G0xx_HAL_Driver\Src\stm32g0xx_hal_smartcard.o
LOAD Thirdparty\STM32G0xx_HAL_Driver\Src\stm32g0xx_hal_smartcard_ex.o
LOAD Thirdparty\STM32G0xx_HAL_Driver\Src\stm32g0xx_hal_smbus.o
LOAD Thirdparty\STM32G0xx_HAL_Driver\Src\stm32g0xx_hal_smbus_ex.o
LOAD Thirdparty\STM32G0xx_HAL_Driver\Src\stm32g0xx_hal_spi.o
LOAD Thirdparty\STM32G0xx_HAL_Driver\Src\stm32g0xx_hal_spi_ex.o
LOAD Thirdparty\STM32G0xx_HAL_Driver\Src\stm32g0xx_hal_tim.o
LOAD Thirdparty\STM32G0xx_HAL_Driver\Src\stm32g0xx_hal_tim_ex.o
LOAD Thirdparty\STM32G0xx_HAL_Driver\Src\stm32g0xx_hal_uart.o
LOAD Thirdparty\STM32G0xx_HAL_Driver\Src\stm32g0xx_hal_uart_ex.o
LOAD Thirdparty\STM32G0xx_HAL_Driver\Src\stm32g0xx_hal_usart.o
LOAD Thirdparty\STM32G0xx_HAL_Driver\Src\stm32g0xx_hal_usart_ex.o
LOAD Thirdparty\STM32G0xx_HAL_Driver\Src\stm32g0xx_hal_wwdg.o
LOAD Thirdparty\STM32G0xx_HAL_Driver\Src\stm32g0xx_ll_adc.o
LOAD Thirdparty\STM32G0xx_HAL_Driver\Src\stm32g0xx_ll_comp.o
LOAD Thirdparty\STM32G0xx_HAL_Driver\Src\stm32g0xx_ll_crc.o
LOAD Thirdparty\STM32G0xx_HAL_Driver\Src\stm32g0xx_ll_crs.o
LOAD Thirdparty\STM32G0xx_HAL_Driver\Src\stm32g0xx_ll_dac.o
LOAD Thirdparty\STM32G0xx_HAL_Driver\Src\stm32g0xx_ll_dma.o
LOAD Thirdparty\STM32G0xx_HAL_Driver\Src\stm32g0xx_ll_exti.o
LOAD Thirdparty\STM32G0xx_HAL_Driver\Src\stm32g0xx_ll_gpio.o
LOAD Thirdparty\STM32G0xx_HAL_Driver\Src\stm32g0xx_ll_i2c.o
LOAD Thirdparty\STM32G0xx_HAL_Driver\Src\stm32g0xx_ll_lptim.o
LOAD Thirdparty\STM32G0xx_HAL_Driver\Src\stm32g0xx_ll_lpuart.o
LOAD Thirdparty\STM32G0xx_HAL_Driver\Src\stm32g0xx_ll_pwr.o
LOAD Thirdparty\STM32G0xx_HAL_Driver\Src\stm32g0xx_ll_rcc.o
LOAD Thirdparty\STM32G0xx_HAL_Driver\Src\stm32g0xx_ll_rng.o
LOAD Thirdparty\STM32G0xx_HAL_Driver\Src\stm32g0xx_ll_rtc.o
LOAD Thirdparty\STM32G0xx_HAL_Driver\Src\stm32g0xx_ll_spi.o
LOAD Thirdparty\STM32G0xx_HAL_Driver\Src\stm32g0xx_ll_tim.o
LOAD Thirdparty\STM32G0xx_HAL_Driver\Src\stm32g0xx_ll_ucpd.o
LOAD Thirdparty\STM32G0xx_HAL_Driver\Src\stm32g0xx_ll_usart.o
LOAD Thirdparty\STM32G0xx_HAL_Driver\Src\stm32g0xx_ll_usb.o
LOAD Thirdparty\STM32G0xx_HAL_Driver\Src\stm32g0xx_ll_utils.o
LOAD Thirdparty\VL53L1\Application_VL53L1.o
LOAD Thirdparty\VL53L1\vl53l1_Driver\Src\vl53l1_platform.o
LOAD Thirdparty\VL53L1\vl53l1_Driver\Src\vl53l1_platform_init.o
LOAD Thirdparty\VL53L1\vl53l1_Driver\Src\vl53l1_platform_ipp.o
LOAD Thirdparty\VL53L1\vl53l1_Driver\Src\vl53l1_platform_log.o
LOAD Thirdparty\VL53L1\vl53l1_Driver\vl53l1\vl53l1_api.o
LOAD Thirdparty\VL53L1\vl53l1_Driver\vl53l1\vl53l1_api_calibration.o
LOAD Thirdparty\VL53L1\vl53l1_Driver\vl53l1\vl53l1_api_core.o
LOAD Thirdparty\VL53L1\vl53l1_Driver\vl53l1\vl53l1_api_debug.o
LOAD Thirdparty\VL53L1\vl53l1_Driver\vl53l1\vl53l1_api_preset_modes.o
LOAD Thirdparty\VL53L1\vl53l1_Driver\vl53l1\vl53l1_api_strings.o
LOAD Thirdparty\VL53L1\vl53l1_Driver\vl53l1\vl53l1_core.o
LOAD Thirdparty\VL53L1\vl53l1_Driver\vl53l1\vl53l1_core_support.o
LOAD Thirdparty\VL53L1\vl53l1_Driver\vl53l1\vl53l1_dmax.o
LOAD Thirdparty\VL53L1\vl53l1_Driver\vl53l1\vl53l1_error_strings.o
LOAD Thirdparty\VL53L1\vl53l1_Driver\vl53l1\vl53l1_hist_algos_gen3.o
LOAD Thirdparty\VL53L1\vl53l1_Driver\vl53l1\vl53l1_hist_algos_gen4.o
LOAD Thirdparty\VL53L1\vl53l1_Driver\vl53l1\vl53l1_hist_char.o
LOAD Thirdparty\VL53L1\vl53l1_Driver\vl53l1\vl53l1_hist_core.o
LOAD Thirdparty\VL53L1\vl53l1_Driver\vl53l1\vl53l1_hist_funcs.o
LOAD Thirdparty\VL53L1\vl53l1_Driver\vl53l1\vl53l1_nvm.o
LOAD Thirdparty\VL53L1\vl53l1_Driver\vl53l1\vl53l1_nvm_debug.o
LOAD Thirdparty\VL53L1\vl53l1_Driver\vl53l1\vl53l1_register_funcs.o
LOAD Thirdparty\VL53L1\vl53l1_Driver\vl53l1\vl53l1_sigma_estimate.o
LOAD Thirdparty\VL53L1\vl53l1_Driver\vl53l1\vl53l1_silicon_core.o
LOAD Thirdparty\VL53L1\vl53l1_Driver\vl53l1\vl53l1_wait.o
LOAD Thirdparty\VL53L1\vl53l1_Driver\vl53l1\vl53l1_xtalk.o
LOAD Thirdparty\VL53L1\vl53l1_Driver\vl53l1\vl53l1_zone_presets.o
LOAD User\main.o
LOAD syscalls.o
START GROUP
LOAD C:/ST/STM32CubeIDE_1.17.0/STM32CubeIDE/plugins/com.st.stm32cube.ide.mcu.externaltools.gnu-tools-for-stm32.13.3.rel1.win32_1.0.0.202411081344/tools/bin/../lib/gcc/arm-none-eabi/13.3.1/../../../../arm-none-eabi/lib/thumb/v6-m/nofp\libc.a
LOAD C:/ST/STM32CubeIDE_1.17.0/STM32CubeIDE/plugins/com.st.stm32cube.ide.mcu.externaltools.gnu-tools-for-stm32.13.3.rel1.win32_1.0.0.202411081344/tools/bin/../lib/gcc/arm-none-eabi/13.3.1/../../../../arm-none-eabi/lib/thumb/v6-m/nofp\libm.a
END GROUP
START GROUP
LOAD C:/ST/STM32CubeIDE_1.17.0/STM32CubeIDE/plugins/com.st.stm32cube.ide.mcu.externaltools.gnu-tools-for-stm32.13.3.rel1.win32_1.0.0.202411081344/tools/bin/../lib/gcc/arm-none-eabi/13.3.1/thumb/v6-m/nofp\libgcc.a
LOAD C:/ST/STM32CubeIDE_1.17.0/STM32CubeIDE/plugins/com.st.stm32cube.ide.mcu.externaltools.gnu-tools-for-stm32.13.3.rel1.win32_1.0.0.202411081344/tools/bin/../lib/gcc/arm-none-eabi/13.3.1/../../../../arm-none-eabi/lib/thumb/v6-m/nofp\libc.a
END GROUP
START GROUP
LOAD C:/ST/STM32CubeIDE_1.17.0/STM32CubeIDE/plugins/com.st.stm32cube.ide.mcu.externaltools.gnu-tools-for-stm32.13.3.rel1.win32_1.0.0.202411081344/tools/bin/../lib/gcc/arm-none-eabi/13.3.1/thumb/v6-m/nofp\libgcc.a
LOAD C:/ST/STM32CubeIDE_1.17.0/STM32CubeIDE/plugins/com.st.stm32cube.ide.mcu.externaltools.gnu-tools-for-stm32.13.3.rel1.win32_1.0.0.202411081344/tools/bin/../lib/gcc/arm-none-eabi/13.3.1/../../../../arm-none-eabi/lib/thumb/v6-m/nofp\libc.a
LOAD C:/ST/STM32CubeIDE_1.17.0/STM32CubeIDE/plugins/com.st.stm32cube.ide.mcu.externaltools.gnu-tools-for-stm32.13.3.rel1.win32_1.0.0.202411081344/tools/bin/../lib/gcc/arm-none-eabi/13.3.1/../../../../arm-none-eabi/lib/thumb/v6-m/nofp\libnosys.a
END GROUP
LOAD C:/ST/STM32CubeIDE_1.17.0/STM32CubeIDE/plugins/com.st.stm32cube.ide.mcu.externaltools.gnu-tools-for-stm32.13.3.rel1.win32_1.0.0.202411081344/tools/bin/../lib/gcc/arm-none-eabi/13.3.1/thumb/v6-m/nofp/crtend.o
LOAD C:/ST/STM32CubeIDE_1.17.0/STM32CubeIDE/plugins/com.st.stm32cube.ide.mcu.externaltools.gnu-tools-for-stm32.13.3.rel1.win32_1.0.0.202411081344/tools/bin/../lib/gcc/arm-none-eabi/13.3.1/thumb/v6-m/nofp/crtn.o
                0x20024000                        _estack = (ORIGIN (RAM) + LENGTH (RAM))
                0x00000200                        _Min_Heap_Size = 0x200
                0x00000400                        _Min_Stack_Size = 0x400

.isr_vector     0x08000000       0xbc
                0x08000000                        . = ALIGN (0x4)
 *(.isr_vector)
 .isr_vector    0x08000000       0xbc P08R7\startup_stm32g0b1ceuxn.o
                0x08000000                g_pfnVectors
                0x080000bc                        . = ALIGN (0x4)

.text           0x080000c0    0x3f7e0
                0x080000c0                        . = ALIGN (0x4)
 *(.text)
 .text          0x080000c0       0x48 C:/ST/STM32CubeIDE_1.17.0/STM32CubeIDE/plugins/com.st.stm32cube.ide.mcu.externaltools.gnu-tools-for-stm32.13.3.rel1.win32_1.0.0.202411081344/tools/bin/../lib/gcc/arm-none-eabi/13.3.1/thumb/v6-m/nofp/crtbegin.o
 .text          0x08000108       0x14 C:/ST/STM32CubeIDE_1.17.0/STM32CubeIDE/plugins/com.st.stm32cube.ide.mcu.externaltools.gnu-tools-for-stm32.13.3.rel1.win32_1.0.0.202411081344/tools/bin/../lib/gcc/arm-none-eabi/13.3.1/../../../../arm-none-eabi/lib/thumb/v6-m/nofp\libc.a(libc_a-strcmp.o)
                0x08000108                strcmp
 .text          0x0800011c        0xe C:/ST/STM32CubeIDE_1.17.0/STM32CubeIDE/plugins/com.st.stm32cube.ide.mcu.externaltools.gnu-tools-for-stm32.13.3.rel1.win32_1.0.0.202411081344/tools/bin/../lib/gcc/arm-none-eabi/13.3.1/../../../../arm-none-eabi/lib/thumb/v6-m/nofp\libc.a(libc_a-strlen.o)
                0x0800011c                strlen
 *fill*         0x0800012a        0x2 
 .text          0x0800012c       0x14 C:/ST/STM32CubeIDE_1.17.0/STM32CubeIDE/plugins/com.st.stm32cube.ide.mcu.externaltools.gnu-tools-for-stm32.13.3.rel1.win32_1.0.0.202411081344/tools/bin/../lib/gcc/arm-none-eabi/13.3.1/thumb/v6-m/nofp\libgcc.a(_thumb1_case_uqi.o)
                0x0800012c                __gnu_thumb1_case_uqi
 .text          0x08000140       0x14 C:/ST/STM32CubeIDE_1.17.0/STM32CubeIDE/plugins/com.st.stm32cube.ide.mcu.externaltools.gnu-tools-for-stm32.13.3.rel1.win32_1.0.0.202411081344/tools/bin/../lib/gcc/arm-none-eabi/13.3.1/thumb/v6-m/nofp\libgcc.a(_thumb1_case_uhi.o)
                0x08000140                __gnu_thumb1_case_uhi
 .text          0x08000154      0x114 C:/ST/STM32CubeIDE_1.17.0/STM32CubeIDE/plugins/com.st.stm32cube.ide.mcu.externaltools.gnu-tools-for-stm32.13.3.rel1.win32_1.0.0.202411081344/tools/bin/../lib/gcc/arm-none-eabi/13.3.1/thumb/v6-m/nofp\libgcc.a(_udivsi3.o)
                0x08000154                __aeabi_uidiv
                0x08000154                __udivsi3
                0x08000260                __aeabi_uidivmod
 .text          0x08000268      0x1d4 C:/ST/STM32CubeIDE_1.17.0/STM32CubeIDE/plugins/com.st.stm32cube.ide.mcu.externaltools.gnu-tools-for-stm32.13.3.rel1.win32_1.0.0.202411081344/tools/bin/../lib/gcc/arm-none-eabi/13.3.1/thumb/v6-m/nofp\libgcc.a(_divsi3.o)
                0x08000268                __divsi3
                0x08000268                __aeabi_idiv
                0x08000434                __aeabi_idivmod
 .text          0x0800043c        0x4 C:/ST/STM32CubeIDE_1.17.0/STM32CubeIDE/plugins/com.st.stm32cube.ide.mcu.externaltools.gnu-tools-for-stm32.13.3.rel1.win32_1.0.0.202411081344/tools/bin/../lib/gcc/arm-none-eabi/13.3.1/thumb/v6-m/nofp\libgcc.a(_dvmd_tls.o)
                0x0800043c                __aeabi_idiv0
                0x0800043c                __aeabi_ldiv0
 .text          0x08000440       0x7c C:/ST/STM32CubeIDE_1.17.0/STM32CubeIDE/plugins/com.st.stm32cube.ide.mcu.externaltools.gnu-tools-for-stm32.13.3.rel1.win32_1.0.0.202411081344/tools/bin/../lib/gcc/arm-none-eabi/13.3.1/thumb/v6-m/nofp\libgcc.a(_arm_cmpdf2.o)
                0x08000440                __aeabi_cdrcmple
                0x08000450                __aeabi_cdcmple
                0x08000450                __aeabi_cdcmpeq
                0x08000460                __aeabi_dcmpeq
                0x0800046c                __aeabi_dcmplt
                0x08000480                __aeabi_dcmple
                0x08000494                __aeabi_dcmpgt
                0x080004a8                __aeabi_dcmpge
 .text          0x080004bc       0x74 C:/ST/STM32CubeIDE_1.17.0/STM32CubeIDE/plugins/com.st.stm32cube.ide.mcu.externaltools.gnu-tools-for-stm32.13.3.rel1.win32_1.0.0.202411081344/tools/bin/../lib/gcc/arm-none-eabi/13.3.1/thumb/v6-m/nofp\libgcc.a(_arm_cmpsf2.o)
                0x080004bc                __aeabi_cfrcmple
                0x080004c4                __aeabi_cfcmpeq
                0x080004c4                __aeabi_cfcmple
                0x080004d4                __aeabi_fcmpeq
                0x080004e0                __aeabi_fcmplt
                0x080004f4                __aeabi_fcmple
                0x08000508                __aeabi_fcmpgt
                0x0800051c                __aeabi_fcmpge
 .text          0x08000530       0x48 C:/ST/STM32CubeIDE_1.17.0/STM32CubeIDE/plugins/com.st.stm32cube.ide.mcu.externaltools.gnu-tools-for-stm32.13.3.rel1.win32_1.0.0.202411081344/tools/bin/../lib/gcc/arm-none-eabi/13.3.1/thumb/v6-m/nofp\libgcc.a(_aeabi_ldivmod.o)
                0x08000530                __aeabi_ldivmod
 .text          0x08000578       0x40 C:/ST/STM32CubeIDE_1.17.0/STM32CubeIDE/plugins/com.st.stm32cube.ide.mcu.externaltools.gnu-tools-for-stm32.13.3.rel1.win32_1.0.0.202411081344/tools/bin/../lib/gcc/arm-none-eabi/13.3.1/thumb/v6-m/nofp\libgcc.a(_aeabi_uldivmod.o)
                0x08000578                __aeabi_uldivmod
 .text          0x080005b8       0x5c C:/ST/STM32CubeIDE_1.17.0/STM32CubeIDE/plugins/com.st.stm32cube.ide.mcu.externaltools.gnu-tools-for-stm32.13.3.rel1.win32_1.0.0.202411081344/tools/bin/../lib/gcc/arm-none-eabi/13.3.1/thumb/v6-m/nofp\libgcc.a(_muldi3.o)
                0x080005b8                __muldi3
                0x080005b8                __aeabi_lmul
 .text          0x08000614       0x3c C:/ST/STM32CubeIDE_1.17.0/STM32CubeIDE/plugins/com.st.stm32cube.ide.mcu.externaltools.gnu-tools-for-stm32.13.3.rel1.win32_1.0.0.202411081344/tools/bin/../lib/gcc/arm-none-eabi/13.3.1/thumb/v6-m/nofp\libgcc.a(_fixunsdfsi.o)
                0x08000614                __aeabi_d2uiz
                0x08000614                __fixunsdfsi
 .text          0x08000650       0x38 C:/ST/STM32CubeIDE_1.17.0/STM32CubeIDE/plugins/com.st.stm32cube.ide.mcu.externaltools.gnu-tools-for-stm32.13.3.rel1.win32_1.0.0.202411081344/tools/bin/../lib/gcc/arm-none-eabi/13.3.1/thumb/v6-m/nofp\libgcc.a(_fixdfdi.o)
                0x08000650                __fixdfdi
                0x08000650                __aeabi_d2lz
 .text          0x08000688       0x3c C:/ST/STM32CubeIDE_1.17.0/STM32CubeIDE/plugins/com.st.stm32cube.ide.mcu.externaltools.gnu-tools-for-stm32.13.3.rel1.win32_1.0.0.202411081344/tools/bin/../lib/gcc/arm-none-eabi/13.3.1/thumb/v6-m/nofp\libgcc.a(_fixunsdfdi.o)
                0x08000688                __fixunsdfdi
                0x08000688                __aeabi_d2ulz
 .text          0x080006c4       0x2c C:/ST/STM32CubeIDE_1.17.0/STM32CubeIDE/plugins/com.st.stm32cube.ide.mcu.externaltools.gnu-tools-for-stm32.13.3.rel1.win32_1.0.0.202411081344/tools/bin/../lib/gcc/arm-none-eabi/13.3.1/thumb/v6-m/nofp\libgcc.a(_floatdidf.o)
                0x080006c4                __aeabi_l2d
                0x080006c4                __floatdidf
 .text          0x080006f0      0x198 C:/ST/STM32CubeIDE_1.17.0/STM32CubeIDE/plugins/com.st.stm32cube.ide.mcu.externaltools.gnu-tools-for-stm32.13.3.rel1.win32_1.0.0.202411081344/tools/bin/../lib/gcc/arm-none-eabi/13.3.1/thumb/v6-m/nofp\libgcc.a(_udivmoddi4.o)
                0x080006f0                __udivmoddi4
 .text          0x08000888       0x3c C:/ST/STM32CubeIDE_1.17.0/STM32CubeIDE/plugins/com.st.stm32cube.ide.mcu.externaltools.gnu-tools-for-stm32.13.3.rel1.win32_1.0.0.202411081344/tools/bin/../lib/gcc/arm-none-eabi/13.3.1/thumb/v6-m/nofp\libgcc.a(bpabi.o)
                0x08000888                __gnu_ldivmod_helper
 .text          0x080008c4      0x22c C:/ST/STM32CubeIDE_1.17.0/STM32CubeIDE/plugins/com.st.stm32cube.ide.mcu.externaltools.gnu-tools-for-stm32.13.3.rel1.win32_1.0.0.202411081344/tools/bin/../lib/gcc/arm-none-eabi/13.3.1/thumb/v6-m/nofp\libgcc.a(divsf3.o)
                0x080008c4                __aeabi_fdiv
 .text          0x08000af0       0x50 C:/ST/STM32CubeIDE_1.17.0/STM32CubeIDE/plugins/com.st.stm32cube.ide.mcu.externaltools.gnu-tools-for-stm32.13.3.rel1.win32_1.0.0.202411081344/tools/bin/../lib/gcc/arm-none-eabi/13.3.1/thumb/v6-m/nofp\libgcc.a(eqsf2.o)
                0x08000af0                __eqsf2
                0x08000af0                __nesf2
 .text          0x08000b40       0x90 C:/ST/STM32CubeIDE_1.17.0/STM32CubeIDE/plugins/com.st.stm32cube.ide.mcu.externaltools.gnu-tools-for-stm32.13.3.rel1.win32_1.0.0.202411081344/tools/bin/../lib/gcc/arm-none-eabi/13.3.1/thumb/v6-m/nofp\libgcc.a(gesf2.o)
                0x08000b40                __gesf2
                0x08000b40                __gtsf2
 .text          0x08000bd0       0x90 C:/ST/STM32CubeIDE_1.17.0/STM32CubeIDE/plugins/com.st.stm32cube.ide.mcu.externaltools.gnu-tools-for-stm32.13.3.rel1.win32_1.0.0.202411081344/tools/bin/../lib/gcc/arm-none-eabi/13.3.1/thumb/v6-m/nofp\libgcc.a(lesf2.o)
                0x08000bd0                __ltsf2
                0x08000bd0                __lesf2
 .text          0x08000c60      0x2b4 C:/ST/STM32CubeIDE_1.17.0/STM32CubeIDE/plugins/com.st.stm32cube.ide.mcu.externaltools.gnu-tools-for-stm32.13.3.rel1.win32_1.0.0.202411081344/tools/bin/../lib/gcc/arm-none-eabi/13.3.1/thumb/v6-m/nofp\libgcc.a(mulsf3.o)
                0x08000c60                __aeabi_fmul
 .text          0x08000f14       0xa0 C:/ST/STM32CubeIDE_1.17.0/STM32CubeIDE/plugins/com.st.stm32cube.ide.mcu.externaltools.gnu-tools-for-stm32.13.3.rel1.win32_1.0.0.202411081344/tools/bin/../lib/gcc/arm-none-eabi/13.3.1/thumb/v6-m/nofp\libgcc.a(floatsisf.o)
                0x08000f14                __aeabi_i2f
 .text          0x08000fb4       0x8c C:/ST/STM32CubeIDE_1.17.0/STM32CubeIDE/plugins/com.st.stm32cube.ide.mcu.externaltools.gnu-tools-for-stm32.13.3.rel1.win32_1.0.0.202411081344/tools/bin/../lib/gcc/arm-none-eabi/13.3.1/thumb/v6-m/nofp\libgcc.a(floatunsisf.o)
                0x08000fb4                __aeabi_ui2f
 .text          0x08001040      0x78c C:/ST/STM32CubeIDE_1.17.0/STM32CubeIDE/plugins/com.st.stm32cube.ide.mcu.externaltools.gnu-tools-for-stm32.13.3.rel1.win32_1.0.0.202411081344/tools/bin/../lib/gcc/arm-none-eabi/13.3.1/thumb/v6-m/nofp\libgcc.a(adddf3.o)
                0x08001040                __aeabi_dadd
 .text          0x080017cc      0x630 C:/ST/STM32CubeIDE_1.17.0/STM32CubeIDE/plugins/com.st.stm32cube.ide.mcu.externaltools.gnu-tools-for-stm32.13.3.rel1.win32_1.0.0.202411081344/tools/bin/../lib/gcc/arm-none-eabi/13.3.1/thumb/v6-m/nofp\libgcc.a(divdf3.o)
                0x080017cc                __aeabi_ddiv
 .text          0x08001dfc       0x88 C:/ST/STM32CubeIDE_1.17.0/STM32CubeIDE/plugins/com.st.stm32cube.ide.mcu.externaltools.gnu-tools-for-stm32.13.3.rel1.win32_1.0.0.202411081344/tools/bin/../lib/gcc/arm-none-eabi/13.3.1/thumb/v6-m/nofp\libgcc.a(eqdf2.o)
                0x08001dfc                __nedf2
                0x08001dfc                __eqdf2
 .text          0x08001e84       0xe0 C:/ST/STM32CubeIDE_1.17.0/STM32CubeIDE/plugins/com.st.stm32cube.ide.mcu.externaltools.gnu-tools-for-stm32.13.3.rel1.win32_1.0.0.202411081344/tools/bin/../lib/gcc/arm-none-eabi/13.3.1/thumb/v6-m/nofp\libgcc.a(gedf2.o)
                0x08001e84                __gedf2
                0x08001e84                __gtdf2
 .text          0x08001f64       0xdc C:/ST/STM32CubeIDE_1.17.0/STM32CubeIDE/plugins/com.st.stm32cube.ide.mcu.externaltools.gnu-tools-for-stm32.13.3.rel1.win32_1.0.0.202411081344/tools/bin/../lib/gcc/arm-none-eabi/13.3.1/thumb/v6-m/nofp\libgcc.a(ledf2.o)
                0x08001f64                __ledf2
                0x08001f64                __ltdf2
 .text          0x08002040      0x5cc C:/ST/STM32CubeIDE_1.17.0/STM32CubeIDE/plugins/com.st.stm32cube.ide.mcu.externaltools.gnu-tools-for-stm32.13.3.rel1.win32_1.0.0.202411081344/tools/bin/../lib/gcc/arm-none-eabi/13.3.1/thumb/v6-m/nofp\libgcc.a(muldf3.o)
                0x08002040                __aeabi_dmul
 .text          0x0800260c      0x814 C:/ST/STM32CubeIDE_1.17.0/STM32CubeIDE/plugins/com.st.stm32cube.ide.mcu.externaltools.gnu-tools-for-stm32.13.3.rel1.win32_1.0.0.202411081344/tools/bin/../lib/gcc/arm-none-eabi/13.3.1/thumb/v6-m/nofp\libgcc.a(subdf3.o)
                0x0800260c                __aeabi_dsub
 .text          0x08002e20       0x44 C:/ST/STM32CubeIDE_1.17.0/STM32CubeIDE/plugins/com.st.stm32cube.ide.mcu.externaltools.gnu-tools-for-stm32.13.3.rel1.win32_1.0.0.202411081344/tools/bin/../lib/gcc/arm-none-eabi/13.3.1/thumb/v6-m/nofp\libgcc.a(unorddf2.o)
                0x08002e20                __aeabi_dcmpun
 .text          0x08002e64       0x78 C:/ST/STM32CubeIDE_1.17.0/STM32CubeIDE/plugins/com.st.stm32cube.ide.mcu.externaltools.gnu-tools-for-stm32.13.3.rel1.win32_1.0.0.202411081344/tools/bin/../lib/gcc/arm-none-eabi/13.3.1/thumb/v6-m/nofp\libgcc.a(fixdfsi.o)
                0x08002e64                __aeabi_d2iz
 .text          0x08002edc       0x5c C:/ST/STM32CubeIDE_1.17.0/STM32CubeIDE/plugins/com.st.stm32cube.ide.mcu.externaltools.gnu-tools-for-stm32.13.3.rel1.win32_1.0.0.202411081344/tools/bin/../lib/gcc/arm-none-eabi/13.3.1/thumb/v6-m/nofp\libgcc.a(floatsidf.o)
                0x08002edc                __aeabi_i2d
 .text          0x08002f38       0x48 C:/ST/STM32CubeIDE_1.17.0/STM32CubeIDE/plugins/com.st.stm32cube.ide.mcu.externaltools.gnu-tools-for-stm32.13.3.rel1.win32_1.0.0.202411081344/tools/bin/../lib/gcc/arm-none-eabi/13.3.1/thumb/v6-m/nofp\libgcc.a(floatunsidf.o)
                0x08002f38                __aeabi_ui2d
 .text          0x08002f80       0x90 C:/ST/STM32CubeIDE_1.17.0/STM32CubeIDE/plugins/com.st.stm32cube.ide.mcu.externaltools.gnu-tools-for-stm32.13.3.rel1.win32_1.0.0.202411081344/tools/bin/../lib/gcc/arm-none-eabi/13.3.1/thumb/v6-m/nofp\libgcc.a(extendsfdf2.o)
                0x08002f80                __aeabi_f2d
 .text          0x08003010      0x104 C:/ST/STM32CubeIDE_1.17.0/STM32CubeIDE/plugins/com.st.stm32cube.ide.mcu.externaltools.gnu-tools-for-stm32.13.3.rel1.win32_1.0.0.202411081344/tools/bin/../lib/gcc/arm-none-eabi/13.3.1/thumb/v6-m/nofp\libgcc.a(truncdfsf2.o)
                0x08003010                __aeabi_d2f
 .text          0x08003114       0x3c C:/ST/STM32CubeIDE_1.17.0/STM32CubeIDE/plugins/com.st.stm32cube.ide.mcu.externaltools.gnu-tools-for-stm32.13.3.rel1.win32_1.0.0.202411081344/tools/bin/../lib/gcc/arm-none-eabi/13.3.1/thumb/v6-m/nofp\libgcc.a(_clzsi2.o)
                0x08003114                __clzsi2
 .text          0x08003150       0x18 C:/ST/STM32CubeIDE_1.17.0/STM32CubeIDE/plugins/com.st.stm32cube.ide.mcu.externaltools.gnu-tools-for-stm32.13.3.rel1.win32_1.0.0.202411081344/tools/bin/../lib/gcc/arm-none-eabi/13.3.1/thumb/v6-m/nofp\libgcc.a(_clzdi2.o)
                0x08003150                __clzdi2
 .text          0x08003168      0x1d8 C:/ST/STM32CubeIDE_1.17.0/STM32CubeIDE/plugins/com.st.stm32cube.ide.mcu.externaltools.gnu-tools-for-stm32.13.3.rel1.win32_1.0.0.202411081344/tools/bin/../lib/gcc/arm-none-eabi/13.3.1/thumb/v6-m/nofp\libgcc.a(_divdi3.o)
                0x08003168                __divdi3
 *(.text*)
 .text.__NVIC_SystemReset
                0x08003340       0x24 BOS\BOS.o
 .text.LoadEEvars
                0x08003364       0x26 BOS\BOS.o
                0x08003364                LoadEEvars
 *fill*         0x0800338a        0x2 
 .text.LoadEEportsDir
                0x0800338c       0x68 BOS\BOS.o
                0x0800338c                LoadEEportsDir
 .text.LoadEEalias
                0x080033f4       0xd8 BOS\BOS.o
                0x080033f4                LoadEEalias
 .text.LoadEEgroup
                0x080034cc      0x120 BOS\BOS.o
                0x080034cc                LoadEEgroup
 .text.LoadEEstreams
                0x080035ec      0x228 BOS\BOS.o
                0x080035ec                LoadEEstreams
 .text.LoadEEparams
                0x08003814      0x2e4 BOS\BOS.o
                0x08003814                LoadEEparams
 .text.LoadEEbuttons
                0x08003af8      0x124 BOS\BOS.o
                0x08003af8                LoadEEbuttons
 .text.LoadROsnippets
                0x08003c1c      0x1d8 BOS\BOS.o
                0x08003c1c                LoadROsnippets
 .text.SaveEEportsDir
                0x08003df4       0x78 BOS\BOS.o
                0x08003df4                SaveEEportsDir
 .text.SaveEEalias
                0x08003e6c       0xd0 BOS\BOS.o
                0x08003e6c                SaveEEalias
 .text.SaveEEstreams
                0x08003f3c       0xdc BOS\BOS.o
                0x08003f3c                SaveEEstreams
 .text.SaveEEparams
                0x08004018       0xb8 BOS\BOS.o
                0x08004018                SaveEEparams
 .text.ClearEEportsDir
                0x080040d0       0x84 BOS\BOS.o
                0x080040d0                ClearEEportsDir
 .text.IsLowerCLIbaud
                0x08004154       0xe8 BOS\BOS.o
                0x08004154                IsLowerCLIbaud
 .text.IsModuleParameter
                0x0800423c       0x64 BOS\BOS.o
                0x0800423c                IsModuleParameter
 .text.IsMathOperator
                0x080042a0       0xc4 BOS\BOS.o
                0x080042a0                IsMathOperator
 .text.BOS_Init
                0x08004364      0x190 BOS\BOS.o
                0x08004364                BOS_Init
 .text.Module_Init
                0x080044f4       0x1e BOS\BOS.o
                0x080044f4                Module_Init
 *fill*         0x08004512        0x2 
 .text.FindBroadcastRoutes
                0x08004514      0x39c BOS\BOS.o
                0x08004514                FindBroadcastRoutes
 .text.FindRoute
                0x080048b0      0x2b4 BOS\BOS.o
                0x080048b0                FindRoute
 .text.minArr   0x08004b64       0x88 BOS\BOS.o
                0x08004b64                minArr
 .text.QnotEmpty
                0x08004bec       0x50 BOS\BOS.o
                0x08004bec                QnotEmpty
 .text.DisplayTopology
                0x08004c3c      0x250 BOS\BOS.o
                0x08004c3c                DisplayTopology
 .text.DisplayPortsDir
                0x08004e8c      0x118 BOS\BOS.o
                0x08004e8c                DisplayPortsDir
 .text.DisplayModuleStatus
                0x08004fa4      0x3b4 BOS\BOS.o
                0x08004fa4                DisplayModuleStatus
 .text.GetID    0x08005358      0x160 BOS\BOS.o
                0x08005358                GetID
 .text.NameModule
                0x080054b8      0x140 BOS\BOS.o
                0x080054b8                NameModule
 .text.AddModuleToGroup
                0x080055f8      0x1b8 BOS\BOS.o
                0x080055f8                AddModuleToGroup
 .text.WriteToRemote
                0x080057b0      0x418 BOS\BOS.o
                0x080057b0                WriteToRemote
 .text.GetDateString
                0x08005bc8       0x5c BOS\BOS.o
                0x08005bc8                GetDateString
 .text.Bridge   0x08005c24       0x4c BOS\BOS.o
                0x08005c24                Bridge
 .text.Unbridge
                0x08005c70       0xbc BOS\BOS.o
                0x08005c70                Unbridge
 .text.EncodeValueToBytes
                0x08005d2c       0x84 BOS\BOS.o
                0x08005d2c                EncodeValueToBytes
 .text.DecodeBytesToValue
                0x08005db0       0x84 BOS\BOS.o
                0x08005db0                DecodeBytesToValue
 .text.prvCLITask
                0x08005e34      0x254 BOS\BOS_CLI.o
                0x08005e34                prvCLITask
 .text.CLI_CommandParser
                0x08006088      0x578 BOS\BOS_CLI.o
                0x08006088                CLI_CommandParser
 .text.StringToLowerCase
                0x08006600       0x6c BOS\BOS_CLI.o
                0x08006600                StringToLowerCase
 .text.AddSnippet
                0x0800666c      0x118 BOS\BOS_CLI.o
                0x0800666c                AddSnippet
 .text.ParseSnippetCondition
                0x08006784      0x2e8 BOS\BOS_CLI.o
                0x08006784                ParseSnippetCondition
 .text.CheckSnippetCondition
                0x08006a6c      0x1cc BOS\BOS_CLI.o
                0x08006a6c                CheckSnippetCondition
 .text.ExecuteSnippet
                0x08006c38       0xdc BOS\BOS_CLI.o
                0x08006c38                ExecuteSnippet
 .text.ParseSnippetCommand
                0x08006d14       0xe0 BOS\BOS_CLI.o
                0x08006d14                ParseSnippetCommand
 .text.__NVIC_SystemReset
                0x08006df4       0x24 BOS\BOS_CLIcommands.o
 .text.RegisterUserCLICommands
                0x08006e18        0xa BOS\BOS_CLIcommands.o
                0x08006e18                RegisterUserCLICommands
 *fill*         0x08006e22        0x2 
 .text.vRegisterCLICommands
                0x08006e24      0x190 BOS\BOS_CLIcommands.o
                0x08006e24                vRegisterCLICommands
 .text.prvTaskStatsCommand
                0x08006fb4       0x40 BOS\BOS_CLIcommands.o
 .text.prvRunTimeStatsCommand
                0x08006ff4       0x40 BOS\BOS_CLIcommands.o
 .text.pingCommand
                0x08007034       0x9c BOS\BOS_CLIcommands.o
 .text.bootloaderUpdateCommand
                0x080070d0      0x200 BOS\BOS_CLIcommands.o
 .text.resetCommand
                0x080072d0       0x10 BOS\BOS_CLIcommands.o
 .text.nameCommand
                0x080072e0       0xe8 BOS\BOS_CLIcommands.o
 .text.groupCommand
                0x080073c8      0x2f4 BOS\BOS_CLIcommands.o
 .text.statusCommand
                0x080076bc       0x1c BOS\BOS_CLIcommands.o
 .text.infoCommand
                0x080076d8       0xfc BOS\BOS_CLIcommands.o
 .text.addbuttonCommand
                0x080077d4      0x110 BOS\BOS_CLIcommands.o
 .text.removebuttonCommand
                0x080078e4       0x94 BOS\BOS_CLIcommands.o
 .text.setCommand
                0x08007978      0xbb4 BOS\BOS_CLIcommands.o
 .text.getCommand
                0x0800852c      0x39c BOS\BOS_CLIcommands.o
 .text.defaultCommand
                0x080088c8       0xf4 BOS\BOS_CLIcommands.o
 .text.timeCommand
                0x080089bc       0xd8 BOS\BOS_CLIcommands.o
 .text.dateCommand
                0x08008a94       0x34 BOS\BOS_CLIcommands.o
 .text.setBaudrateCommand
                0x08008ac8       0xc0 BOS\BOS_CLIcommands.o
 .text.uuidCommand
                0x08008b88       0x90 BOS\BOS_CLIcommands.o
 .text.idcodeCommand
                0x08008c18       0x7c BOS\BOS_CLIcommands.o
 .text.flashsizeCommand
                0x08008c94       0x34 BOS\BOS_CLIcommands.o
 .text.snipCommand
                0x08008cc8      0x328 BOS\BOS_CLIcommands.o
 .text.actSnipCommand
                0x08008ff0       0xb8 BOS\BOS_CLIcommands.o
 .text.pauseSnipCommand
                0x080090a8       0xb8 BOS\BOS_CLIcommands.o
 .text.delSnipCommand
                0x08009160      0x1d4 BOS\BOS_CLIcommands.o
 .text.bridgeCommand
                0x08009334      0x11c BOS\BOS_CLIcommands.o
 .text.unbridgeCommand
                0x08009450      0x11c BOS\BOS_CLIcommands.o
 .text.testportCommand
                0x0800956c      0x2d8 BOS\BOS_CLIcommands.o
 .text.ADCReadCommand
                0x08009844      0x114 BOS\BOS_CLIcommands.o
 .text.ReadTempCommand
                0x08009958       0x54 BOS\BOS_CLIcommands.o
 .text.ReadVrefCommand
                0x080099ac       0x54 BOS\BOS_CLIcommands.o
 .text.GetReadPercentageCommand
                0x08009a00      0x108 BOS\BOS_CLIcommands.o
 .text.StartDMAstream
                0x08009b08       0xb0 BOS\BOS_dma.o
                0x08009b08                StartDMAstream
 .text.DMA_IRQHandler
                0x08009bb8      0x118 BOS\BOS_dma.o
                0x08009bb8                DMA_IRQHandler
 .text.ResetUartORE
                0x08009cd0       0x48 BOS\BOS_dma.o
                0x08009cd0                ResetUartORE
 .text.MX_FREERTOS_Init
                0x08009d18      0x214 BOS\BOS_freertos.o
                0x08009d18                MX_FREERTOS_Init
 .text.StartDefaultTask
                0x08009f2c      0x108 BOS\BOS_freertos.o
                0x08009f2c                StartDefaultTask
 .text.vMainConfigureTimerForRunTimeStats
                0x0800a034       0x2c BOS\BOS_freertos.o
                0x0800a034                vMainConfigureTimerForRunTimeStats
 .text.ulMainGetRunTimeCounterValue
                0x0800a060       0x9c BOS\BOS_freertos.o
                0x0800a060                ulMainGetRunTimeCounterValue
 .text.SetupDMAStreams
                0x0800a0fc      0x3c8 BOS\BOS_messaging.o
                0x0800a0fc                SetupDMAStreams
 .text.StreamTimerCallback
                0x0800a4c4       0xa4 BOS\BOS_messaging.o
                0x0800a4c4                StreamTimerCallback
 .text.ForwardReceivedMessage
                0x0800a568       0x84 BOS\BOS_messaging.o
                0x0800a568                ForwardReceivedMessage
 .text.BroadcastReceivedMessage
                0x0800a5ec       0x70 BOS\BOS_messaging.o
                0x0800a5ec                BroadcastReceivedMessage
 .text.NotifyMessagingTask
                0x0800a65c       0x90 BOS\BOS_messaging.o
                0x0800a65c                NotifyMessagingTask
 .text.BroadcastMessage
                0x0800a6ec       0x94 BOS\BOS_messaging.o
                0x0800a6ec                BroadcastMessage
 .text.SendMessageToModule
                0x0800a780       0xa0 BOS\BOS_messaging.o
                0x0800a780                SendMessageToModule
 .text.SendLargeMessageToModule
                0x0800a820      0x104 BOS\BOS_messaging.o
                0x0800a820                SendLargeMessageToModule
 .text.SendMessageFromPort
                0x0800a924      0x4e8 BOS\BOS_messaging.o
                0x0800a924                SendMessageFromPort
 .text.StartScastDMAStream
                0x0800ae0c      0x314 BOS\BOS_messaging.o
                0x0800ae0c                StartScastDMAStream
 .text.__NVIC_SystemReset
                0x0800b120       0x24 BOS\BOS_msgparser.o
 .text.BackEndTask
                0x0800b144      0xbc0 BOS\BOS_msgparser.o
                0x0800b144                BackEndTask
 .text.PxMessagingTask
                0x0800bd04      0x6e4 BOS\BOS_msgparser.o
                0x0800bd04                PxMessagingTask
 .text.User_MessagingParser
                0x0800c3e8       0x3a BOS\BOS_msgparser.o
                0x0800c3e8                User_MessagingParser
 *fill*         0x0800c422        0x2 
 .text.HandlePingCode
                0x0800c424       0x74 BOS\BOS_msgparser.o
 .text.HandlePingResponseCode
                0x0800c498       0xd4 BOS\BOS_msgparser.o
 .text.HandleHiCode
                0x0800c56c      0x110 BOS\BOS_msgparser.o
 .text.HandleHiResponseCode
                0x0800c67c       0xc8 BOS\BOS_msgparser.o
 .text.HandleEthernetDefaultValuesCode
                0x0800c744      0x3e8 BOS\BOS_msgparser.o
 .text.HandlePortDirectionCode
                0x0800cb2c       0xcc BOS\BOS_msgparser.o
 .text.HandleModuleIDCode
                0x0800cbf8       0xec BOS\BOS_msgparser.o
 .text.HandleTopologyCode
                0x0800cce4      0x12c BOS\BOS_msgparser.o
 .text.HandleReadPortDirectionResponseCode
                0x0800ce10       0xd0 BOS\BOS_msgparser.o
 .text.HandleBaudRateCode
                0x0800cee0      0x190 BOS\BOS_msgparser.o
 .text.HandleExploreEEPROMCode
                0x0800d070       0x4c BOS\BOS_msgparser.o
 .text.HandleDefArrayCode
                0x0800d0bc       0x4c BOS\BOS_msgparser.o
 .text.HandleCLICommandCode
                0x0800d108      0x1a8 BOS\BOS_msgparser.o
 .text.HandleCLIResponseCode
                0x0800d2b0      0x114 BOS\BOS_msgparser.o
 .text.HandleUpdateCode
                0x0800d3c4       0x48 BOS\BOS_msgparser.o
 .text.HandleUpdateViaPortCode
                0x0800d40c       0x94 BOS\BOS_msgparser.o
 .text.HandleDMAChannelCode
                0x0800d4a0      0x544 BOS\BOS_msgparser.o
 .text.HandleDMASingleCastStreamCode
                0x0800d9e4      0x14c BOS\BOS_msgparser.o
 .text.HandleReadRemoteCode
                0x0800db30      0x4b4 BOS\BOS_msgparser.o
 .text.HandleReadRemoteResponseCode
                0x0800dfe4      0x35c BOS\BOS_msgparser.o
 .text.HandleWriteRemoteCode
                0x0800e340      0x96c BOS\BOS_msgparser.o
 .text.HandleWriteRemoteResponseCode
                0x0800ecac       0x58 BOS\BOS_msgparser.o
 .text.HandlePortForwardCode
                0x0800ed04       0xa8 BOS\BOS_msgparser.o
 .text.HandleReadADCVauleCode
                0x0800edac       0xcc BOS\BOS_msgparser.o
 .text.HandleReadTempAndVrefCode
                0x0800ee78       0x48 BOS\BOS_msgparser.o
 .text.HandleAckAcceptedCode
                0x0800eec0       0x3c BOS\BOS_msgparser.o
 .text.HandleRejectedCode
                0x0800eefc       0x3c BOS\BOS_msgparser.o
 .text.HandleReadResponseCode
                0x0800ef38      0x5c4 BOS\BOS_msgparser.o
 .text.HandleStopModeUartxCode
                0x0800f4fc       0x74 BOS\BOS_msgparser.o
 .text.HandleEnStandbyModeWakeupPinxCode
                0x0800f570       0x74 BOS\BOS_msgparser.o
 .text.HandleRawDataCode
                0x0800f5e4       0xe4 BOS\BOS_msgparser.o
 .text.HandleDefaultCode
                0x0800f6c8       0xac BOS\BOS_msgparser.o
 .text.SystemClock_Config
                0x0800f774       0xb4 P08R7\P08R7.o
                0x0800f774                SystemClock_Config
 .text.EnableStopModebyUARTx
                0x0800f828       0xb8 P08R7\P08R7.o
                0x0800f828                EnableStopModebyUARTx
 .text.EnableStandbyModebyWakeupPinx
                0x0800f8e0       0x64 P08R7\P08R7.o
                0x0800f8e0                EnableStandbyModebyWakeupPinx
 .text.DisableStandbyModeWakeupPinx
                0x0800f944       0x9c P08R7\P08R7.o
                0x0800f944                DisableStandbyModeWakeupPinx
 .text.SaveTopologyToRO
                0x0800f9e0      0x1bc P08R7\P08R7.o
                0x0800f9e0                SaveTopologyToRO
 .text.SaveSnippetsToRO
                0x0800fb9c      0x1f4 P08R7\P08R7.o
                0x0800fb9c                SaveSnippetsToRO
 .text.RemoteBootloaderUpdate
                0x0800fd90      0x178 P08R7\P08R7.o
                0x0800fd90                RemoteBootloaderUpdate
 .text.SetupPortForRemoteBootloaderUpdate
                0x0800ff08       0x52 P08R7\P08R7.o
                0x0800ff08                SetupPortForRemoteBootloaderUpdate
 *fill*         0x0800ff5a        0x2 
 .text.Module_Peripheral_Init
                0x0800ff5c      0x174 P08R7\P08R7.o
                0x0800ff5c                Module_Peripheral_Init
 .text.Module_MessagingTask
                0x080100d0       0x94 P08R7\P08R7.o
                0x080100d0                Module_MessagingTask
 .text.GetPort  0x08010164       0x6c P08R7\P08R7.o
                0x08010164                GetPort
 .text.RegisterModuleCLICommands
                0x080101d0       0x24 P08R7\P08R7.o
                0x080101d0                RegisterModuleCLICommands
 .text.GetModuleParameter
                0x080101f4       0x6a P08R7\P08R7.o
                0x080101f4                GetModuleParameter
 *fill*         0x0801025e        0x2 
 .text.ToFTask  0x08010260       0xa8 P08R7\P08R7.o
                0x08010260                ToFTask
 .text.Vl53l1xInit
                0x08010308       0x48 P08R7\P08R7.o
                0x08010308                Vl53l1xInit
 .text.StreamTimeCallback
                0x08010350       0xc4 P08R7\P08R7.o
                0x08010350                StreamTimeCallback
 .text.StreamToCLI
                0x08010414      0x178 P08R7\P08R7.o
                0x08010414                StreamToCLI
 .text.SampleDistanceToString
                0x0801058c       0x40 P08R7\P08R7.o
                0x0801058c                SampleDistanceToString
 .text.SampleToTerminal
                0x080105cc       0x6e P08R7\P08R7.o
                0x080105cc                SampleToTerminal
 *fill*         0x0801063a        0x2 
 .text.PollingSleepCLISafe
                0x0801063c      0x108 P08R7\P08R7.o
 .text.SampleTOF
                0x08010744       0x34 P08R7\P08R7.o
                0x08010744                SampleTOF
 .text.SampleToPort
                0x08010778       0xf8 P08R7\P08R7.o
                0x08010778                SampleToPort
 .text.StreamToPort
                0x08010870       0xf0 P08R7\P08R7.o
                0x08010870                StreamToPort
 .text.SampleSensorCommand
                0x08010960       0x94 P08R7\P08R7.o
 .text.StreamCommandParser
                0x080109f4      0x116 P08R7\P08R7.o
 *fill*         0x08010b0a        0x2 
 .text.StreamSensorCommand
                0x08010b0c       0xfc P08R7\P08R7.o
 .text.DMA_Init
                0x08010c08       0x74 P08R7\P08R7_dma.o
                0x08010c08                DMA_Init
 .text.SetupMessagingRxDMAs
                0x08010c7c       0xf4 P08R7\P08R7_dma.o
                0x08010c7c                SetupMessagingRxDMAs
 .text.DMA_MSG_RX_Setup
                0x08010d70       0x68 P08R7\P08R7_dma.o
                0x08010d70                DMA_MSG_RX_Setup
 .text.DMA_STREAM_Setup
                0x08010dd8      0x110 P08R7\P08R7_dma.o
                0x08010dd8                DMA_STREAM_Setup
 .text.StopDMA  0x08010ee8       0x98 P08R7\P08R7_dma.o
                0x08010ee8                StopDMA
 .text.SwitchMsgDMAToStream
                0x08010f80       0x52 P08R7\P08R7_dma.o
                0x08010f80                SwitchMsgDMAToStream
 *fill*         0x08010fd2        0x2 
 .text.SwitchStreamDMAToMsg
                0x08010fd4       0xc8 P08R7\P08R7_dma.o
                0x08010fd4                SwitchStreamDMAToMsg
 .text.CRC_Init
                0x0801109c       0x44 P08R7\P08R7_dma.o
                0x0801109c                CRC_Init
 .text.HAL_CRC_MspInit
                0x080110e0       0x30 P08R7\P08R7_dma.o
                0x080110e0                HAL_CRC_MspInit
 .text.CalculateCRC8
                0x08011110      0x154 P08R7\P08R7_dma.o
                0x08011110                CalculateCRC8
 .text.__NVIC_SystemReset
                0x08011264       0x24 P08R7\P08R7_eeprom.o
 .text.EE_Init  0x08011288       0x56 P08R7\P08R7_eeprom.o
                0x08011288                EE_Init
 .text.EE_ReadVariable
                0x080112de       0x42 P08R7\P08R7_eeprom.o
                0x080112de                EE_ReadVariable
 .text.EE_WriteVariable
                0x08011320       0x72 P08R7\P08R7_eeprom.o
                0x08011320                EE_WriteVariable
 .text.EE_Format
                0x08011392       0x3a P08R7\P08R7_eeprom.o
                0x08011392                EE_Format
 .text.EE_FormatForFactoryReset
                0x080113cc       0x2c P08R7\P08R7_eeprom.o
                0x080113cc                EE_FormatForFactoryReset
 .text.GPIO_Init
                0x080113f8       0x94 P08R7\P08R7_gpio.o
                0x080113f8                GPIO_Init
 .text.IND_LED_Init
                0x0801148c       0x38 P08R7\P08R7_gpio.o
                0x0801148c                IND_LED_Init
 .text.TOF_GPIO_Init
                0x080114c4       0x58 P08R7\P08R7_gpio.o
                0x080114c4                TOF_GPIO_Init
 .text.IsFactoryReset
                0x0801151c      0x15c P08R7\P08R7_gpio.o
                0x0801151c                IsFactoryReset
 .text.GetPortGPIOs
                0x08011678      0x11c P08R7\P08R7_gpio.o
                0x08011678                GetPortGPIOs
 .text.MX_I2C_Init
                0x08011794        0xe P08R7\P08R7_i2c.o
                0x08011794                MX_I2C_Init
 *fill*         0x080117a2        0x2 
 .text.MX_I2C2_Init
                0x080117a4       0x68 P08R7\P08R7_i2c.o
                0x080117a4                MX_I2C2_Init
 .text.HAL_I2C_MspInit
                0x0801180c       0xbc P08R7\P08R7_i2c.o
                0x0801180c                HAL_I2C_MspInit
 .text.MX_ADC_Init
                0x080118c8       0x88 P08R7\P08R7_inputs.o
                0x080118c8                MX_ADC_Init
 .text.HAL_ADC_MspInit
                0x08011950       0xa8 P08R7\P08R7_inputs.o
                0x08011950                HAL_ADC_MspInit
 .text.Error_Handler
                0x080119f8       0x10 P08R7\P08R7_inputs.o
                0x080119f8                Error_Handler
 .text.GetChannel
                0x08011a08       0x84 P08R7\P08R7_inputs.o
                0x08011a08                GetChannel
 .text.GetRank  0x08011a8c       0x80 P08R7\P08R7_inputs.o
                0x08011a8c                GetRank
 .text.CheckAttachedButtons
                0x08011b0c      0x504 P08R7\P08R7_inputs.o
                0x08011b0c                CheckAttachedButtons
 .text.AddPortButton
                0x08012010      0x270 P08R7\P08R7_inputs.o
                0x08012010                AddPortButton
 .text.RemovePortButton
                0x08012280      0x194 P08R7\P08R7_inputs.o
                0x08012280                RemovePortButton
 .text.SetButtonEvents
                0x08012414      0x1b8 P08R7\P08R7_inputs.o
                0x08012414                SetButtonEvents
 .text.ADCSelectPort
                0x080125cc       0x98 P08R7\P08R7_inputs.o
                0x080125cc                ADCSelectPort
 .text.ReadADCChannel
                0x08012664      0x1a0 P08R7\P08R7_inputs.o
                0x08012664                ReadADCChannel
 .text.ReadTempAndVref
                0x08012804      0x1dc P08R7\P08R7_inputs.o
                0x08012804                ReadTempAndVref
 .text.GetReadPercentage
                0x080129e0       0x6c P08R7\P08R7_inputs.o
                0x080129e0                GetReadPercentage
 .text.buttonReleasedCallback
                0x08012a4c       0x14 P08R7\P08R7_inputs.o
                0x08012a4c                buttonReleasedCallback
 .text.buttonClickedCallback
                0x08012a60       0x14 P08R7\P08R7_inputs.o
                0x08012a60                buttonClickedCallback
 .text.buttonDblClickedCallback
                0x08012a74       0x14 P08R7\P08R7_inputs.o
                0x08012a74                buttonDblClickedCallback
 .text.__NVIC_SystemReset
                0x08012a88       0x24 P08R7\P08R7_it.o
 .text.SysTick_Handler
                0x08012aac       0x12 P08R7\P08R7_it.o
                0x08012aac                SysTick_Handler
 *fill*         0x08012abe        0x2 
 .text.HardFault_Handler
                0x08012ac0       0x40 P08R7\P08R7_it.o
                0x08012ac0                HardFault_Handler
 .text.HAL_UARTEx_RxEventCallback
                0x08012b00       0x74 P08R7\P08R7_it.o
                0x08012b00                HAL_UARTEx_RxEventCallback
 .text.USART1_IRQHandler
                0x08012b74       0xac P08R7\P08R7_it.o
                0x08012b74                USART1_IRQHandler
 .text.USART2_LPUART2_IRQHandler
                0x08012c20       0xac P08R7\P08R7_it.o
                0x08012c20                USART2_LPUART2_IRQHandler
 .text.USART3_4_5_6_LPUART1_IRQHandler
                0x08012ccc      0x250 P08R7\P08R7_it.o
                0x08012ccc                USART3_4_5_6_LPUART1_IRQHandler
 .text.DMA1_Channel1_IRQHandler
                0x08012f1c       0x20 P08R7\P08R7_it.o
                0x08012f1c                DMA1_Channel1_IRQHandler
 .text.DMA1_Channel2_3_IRQHandler
                0x08012f3c       0x54 P08R7\P08R7_it.o
                0x08012f3c                DMA1_Channel2_3_IRQHandler
 .text.DMA1_Ch4_7_DMA2_Ch1_5_DMAMUX1_OVR_IRQHandler
                0x08012f90       0x5c P08R7\P08R7_it.o
                0x08012f90                DMA1_Ch4_7_DMA2_Ch1_5_DMAMUX1_OVR_IRQHandler
 .text.HAL_UART_TxCpltCallback
                0x08012fec       0x48 P08R7\P08R7_it.o
                0x08012fec                HAL_UART_TxCpltCallback
 .text.HAL_UART_ErrorCallback
                0x08013034       0xd4 P08R7\P08R7_it.o
                0x08013034                HAL_UART_ErrorCallback
 .text.HAL_UART_RxCpltCallback
                0x08013108       0x10 P08R7\P08R7_it.o
                0x08013108                HAL_UART_RxCpltCallback
 .text.HAL_UARTEx_WakeupCallback
                0x08013118       0x5c P08R7\P08R7_it.o
                0x08013118                HAL_UARTEx_WakeupCallback
 .text.vApplicationStackOverflowHook
                0x08013174       0x44 P08R7\P08R7_it.o
                0x08013174                vApplicationStackOverflowHook
 .text.vApplicationMallocFailedHook
                0x080131b8       0x40 P08R7\P08R7_it.o
                0x080131b8                vApplicationMallocFailedHook
 .text.EXTI0_1_IRQHandler
                0x080131f8       0x10 P08R7\P08R7_it.o
                0x080131f8                EXTI0_1_IRQHandler
 .text.RTC_Init
                0x08013208       0xd8 P08R7\P08R7_rtc.o
                0x08013208                RTC_Init
 .text.RTC_CalendarConfig
                0x080132e0      0x18c P08R7\P08R7_rtc.o
                0x080132e0                RTC_CalendarConfig
 .text.BOS_CalendarConfig
                0x0801346c      0x194 P08R7\P08R7_rtc.o
                0x0801346c                BOS_CalendarConfig
 .text.GetTimeDate
                0x08013600       0x90 P08R7\P08R7_rtc.o
                0x08013600                GetTimeDate
 .text.HAL_RTC_MspInit
                0x08013690       0x74 P08R7\P08R7_rtc.o
                0x08013690                HAL_RTC_MspInit
 .text.HAL_RTC_MspDeInit
                0x08013704       0x44 P08R7\P08R7_rtc.o
                0x08013704                HAL_RTC_MspDeInit
 .text.TIM_USEC_Init
                0x08013748       0x74 P08R7\P08R7_timers.o
                0x08013748                TIM_USEC_Init
 .text.TIM_MSEC_Init
                0x080137bc       0x78 P08R7\P08R7_timers.o
                0x080137bc                TIM_MSEC_Init
 .text.StartMicroDelay
                0x08013834       0x48 P08R7\P08R7_timers.o
                0x08013834                StartMicroDelay
 .text.StartMilliDelay
                0x0801387c       0x48 P08R7\P08R7_timers.o
                0x0801387c                StartMilliDelay
 .text.MX_USART1_UART_Init
                0x080138c4       0x90 P08R7\P08R7_uart.o
                0x080138c4                MX_USART1_UART_Init
 .text.MX_USART2_UART_Init
                0x08013954       0x90 P08R7\P08R7_uart.o
                0x08013954                MX_USART2_UART_Init
 .text.MX_USART3_UART_Init
                0x080139e4       0x90 P08R7\P08R7_uart.o
                0x080139e4                MX_USART3_UART_Init
 .text.MX_USART5_UART_Init
                0x08013a74       0x74 P08R7\P08R7_uart.o
                0x08013a74                MX_USART5_UART_Init
 .text.MX_USART6_UART_Init
                0x08013ae8       0x74 P08R7\P08R7_uart.o
                0x08013ae8                MX_USART6_UART_Init
 .text.HAL_UART_MspInit
                0x08013b5c      0x530 P08R7\P08R7_uart.o
                0x08013b5c                HAL_UART_MspInit
 .text.writePxMutex
                0x0801408c       0xac P08R7\P08R7_uart.o
                0x0801408c                writePxMutex
 .text.writePxITMutex
                0x08014138       0x80 P08R7\P08R7_uart.o
                0x08014138                writePxITMutex
 .text.UpdateBaudrate
                0x080141b8       0x3e P08R7\P08R7_uart.o
                0x080141b8                UpdateBaudrate
 *fill*         0x080141f6        0x2 
 .text.GetUart  0x080141f8       0x54 P08R7\P08R7_uart.o
                0x080141f8                GetUart
 .text.SwapUartPins
                0x0801424c      0x118 P08R7\P08R7_uart.o
                0x0801424c                SwapUartPins
 .text.ReadPortsDir
                0x08014364       0xa8 P08R7\P08R7_uart.o
                0x08014364                ReadPortsDir
 .text.ReadPortsDirMSG
                0x0801440c       0x80 P08R7\P08R7_uart.o
                0x0801440c                ReadPortsDirMSG
 .text.Reset_Handler
                0x0801448c       0x90 P08R7\startup_stm32g0b1ceuxn.o
                0x0801448c                Reset_Handler
 .text.Default_Handler
                0x0801451c        0x2 P08R7\startup_stm32g0b1ceuxn.o
                0x0801451c                I2C2_3_IRQHandler
                0x0801451c                TIM1_CC_IRQHandler
                0x0801451c                ADC1_COMP_IRQHandler
                0x0801451c                NMI_Handler
                0x0801451c                I2C1_IRQHandler
                0x0801451c                TIM7_LPTIM2_IRQHandler
                0x0801451c                TIM17_FDCAN_IT1_IRQHandler
                0x0801451c                RCC_CRS_IRQHandler
                0x0801451c                RTC_TAMP_IRQHandler
                0x0801451c                SPI1_IRQHandler
                0x0801451c                USB_UCPD1_2_IRQHandler
                0x0801451c                EXTI2_3_IRQHandler
                0x0801451c                PVD_VDDIO2_IRQHandler
                0x0801451c                EXTI4_15_IRQHandler
                0x0801451c                Default_Handler
                0x0801451c                CEC_IRQHandler
                0x0801451c                TIM14_IRQHandler
                0x0801451c                TIM15_IRQHandler
                0x0801451c                TIM3_TIM4_IRQHandler
                0x0801451c                SPI2_3_IRQHandler
                0x0801451c                TIM6_DAC_LPTIM1_IRQHandler
                0x0801451c                WWDG_IRQHandler
                0x0801451c                TIM2_IRQHandler
                0x0801451c                FLASH_IRQHandler
                0x0801451c                TIM16_FDCAN_IT0_IRQHandler
                0x0801451c                TIM1_BRK_UP_TRG_COM_IRQHandler
 .text.SystemInit
                0x0801451e        0xa Thirdparty\CMSIS\STM32G0xx\Device\ST\STM32G0xx\Source\Templates\system_stm32g0xx.o
                0x0801451e                SystemInit
 .text.LL_CRC_ResetCRCCalculationUnit
                0x08014528       0x1c Thirdparty\EEPROM_Emul\Core\eeprom_emul.o
 .text.LL_CRC_SetPolynomialSize
                0x08014544       0x24 Thirdparty\EEPROM_Emul\Core\eeprom_emul.o
 .text.LL_CRC_SetPolynomialCoef
                0x08014568       0x18 Thirdparty\EEPROM_Emul\Core\eeprom_emul.o
 .text.LL_CRC_FeedData32
                0x08014580       0x18 Thirdparty\EEPROM_Emul\Core\eeprom_emul.o
 .text.LL_CRC_FeedData16
                0x08014598       0x22 Thirdparty\EEPROM_Emul\Core\eeprom_emul.o
 .text.LL_CRC_ReadData16
                0x080145ba       0x16 Thirdparty\EEPROM_Emul\Core\eeprom_emul.o
 .text.LL_AHB1_GRP1_EnableClock
                0x080145d0       0x2c Thirdparty\EEPROM_Emul\Core\eeprom_emul.o
 .text.EEPROM_Init
                0x080145fc     0x1874 Thirdparty\EEPROM_Emul\Core\eeprom_emul.o
                0x080145fc                EEPROM_Init
 .text.EEPROM_Format
                0x08015e70      0x2a8 Thirdparty\EEPROM_Emul\Core\eeprom_emul.o
                0x08015e70                EEPROM_Format
 .text.EE_ReadVariable16bits
                0x08016118       0x60 Thirdparty\EEPROM_Emul\Core\eeprom_emul.o
                0x08016118                EE_ReadVariable16bits
 .text.EE_WriteVariable16bits
                0x08016178       0x48 Thirdparty\EEPROM_Emul\Core\eeprom_emul.o
                0x08016178                EE_WriteVariable16bits
 .text.EE_CleanUp
                0x080161c0      0x2a4 Thirdparty\EEPROM_Emul\Core\eeprom_emul.o
                0x080161c0                EE_CleanUp
 .text.ReadVariable
                0x08016464      0x340 Thirdparty\EEPROM_Emul\Core\eeprom_emul.o
 .text.WriteVariable
                0x080167a4       0x52 Thirdparty\EEPROM_Emul\Core\eeprom_emul.o
 .text.VerifyPageFullyErased
                0x080167f6       0x4e Thirdparty\EEPROM_Emul\Core\eeprom_emul.o
 .text.FindPage
                0x08016844      0x444 Thirdparty\EEPROM_Emul\Core\eeprom_emul.o
 .text.PagesTransfer
                0x08016c88      0x8ec Thirdparty\EEPROM_Emul\Core\eeprom_emul.o
 .text.VerifyPagesFullWriteVariable
                0x08017574      0x1ac Thirdparty\EEPROM_Emul\Core\eeprom_emul.o
 .text.SetPageState
                0x08017720      0x364 Thirdparty\EEPROM_Emul\Core\eeprom_emul.o
 .text.GetPageState
                0x08017a84       0xa0 Thirdparty\EEPROM_Emul\Core\eeprom_emul.o
 .text.ConfigureCrc
                0x08017b24       0x34 Thirdparty\EEPROM_Emul\Core\eeprom_emul.o
                0x08017b24                ConfigureCrc
 .text.CalculateCrc
                0x08017b58       0x48 Thirdparty\EEPROM_Emul\Core\eeprom_emul.o
                0x08017b58                CalculateCrc
 .text.FI_WriteDoubleWord
                0x08017ba0       0x22 Thirdparty\EEPROM_Emul\Porting\STM32G0\flash_interface.o
                0x08017ba0                FI_WriteDoubleWord
 *fill*         0x08017bc2        0x2 
 .text.FI_PageErase
                0x08017bc4      0x120 Thirdparty\EEPROM_Emul\Porting\STM32G0\flash_interface.o
                0x08017bc4                FI_PageErase
 .text.FI_CacheFlush
                0x08017ce4        0xa Thirdparty\EEPROM_Emul\Porting\STM32G0\flash_interface.o
                0x08017ce4                FI_CacheFlush
 *fill*         0x08017cee        0x2 
 .text.GetBankNumber
                0x08017cf0       0x90 Thirdparty\EEPROM_Emul\Porting\STM32G0\flash_interface.o
 .text.FI_CheckBankConfig
                0x08017d80       0x18 Thirdparty\EEPROM_Emul\Porting\STM32G0\flash_interface.o
                0x08017d80                FI_CheckBankConfig
 .text.inHandlerMode
                0x08017d98       0x1c Thirdparty\Middleware\STM32G0xx\FreeRTOS\Source\CMSIS_RTOS\cmsis_os.o
 .text.osKernelStart
                0x08017db4       0x10 Thirdparty\Middleware\STM32G0xx\FreeRTOS\Source\CMSIS_RTOS\cmsis_os.o
                0x08017db4                osKernelStart
 .text.osDelay  0x08017dc4       0x28 Thirdparty\Middleware\STM32G0xx\FreeRTOS\Source\CMSIS_RTOS\cmsis_os.o
                0x08017dc4                osDelay
 .text.osSemaphoreCreate
                0x08017dec       0x4a Thirdparty\Middleware\STM32G0xx\FreeRTOS\Source\CMSIS_RTOS\cmsis_os.o
                0x08017dec                osSemaphoreCreate
 *fill*         0x08017e36        0x2 
 .text.osSemaphoreWait
                0x08017e38       0x94 Thirdparty\Middleware\STM32G0xx\FreeRTOS\Source\CMSIS_RTOS\cmsis_os.o
                0x08017e38                osSemaphoreWait
 .text.osSemaphoreRelease
                0x08017ecc       0x64 Thirdparty\Middleware\STM32G0xx\FreeRTOS\Source\CMSIS_RTOS\cmsis_os.o
                0x08017ecc                osSemaphoreRelease
 .text.osSystickHandler
                0x08017f30       0x18 Thirdparty\Middleware\STM32G0xx\FreeRTOS\Source\CMSIS_RTOS\cmsis_os.o
                0x08017f30                osSystickHandler
 .text.FreeRTOS_CLIRegisterCommand
                0x08017f48       0x50 Thirdparty\Middleware\STM32G0xx\FreeRTOS\Source\FreeRTOS_CLI.o
                0x08017f48                FreeRTOS_CLIRegisterCommand
 .text.FreeRTOS_CLIProcessCommand
                0x08017f98      0x11c Thirdparty\Middleware\STM32G0xx\FreeRTOS\Source\FreeRTOS_CLI.o
                0x08017f98                FreeRTOS_CLIProcessCommand
 .text.FreeRTOS_CLIGetOutputBuffer
                0x080180b4       0x10 Thirdparty\Middleware\STM32G0xx\FreeRTOS\Source\FreeRTOS_CLI.o
                0x080180b4                FreeRTOS_CLIGetOutputBuffer
 .text.FreeRTOS_CLIGetParameter
                0x080180c4       0xbc Thirdparty\Middleware\STM32G0xx\FreeRTOS\Source\FreeRTOS_CLI.o
                0x080180c4                FreeRTOS_CLIGetParameter
 .text.prvHelpCommand
                0x08018180      0x154 Thirdparty\Middleware\STM32G0xx\FreeRTOS\Source\FreeRTOS_CLI.o
 .text.prvGetNumberOfParameters
                0x080182d4       0x7a Thirdparty\Middleware\STM32G0xx\FreeRTOS\Source\FreeRTOS_CLI.o
 .text.vListInitialise
                0x0801834e       0x3c Thirdparty\Middleware\STM32G0xx\FreeRTOS\Source\list.o
                0x0801834e                vListInitialise
 .text.vListInitialiseItem
                0x0801838a       0x16 Thirdparty\Middleware\STM32G0xx\FreeRTOS\Source\list.o
                0x0801838a                vListInitialiseItem
 .text.vListInsertEnd
                0x080183a0       0x44 Thirdparty\Middleware\STM32G0xx\FreeRTOS\Source\list.o
                0x080183a0                vListInsertEnd
 .text.vListInsert
                0x080183e4       0x6c Thirdparty\Middleware\STM32G0xx\FreeRTOS\Source\list.o
                0x080183e4                vListInsert
 .text.uxListRemove
                0x08018450       0x50 Thirdparty\Middleware\STM32G0xx\FreeRTOS\Source\list.o
                0x08018450                uxListRemove
 .text.pxPortInitialiseStack
                0x080184a0       0x54 Thirdparty\Middleware\STM32G0xx\FreeRTOS\Source\portable\GCC\ARM_CM0\port.o
                0x080184a0                pxPortInitialiseStack
 .text.prvTaskExitError
                0x080184f4       0x1e Thirdparty\Middleware\STM32G0xx\FreeRTOS\Source\portable\GCC\ARM_CM0\port.o
 .text.SVC_Handler
                0x08018512        0xa Thirdparty\Middleware\STM32G0xx\FreeRTOS\Source\portable\GCC\ARM_CM0\port.o
                0x08018512                SVC_Handler
 *fill*         0x0801851c        0x4 
 .text.vPortStartFirstTask
                0x08018520       0x38 Thirdparty\Middleware\STM32G0xx\FreeRTOS\Source\portable\GCC\ARM_CM0\port.o
 .text.xPortStartScheduler
                0x08018558       0x48 Thirdparty\Middleware\STM32G0xx\FreeRTOS\Source\portable\GCC\ARM_CM0\port.o
                0x08018558                xPortStartScheduler
 .text.vPortYield
                0x080185a0       0x20 Thirdparty\Middleware\STM32G0xx\FreeRTOS\Source\portable\GCC\ARM_CM0\port.o
                0x080185a0                vPortYield
 .text.vPortEnterCritical
                0x080185c0       0x24 Thirdparty\Middleware\STM32G0xx\FreeRTOS\Source\portable\GCC\ARM_CM0\port.o
                0x080185c0                vPortEnterCritical
 .text.vPortExitCritical
                0x080185e4       0x24 Thirdparty\Middleware\STM32G0xx\FreeRTOS\Source\portable\GCC\ARM_CM0\port.o
                0x080185e4                vPortExitCritical
 .text.ulSetInterruptMaskFromISR
                0x08018608        0xc Thirdparty\Middleware\STM32G0xx\FreeRTOS\Source\portable\GCC\ARM_CM0\port.o
                0x08018608                ulSetInterruptMaskFromISR
 .text.vClearInterruptMaskFromISR
                0x08018614        0x8 Thirdparty\Middleware\STM32G0xx\FreeRTOS\Source\portable\GCC\ARM_CM0\port.o
                0x08018614                vClearInterruptMaskFromISR
 *fill*         0x0801861c        0x4 
 .text.PendSV_Handler
                0x08018620       0x48 Thirdparty\Middleware\STM32G0xx\FreeRTOS\Source\portable\GCC\ARM_CM0\port.o
                0x08018620                PendSV_Handler
 .text.xPortSysTickHandler
                0x08018668       0x34 Thirdparty\Middleware\STM32G0xx\FreeRTOS\Source\portable\GCC\ARM_CM0\port.o
                0x08018668                xPortSysTickHandler
 .text.vPortSetupTimerInterrupt
                0x0801869c       0x44 Thirdparty\Middleware\STM32G0xx\FreeRTOS\Source\portable\GCC\ARM_CM0\port.o
                0x0801869c                vPortSetupTimerInterrupt
 .text.pvPortMalloc
                0x080186e0      0x140 Thirdparty\Middleware\STM32G0xx\FreeRTOS\Source\portable\MemMang\heap_4.o
                0x080186e0                pvPortMalloc
 .text.vPortFree
                0x08018820       0x80 Thirdparty\Middleware\STM32G0xx\FreeRTOS\Source\portable\MemMang\heap_4.o
                0x08018820                vPortFree
 .text.prvHeapInit
                0x080188a0       0xc0 Thirdparty\Middleware\STM32G0xx\FreeRTOS\Source\portable\MemMang\heap_4.o
 .text.prvInsertBlockIntoFreeList
                0x08018960       0xb0 Thirdparty\Middleware\STM32G0xx\FreeRTOS\Source\portable\MemMang\heap_4.o
 .text.xQueueGenericReset
                0x08018a10       0x9e Thirdparty\Middleware\STM32G0xx\FreeRTOS\Source\queue.o
                0x08018a10                xQueueGenericReset
 .text.xQueueGenericCreate
                0x08018aae       0x52 Thirdparty\Middleware\STM32G0xx\FreeRTOS\Source\queue.o
                0x08018aae                xQueueGenericCreate
 .text.prvInitialiseNewQueue
                0x08018b00       0x4e Thirdparty\Middleware\STM32G0xx\FreeRTOS\Source\queue.o
 .text.xQueueCreateCountingSemaphore
                0x08018b4e       0x30 Thirdparty\Middleware\STM32G0xx\FreeRTOS\Source\queue.o
                0x08018b4e                xQueueCreateCountingSemaphore
 .text.xQueueGenericSend
                0x08018b7e      0x12a Thirdparty\Middleware\STM32G0xx\FreeRTOS\Source\queue.o
                0x08018b7e                xQueueGenericSend
 .text.xQueueGenericSendFromISR
                0x08018ca8       0xa6 Thirdparty\Middleware\STM32G0xx\FreeRTOS\Source\queue.o
                0x08018ca8                xQueueGenericSendFromISR
 .text.xQueueGiveFromISR
                0x08018d4e       0x96 Thirdparty\Middleware\STM32G0xx\FreeRTOS\Source\queue.o
                0x08018d4e                xQueueGiveFromISR
 .text.xQueueReceive
                0x08018de4      0x128 Thirdparty\Middleware\STM32G0xx\FreeRTOS\Source\queue.o
                0x08018de4                xQueueReceive
 .text.xQueueSemaphoreTake
                0x08018f0c      0x178 Thirdparty\Middleware\STM32G0xx\FreeRTOS\Source\queue.o
                0x08018f0c                xQueueSemaphoreTake
 .text.xQueueReceiveFromISR
                0x08019084       0xa0 Thirdparty\Middleware\STM32G0xx\FreeRTOS\Source\queue.o
                0x08019084                xQueueReceiveFromISR
 .text.prvGetDisinheritPriorityAfterTimeout
                0x08019124       0x2c Thirdparty\Middleware\STM32G0xx\FreeRTOS\Source\queue.o
 .text.prvCopyDataToQueue
                0x08019150       0xd6 Thirdparty\Middleware\STM32G0xx\FreeRTOS\Source\queue.o
 .text.prvCopyDataFromQueue
                0x08019226       0x4c Thirdparty\Middleware\STM32G0xx\FreeRTOS\Source\queue.o
 .text.prvUnlockQueue
                0x08019272       0xbc Thirdparty\Middleware\STM32G0xx\FreeRTOS\Source\queue.o
 .text.prvIsQueueEmpty
                0x0801932e       0x2c Thirdparty\Middleware\STM32G0xx\FreeRTOS\Source\queue.o
 .text.prvIsQueueFull
                0x0801935a       0x30 Thirdparty\Middleware\STM32G0xx\FreeRTOS\Source\queue.o
 *fill*         0x0801938a        0x2 
 .text.vQueueAddToRegistry
                0x0801938c       0x50 Thirdparty\Middleware\STM32G0xx\FreeRTOS\Source\queue.o
                0x0801938c                vQueueAddToRegistry
 .text.vQueueWaitForMessageRestricted
                0x080193dc       0x66 Thirdparty\Middleware\STM32G0xx\FreeRTOS\Source\queue.o
                0x080193dc                vQueueWaitForMessageRestricted
 .text.xTaskCreate
                0x08019442       0x90 Thirdparty\Middleware\STM32G0xx\FreeRTOS\Source\tasks.o
                0x08019442                xTaskCreate
 *fill*         0x080194d2        0x2 
 .text.prvInitialiseNewTask
                0x080194d4      0x10c Thirdparty\Middleware\STM32G0xx\FreeRTOS\Source\tasks.o
 .text.prvAddNewTaskToReadyList
                0x080195e0       0xd0 Thirdparty\Middleware\STM32G0xx\FreeRTOS\Source\tasks.o
 .text.vTaskDelay
                0x080196b0       0x3a Thirdparty\Middleware\STM32G0xx\FreeRTOS\Source\tasks.o
                0x080196b0                vTaskDelay
 *fill*         0x080196ea        0x2 
 .text.eTaskGetState
                0x080196ec       0xd0 Thirdparty\Middleware\STM32G0xx\FreeRTOS\Source\tasks.o
                0x080196ec                eTaskGetState
 .text.uxTaskPriorityGet
                0x080197bc       0x34 Thirdparty\Middleware\STM32G0xx\FreeRTOS\Source\tasks.o
                0x080197bc                uxTaskPriorityGet
 .text.vTaskPrioritySet
                0x080197f0      0x110 Thirdparty\Middleware\STM32G0xx\FreeRTOS\Source\tasks.o
                0x080197f0                vTaskPrioritySet
 .text.vTaskStartScheduler
                0x08019900       0x74 Thirdparty\Middleware\STM32G0xx\FreeRTOS\Source\tasks.o
                0x08019900                vTaskStartScheduler
 .text.vTaskSuspendAll
                0x08019974       0x18 Thirdparty\Middleware\STM32G0xx\FreeRTOS\Source\tasks.o
                0x08019974                vTaskSuspendAll
 .text.xTaskResumeAll
                0x0801998c      0x10c Thirdparty\Middleware\STM32G0xx\FreeRTOS\Source\tasks.o
                0x0801998c                xTaskResumeAll
 .text.xTaskGetTickCount
                0x08019a98       0x1c Thirdparty\Middleware\STM32G0xx\FreeRTOS\Source\tasks.o
                0x08019a98                xTaskGetTickCount
 .text.xTaskGetTickCountFromISR
                0x08019ab4       0x20 Thirdparty\Middleware\STM32G0xx\FreeRTOS\Source\tasks.o
                0x08019ab4                xTaskGetTickCountFromISR
 .text.uxTaskGetSystemState
                0x08019ad4      0x120 Thirdparty\Middleware\STM32G0xx\FreeRTOS\Source\tasks.o
                0x08019ad4                uxTaskGetSystemState
 .text.xTaskIncrementTick
                0x08019bf4      0x150 Thirdparty\Middleware\STM32G0xx\FreeRTOS\Source\tasks.o
                0x08019bf4                xTaskIncrementTick
 .text.vTaskSwitchContext
                0x08019d44      0x124 Thirdparty\Middleware\STM32G0xx\FreeRTOS\Source\tasks.o
                0x08019d44                vTaskSwitchContext
 .text.vTaskPlaceOnEventList
                0x08019e68       0x34 Thirdparty\Middleware\STM32G0xx\FreeRTOS\Source\tasks.o
                0x08019e68                vTaskPlaceOnEventList
 .text.vTaskPlaceOnEventListRestricted
                0x08019e9c       0x44 Thirdparty\Middleware\STM32G0xx\FreeRTOS\Source\tasks.o
                0x08019e9c                vTaskPlaceOnEventListRestricted
 .text.xTaskRemoveFromEventList
                0x08019ee0       0xb0 Thirdparty\Middleware\STM32G0xx\FreeRTOS\Source\tasks.o
                0x08019ee0                xTaskRemoveFromEventList
 .text.vTaskInternalSetTimeOutState
                0x08019f90       0x28 Thirdparty\Middleware\STM32G0xx\FreeRTOS\Source\tasks.o
                0x08019f90                vTaskInternalSetTimeOutState
 .text.xTaskCheckForTimeOut
                0x08019fb8       0x8c Thirdparty\Middleware\STM32G0xx\FreeRTOS\Source\tasks.o
                0x08019fb8                xTaskCheckForTimeOut
 .text.vTaskMissedYield
                0x0801a044       0x14 Thirdparty\Middleware\STM32G0xx\FreeRTOS\Source\tasks.o
                0x0801a044                vTaskMissedYield
 .text.prvIdleTask
                0x0801a058       0x20 Thirdparty\Middleware\STM32G0xx\FreeRTOS\Source\tasks.o
 .text.prvInitialiseTaskLists
                0x0801a078       0x88 Thirdparty\Middleware\STM32G0xx\FreeRTOS\Source\tasks.o
 .text.prvCheckTasksWaitingTermination
                0x0801a100       0x5c Thirdparty\Middleware\STM32G0xx\FreeRTOS\Source\tasks.o
 .text.vTaskGetInfo
                0x0801a15c       0xd8 Thirdparty\Middleware\STM32G0xx\FreeRTOS\Source\tasks.o
                0x0801a15c                vTaskGetInfo
 .text.prvListTasksWithinSingleList
                0x0801a234       0xa6 Thirdparty\Middleware\STM32G0xx\FreeRTOS\Source\tasks.o
 .text.prvTaskCheckFreeStackSpace
                0x0801a2da       0x34 Thirdparty\Middleware\STM32G0xx\FreeRTOS\Source\tasks.o
 .text.prvDeleteTCB
                0x0801a30e       0x22 Thirdparty\Middleware\STM32G0xx\FreeRTOS\Source\tasks.o
 .text.prvResetNextTaskUnblockTime
                0x0801a330       0x3c Thirdparty\Middleware\STM32G0xx\FreeRTOS\Source\tasks.o
 .text.xTaskGetSchedulerState
                0x0801a36c       0x38 Thirdparty\Middleware\STM32G0xx\FreeRTOS\Source\tasks.o
                0x0801a36c                xTaskGetSchedulerState
 .text.xTaskPriorityInherit
                0x0801a3a4       0xd0 Thirdparty\Middleware\STM32G0xx\FreeRTOS\Source\tasks.o
                0x0801a3a4                xTaskPriorityInherit
 .text.xTaskPriorityDisinherit
                0x0801a474       0x98 Thirdparty\Middleware\STM32G0xx\FreeRTOS\Source\tasks.o
                0x0801a474                xTaskPriorityDisinherit
 .text.vTaskPriorityDisinheritAfterTimeout
                0x0801a50c       0xc0 Thirdparty\Middleware\STM32G0xx\FreeRTOS\Source\tasks.o
                0x0801a50c                vTaskPriorityDisinheritAfterTimeout
 .text.prvWriteNameToBuffer
                0x0801a5cc       0x52 Thirdparty\Middleware\STM32G0xx\FreeRTOS\Source\tasks.o
 *fill*         0x0801a61e        0x2 
 .text.vTaskList
                0x0801a620      0x14c Thirdparty\Middleware\STM32G0xx\FreeRTOS\Source\tasks.o
                0x0801a620                vTaskList
 .text.vTaskGetRunTimeStats
                0x0801a76c      0x118 Thirdparty\Middleware\STM32G0xx\FreeRTOS\Source\tasks.o
                0x0801a76c                vTaskGetRunTimeStats
 .text.pvTaskIncrementMutexHeldCount
                0x0801a884       0x24 Thirdparty\Middleware\STM32G0xx\FreeRTOS\Source\tasks.o
                0x0801a884                pvTaskIncrementMutexHeldCount
 .text.ulTaskNotifyTake
                0x0801a8a8       0x84 Thirdparty\Middleware\STM32G0xx\FreeRTOS\Source\tasks.o
                0x0801a8a8                ulTaskNotifyTake
 .text.xTaskGenericNotify
                0x0801a92c      0x104 Thirdparty\Middleware\STM32G0xx\FreeRTOS\Source\tasks.o
                0x0801a92c                xTaskGenericNotify
 .text.xTaskGenericNotifyFromISR
                0x0801aa30      0x140 Thirdparty\Middleware\STM32G0xx\FreeRTOS\Source\tasks.o
                0x0801aa30                xTaskGenericNotifyFromISR
 .text.vTaskNotifyGiveFromISR
                0x0801ab70       0xd8 Thirdparty\Middleware\STM32G0xx\FreeRTOS\Source\tasks.o
                0x0801ab70                vTaskNotifyGiveFromISR
 .text.prvAddCurrentTaskToDelayedList
                0x0801ac48       0xa8 Thirdparty\Middleware\STM32G0xx\FreeRTOS\Source\tasks.o
 .text.xTimerCreateTimerTask
                0x0801acf0       0x4c Thirdparty\Middleware\STM32G0xx\FreeRTOS\Source\timers.o
                0x0801acf0                xTimerCreateTimerTask
 .text.xTimerCreate
                0x0801ad3c       0x46 Thirdparty\Middleware\STM32G0xx\FreeRTOS\Source\timers.o
                0x0801ad3c                xTimerCreate
 .text.prvInitialiseNewTimer
                0x0801ad82       0x5a Thirdparty\Middleware\STM32G0xx\FreeRTOS\Source\timers.o
 .text.xTimerGenericCommand
                0x0801addc       0x8c Thirdparty\Middleware\STM32G0xx\FreeRTOS\Source\timers.o
                0x0801addc                xTimerGenericCommand
 .text.prvProcessExpiredTimer
                0x0801ae68       0x80 Thirdparty\Middleware\STM32G0xx\FreeRTOS\Source\timers.o
 .text.prvTimerTask
                0x0801aee8       0x28 Thirdparty\Middleware\STM32G0xx\FreeRTOS\Source\timers.o
 .text.prvProcessTimerOrBlockTask
                0x0801af10       0x90 Thirdparty\Middleware\STM32G0xx\FreeRTOS\Source\timers.o
 .text.prvGetNextExpireTime
                0x0801afa0       0x44 Thirdparty\Middleware\STM32G0xx\FreeRTOS\Source\timers.o
 .text.prvSampleTimeNow
                0x0801afe4       0x40 Thirdparty\Middleware\STM32G0xx\FreeRTOS\Source\timers.o
 .text.prvInsertTimerInActiveList
                0x0801b024       0x84 Thirdparty\Middleware\STM32G0xx\FreeRTOS\Source\timers.o
 .text.prvProcessReceivedCommands
                0x0801b0a8      0x16c Thirdparty\Middleware\STM32G0xx\FreeRTOS\Source\timers.o
 .text.prvSwitchTimerLists
                0x0801b214       0xb0 Thirdparty\Middleware\STM32G0xx\FreeRTOS\Source\timers.o
 .text.prvCheckForValidListAndQueue
                0x0801b2c4       0x74 Thirdparty\Middleware\STM32G0xx\FreeRTOS\Source\timers.o
 .text.xTimerIsTimerActive
                0x0801b338       0x36 Thirdparty\Middleware\STM32G0xx\FreeRTOS\Source\timers.o
                0x0801b338                xTimerIsTimerActive
 *fill*         0x0801b36e        0x2 
 .text.HAL_Init
                0x0801b370       0x40 Thirdparty\STM32G0xx_HAL_Driver\Src\stm32g0xx_hal.o
                0x0801b370                HAL_Init
 .text.HAL_MspInit
                0x0801b3b0        0xa Thirdparty\STM32G0xx_HAL_Driver\Src\stm32g0xx_hal.o
                0x0801b3b0                HAL_MspInit
 *fill*         0x0801b3ba        0x2 
 .text.HAL_InitTick
                0x0801b3bc       0x94 Thirdparty\STM32G0xx_HAL_Driver\Src\stm32g0xx_hal.o
                0x0801b3bc                HAL_InitTick
 .text.HAL_IncTick
                0x0801b450       0x24 Thirdparty\STM32G0xx_HAL_Driver\Src\stm32g0xx_hal.o
                0x0801b450                HAL_IncTick
 .text.HAL_GetTick
                0x0801b474       0x14 Thirdparty\STM32G0xx_HAL_Driver\Src\stm32g0xx_hal.o
                0x0801b474                HAL_GetTick
 .text.HAL_Delay
                0x0801b488       0x48 Thirdparty\STM32G0xx_HAL_Driver\Src\stm32g0xx_hal.o
                0x0801b488                HAL_Delay
 .text.HAL_GetREVID
                0x0801b4d0       0x18 Thirdparty\STM32G0xx_HAL_Driver\Src\stm32g0xx_hal.o
                0x0801b4d0                HAL_GetREVID
 .text.HAL_GetDEVID
                0x0801b4e8       0x18 Thirdparty\STM32G0xx_HAL_Driver\Src\stm32g0xx_hal.o
                0x0801b4e8                HAL_GetDEVID
 .text.LL_ADC_SetCommonPathInternalCh
                0x0801b500       0x28 Thirdparty\STM32G0xx_HAL_Driver\Src\stm32g0xx_hal_adc.o
 .text.LL_ADC_GetCommonPathInternalCh
                0x0801b528       0x1a Thirdparty\STM32G0xx_HAL_Driver\Src\stm32g0xx_hal_adc.o
 .text.LL_ADC_SetSamplingTimeCommonChannels
                0x0801b542       0x3a Thirdparty\STM32G0xx_HAL_Driver\Src\stm32g0xx_hal_adc.o
 .text.LL_ADC_GetSamplingTimeCommonChannels
                0x0801b57c       0x2e Thirdparty\STM32G0xx_HAL_Driver\Src\stm32g0xx_hal_adc.o
 .text.LL_ADC_REG_IsTriggerSourceSWStart
                0x0801b5aa       0x22 Thirdparty\STM32G0xx_HAL_Driver\Src\stm32g0xx_hal_adc.o
 .text.LL_ADC_REG_SetSequencerRanks
                0x0801b5cc       0x40 Thirdparty\STM32G0xx_HAL_Driver\Src\stm32g0xx_hal_adc.o
 .text.LL_ADC_REG_SetSequencerChAdd
                0x0801b60c       0x22 Thirdparty\STM32G0xx_HAL_Driver\Src\stm32g0xx_hal_adc.o
 .text.LL_ADC_REG_SetSequencerChRem
                0x0801b62e       0x24 Thirdparty\STM32G0xx_HAL_Driver\Src\stm32g0xx_hal_adc.o
 *fill*         0x0801b652        0x2 
 .text.LL_ADC_SetChannelSamplingTime
                0x0801b654       0x38 Thirdparty\STM32G0xx_HAL_Driver\Src\stm32g0xx_hal_adc.o
 .text.LL_ADC_EnableInternalRegulator
                0x0801b68c       0x28 Thirdparty\STM32G0xx_HAL_Driver\Src\stm32g0xx_hal_adc.o
 .text.LL_ADC_IsInternalRegulatorEnabled
                0x0801b6b4       0x28 Thirdparty\STM32G0xx_HAL_Driver\Src\stm32g0xx_hal_adc.o
 .text.LL_ADC_Enable
                0x0801b6dc       0x24 Thirdparty\STM32G0xx_HAL_Driver\Src\stm32g0xx_hal_adc.o
 .text.LL_ADC_Disable
                0x0801b700       0x24 Thirdparty\STM32G0xx_HAL_Driver\Src\stm32g0xx_hal_adc.o
 .text.LL_ADC_IsEnabled
                0x0801b724       0x22 Thirdparty\STM32G0xx_HAL_Driver\Src\stm32g0xx_hal_adc.o
 .text.LL_ADC_IsDisableOngoing
                0x0801b746       0x22 Thirdparty\STM32G0xx_HAL_Driver\Src\stm32g0xx_hal_adc.o
 .text.LL_ADC_REG_StartConversion
                0x0801b768       0x24 Thirdparty\STM32G0xx_HAL_Driver\Src\stm32g0xx_hal_adc.o
 .text.LL_ADC_REG_StopConversion
                0x0801b78c       0x24 Thirdparty\STM32G0xx_HAL_Driver\Src\stm32g0xx_hal_adc.o
 .text.LL_ADC_REG_IsConversionOngoing
                0x0801b7b0       0x22 Thirdparty\STM32G0xx_HAL_Driver\Src\stm32g0xx_hal_adc.o
 *fill*         0x0801b7d2        0x2 
 .text.HAL_ADC_Init
                0x0801b7d4      0x350 Thirdparty\STM32G0xx_HAL_Driver\Src\stm32g0xx_hal_adc.o
                0x0801b7d4                HAL_ADC_Init
 .text.HAL_ADC_Start
                0x0801bb24       0x9c Thirdparty\STM32G0xx_HAL_Driver\Src\stm32g0xx_hal_adc.o
                0x0801bb24                HAL_ADC_Start
 .text.HAL_ADC_Stop
                0x0801bbc0       0x78 Thirdparty\STM32G0xx_HAL_Driver\Src\stm32g0xx_hal_adc.o
                0x0801bbc0                HAL_ADC_Stop
 .text.HAL_ADC_PollForConversion
                0x0801bc38      0x128 Thirdparty\STM32G0xx_HAL_Driver\Src\stm32g0xx_hal_adc.o
                0x0801bc38                HAL_ADC_PollForConversion
 .text.HAL_ADC_GetValue
                0x0801bd60       0x16 Thirdparty\STM32G0xx_HAL_Driver\Src\stm32g0xx_hal_adc.o
                0x0801bd60                HAL_ADC_GetValue
 *fill*         0x0801bd76        0x2 
 .text.HAL_ADC_ConfigChannel
                0x0801bd78      0x3b0 Thirdparty\STM32G0xx_HAL_Driver\Src\stm32g0xx_hal_adc.o
                0x0801bd78                HAL_ADC_ConfigChannel
 .text.ADC_ConversionStop
                0x0801c128       0x84 Thirdparty\STM32G0xx_HAL_Driver\Src\stm32g0xx_hal_adc.o
                0x0801c128                ADC_ConversionStop
 .text.ADC_Enable
                0x0801c1ac      0x10c Thirdparty\STM32G0xx_HAL_Driver\Src\stm32g0xx_hal_adc.o
                0x0801c1ac                ADC_Enable
 .text.ADC_Disable
                0x0801c2b8       0xbc Thirdparty\STM32G0xx_HAL_Driver\Src\stm32g0xx_hal_adc.o
                0x0801c2b8                ADC_Disable
 .text.LL_ADC_GetCommonClock
                0x0801c374       0x1a Thirdparty\STM32G0xx_HAL_Driver\Src\stm32g0xx_hal_adc_ex.o
 .text.LL_ADC_GetClock
                0x0801c38e       0x18 Thirdparty\STM32G0xx_HAL_Driver\Src\stm32g0xx_hal_adc_ex.o
 .text.LL_ADC_SetCalibrationFactor
                0x0801c3a6       0x28 Thirdparty\STM32G0xx_HAL_Driver\Src\stm32g0xx_hal_adc_ex.o
 .text.LL_ADC_GetCalibrationFactor
                0x0801c3ce       0x1a Thirdparty\STM32G0xx_HAL_Driver\Src\stm32g0xx_hal_adc_ex.o
 .text.LL_ADC_Enable
                0x0801c3e8       0x24 Thirdparty\STM32G0xx_HAL_Driver\Src\stm32g0xx_hal_adc_ex.o
 .text.LL_ADC_Disable
                0x0801c40c       0x24 Thirdparty\STM32G0xx_HAL_Driver\Src\stm32g0xx_hal_adc_ex.o
 .text.LL_ADC_IsEnabled
                0x0801c430       0x22 Thirdparty\STM32G0xx_HAL_Driver\Src\stm32g0xx_hal_adc_ex.o
 *fill*         0x0801c452        0x2 
 .text.LL_ADC_StartCalibration
                0x0801c454       0x28 Thirdparty\STM32G0xx_HAL_Driver\Src\stm32g0xx_hal_adc_ex.o
 .text.LL_ADC_IsCalibrationOnGoing
                0x0801c47c       0x26 Thirdparty\STM32G0xx_HAL_Driver\Src\stm32g0xx_hal_adc_ex.o
 *fill*         0x0801c4a2        0x2 
 .text.HAL_ADCEx_Calibration_Start
                0x0801c4a4      0x1f8 Thirdparty\STM32G0xx_HAL_Driver\Src\stm32g0xx_hal_adc_ex.o
                0x0801c4a4                HAL_ADCEx_Calibration_Start
 .text.__NVIC_EnableIRQ
                0x0801c69c       0x34 Thirdparty\STM32G0xx_HAL_Driver\Src\stm32g0xx_hal_cortex.o
 .text.__NVIC_SetPriority
                0x0801c6d0       0xdc Thirdparty\STM32G0xx_HAL_Driver\Src\stm32g0xx_hal_cortex.o
 .text.SysTick_Config
                0x0801c7ac       0x48 Thirdparty\STM32G0xx_HAL_Driver\Src\stm32g0xx_hal_cortex.o
 .text.HAL_NVIC_SetPriority
                0x0801c7f4       0x2a Thirdparty\STM32G0xx_HAL_Driver\Src\stm32g0xx_hal_cortex.o
                0x0801c7f4                HAL_NVIC_SetPriority
 .text.HAL_NVIC_EnableIRQ
                0x0801c81e       0x20 Thirdparty\STM32G0xx_HAL_Driver\Src\stm32g0xx_hal_cortex.o
                0x0801c81e                HAL_NVIC_EnableIRQ
 .text.HAL_SYSTICK_Config
                0x0801c83e       0x1a Thirdparty\STM32G0xx_HAL_Driver\Src\stm32g0xx_hal_cortex.o
                0x0801c83e                HAL_SYSTICK_Config
 .text.HAL_CRC_Init
                0x0801c858       0xcc Thirdparty\STM32G0xx_HAL_Driver\Src\stm32g0xx_hal_crc.o
                0x0801c858                HAL_CRC_Init
 .text.HAL_CRC_Accumulate
                0x0801c924       0x8e Thirdparty\STM32G0xx_HAL_Driver\Src\stm32g0xx_hal_crc.o
                0x0801c924                HAL_CRC_Accumulate
 .text.HAL_CRC_Calculate
                0x0801c9b2       0x9e Thirdparty\STM32G0xx_HAL_Driver\Src\stm32g0xx_hal_crc.o
                0x0801c9b2                HAL_CRC_Calculate
 .text.CRC_Handle_8
                0x0801ca50      0x126 Thirdparty\STM32G0xx_HAL_Driver\Src\stm32g0xx_hal_crc.o
 .text.CRC_Handle_16
                0x0801cb76       0x6e Thirdparty\STM32G0xx_HAL_Driver\Src\stm32g0xx_hal_crc.o
 .text.HAL_CRCEx_Polynomial_Set
                0x0801cbe4       0xea Thirdparty\STM32G0xx_HAL_Driver\Src\stm32g0xx_hal_crc_ex.o
                0x0801cbe4                HAL_CRCEx_Polynomial_Set
 *fill*         0x0801ccce        0x2 
 .text.HAL_DMA_Init
                0x0801ccd0      0x158 Thirdparty\STM32G0xx_HAL_Driver\Src\stm32g0xx_hal_dma.o
                0x0801ccd0                HAL_DMA_Init
 .text.HAL_DMA_Start_IT
                0x0801ce28      0x10c Thirdparty\STM32G0xx_HAL_Driver\Src\stm32g0xx_hal_dma.o
                0x0801ce28                HAL_DMA_Start_IT
 .text.HAL_DMA_Abort
                0x0801cf34       0xc0 Thirdparty\STM32G0xx_HAL_Driver\Src\stm32g0xx_hal_dma.o
                0x0801cf34                HAL_DMA_Abort
 .text.HAL_DMA_Abort_IT
                0x0801cff4       0xd0 Thirdparty\STM32G0xx_HAL_Driver\Src\stm32g0xx_hal_dma.o
                0x0801cff4                HAL_DMA_Abort_IT
 .text.HAL_DMA_IRQHandler
                0x0801d0c4      0x188 Thirdparty\STM32G0xx_HAL_Driver\Src\stm32g0xx_hal_dma.o
                0x0801d0c4                HAL_DMA_IRQHandler
 .text.HAL_DMA_GetError
                0x0801d24c       0x14 Thirdparty\STM32G0xx_HAL_Driver\Src\stm32g0xx_hal_dma.o
                0x0801d24c                HAL_DMA_GetError
 .text.DMA_SetConfig
                0x0801d260       0x78 Thirdparty\STM32G0xx_HAL_Driver\Src\stm32g0xx_hal_dma.o
 .text.DMA_CalcDMAMUXChannelBaseAndMask
                0x0801d2d8       0x94 Thirdparty\STM32G0xx_HAL_Driver\Src\stm32g0xx_hal_dma.o
 .text.DMA_CalcDMAMUXRequestGenBaseAndMask
                0x0801d36c       0x48 Thirdparty\STM32G0xx_HAL_Driver\Src\stm32g0xx_hal_dma.o
 .text.HAL_FLASH_Program
                0x0801d3b4       0x9c Thirdparty\STM32G0xx_HAL_Driver\Src\stm32g0xx_hal_flash.o
                0x0801d3b4                HAL_FLASH_Program
 .text.HAL_FLASH_Unlock
                0x0801d450       0x48 Thirdparty\STM32G0xx_HAL_Driver\Src\stm32g0xx_hal_flash.o
                0x0801d450                HAL_FLASH_Unlock
 .text.HAL_FLASH_Lock
                0x0801d498       0x44 Thirdparty\STM32G0xx_HAL_Driver\Src\stm32g0xx_hal_flash.o
                0x0801d498                HAL_FLASH_Lock
 .text.FLASH_WaitForLastOperation
                0x0801d4dc       0x9c Thirdparty\STM32G0xx_HAL_Driver\Src\stm32g0xx_hal_flash.o
                0x0801d4dc                FLASH_WaitForLastOperation
 .text.FLASH_Program_DoubleWord
                0x0801d578       0x40 Thirdparty\STM32G0xx_HAL_Driver\Src\stm32g0xx_hal_flash.o
 .text.HAL_FLASHEx_Erase
                0x0801d5b8       0xe0 Thirdparty\STM32G0xx_HAL_Driver\Src\stm32g0xx_hal_flash_ex.o
                0x0801d5b8                HAL_FLASHEx_Erase
 .text.FLASH_MassErase
                0x0801d698       0x28 Thirdparty\STM32G0xx_HAL_Driver\Src\stm32g0xx_hal_flash_ex.o
 .text.FLASH_PageErase
                0x0801d6c0       0x58 Thirdparty\STM32G0xx_HAL_Driver\Src\stm32g0xx_hal_flash_ex.o
                0x0801d6c0                FLASH_PageErase
 .text.HAL_GPIO_Init
                0x0801d718      0x2d8 Thirdparty\STM32G0xx_HAL_Driver\Src\stm32g0xx_hal_gpio.o
                0x0801d718                HAL_GPIO_Init
 .text.HAL_GPIO_ReadPin
                0x0801d9f0       0x3a Thirdparty\STM32G0xx_HAL_Driver\Src\stm32g0xx_hal_gpio.o
                0x0801d9f0                HAL_GPIO_ReadPin
 .text.HAL_GPIO_WritePin
                0x0801da2a       0x3a Thirdparty\STM32G0xx_HAL_Driver\Src\stm32g0xx_hal_gpio.o
                0x0801da2a                HAL_GPIO_WritePin
 .text.HAL_GPIO_TogglePin
                0x0801da64       0x36 Thirdparty\STM32G0xx_HAL_Driver\Src\stm32g0xx_hal_gpio.o
                0x0801da64                HAL_GPIO_TogglePin
 *fill*         0x0801da9a        0x2 
 .text.HAL_GPIO_EXTI_IRQHandler
                0x0801da9c       0x54 Thirdparty\STM32G0xx_HAL_Driver\Src\stm32g0xx_hal_gpio.o
                0x0801da9c                HAL_GPIO_EXTI_IRQHandler
 .text.HAL_GPIO_EXTI_Rising_Callback
                0x0801daf0       0x14 Thirdparty\STM32G0xx_HAL_Driver\Src\stm32g0xx_hal_gpio.o
                0x0801daf0                HAL_GPIO_EXTI_Rising_Callback
 .text.HAL_GPIO_EXTI_Falling_Callback
                0x0801db04       0x14 Thirdparty\STM32G0xx_HAL_Driver\Src\stm32g0xx_hal_gpio.o
                0x0801db04                HAL_GPIO_EXTI_Falling_Callback
 .text.HAL_I2C_Init
                0x0801db18      0x14c Thirdparty\STM32G0xx_HAL_Driver\Src\stm32g0xx_hal_i2c.o
                0x0801db18                HAL_I2C_Init
 .text.HAL_I2C_Master_Transmit
                0x0801dc64      0x254 Thirdparty\STM32G0xx_HAL_Driver\Src\stm32g0xx_hal_i2c.o
                0x0801dc64                HAL_I2C_Master_Transmit
 .text.HAL_I2C_Master_Receive
                0x0801deb8      0x210 Thirdparty\STM32G0xx_HAL_Driver\Src\stm32g0xx_hal_i2c.o
                0x0801deb8                HAL_I2C_Master_Receive
 .text.I2C_Flush_TXDR
                0x0801e0c8       0x44 Thirdparty\STM32G0xx_HAL_Driver\Src\stm32g0xx_hal_i2c.o
 .text.I2C_WaitOnFlagUntilTimeout
                0x0801e10c       0xb0 Thirdparty\STM32G0xx_HAL_Driver\Src\stm32g0xx_hal_i2c.o
 .text.I2C_WaitOnTXISFlagUntilTimeout
                0x0801e1bc       0x8c Thirdparty\STM32G0xx_HAL_Driver\Src\stm32g0xx_hal_i2c.o
 .text.I2C_WaitOnSTOPFlagUntilTimeout
                0x0801e248       0x86 Thirdparty\STM32G0xx_HAL_Driver\Src\stm32g0xx_hal_i2c.o
 *fill*         0x0801e2ce        0x2 
 .text.I2C_WaitOnRXNEFlagUntilTimeout
                0x0801e2d0      0x13c Thirdparty\STM32G0xx_HAL_Driver\Src\stm32g0xx_hal_i2c.o
 .text.I2C_IsErrorOccurred
                0x0801e40c      0x200 Thirdparty\STM32G0xx_HAL_Driver\Src\stm32g0xx_hal_i2c.o
 .text.I2C_TransferConfig
                0x0801e60c       0x74 Thirdparty\STM32G0xx_HAL_Driver\Src\stm32g0xx_hal_i2c.o
 .text.HAL_I2CEx_ConfigAnalogFilter
                0x0801e680       0x98 Thirdparty\STM32G0xx_HAL_Driver\Src\stm32g0xx_hal_i2c_ex.o
                0x0801e680                HAL_I2CEx_ConfigAnalogFilter
 .text.HAL_I2CEx_ConfigDigitalFilter
                0x0801e718       0x98 Thirdparty\STM32G0xx_HAL_Driver\Src\stm32g0xx_hal_i2c_ex.o
                0x0801e718                HAL_I2CEx_ConfigDigitalFilter
 .text.HAL_PWR_EnableWakeUpPin
                0x0801e7b0       0x40 Thirdparty\STM32G0xx_HAL_Driver\Src\stm32g0xx_hal_pwr.o
                0x0801e7b0                HAL_PWR_EnableWakeUpPin
 .text.HAL_PWR_DisableWakeUpPin
                0x0801e7f0       0x28 Thirdparty\STM32G0xx_HAL_Driver\Src\stm32g0xx_hal_pwr.o
                0x0801e7f0                HAL_PWR_DisableWakeUpPin
 .text.HAL_PWR_EnterSTOPMode
                0x0801e818       0x70 Thirdparty\STM32G0xx_HAL_Driver\Src\stm32g0xx_hal_pwr.o
                0x0801e818                HAL_PWR_EnterSTOPMode
 .text.HAL_PWR_EnterSTANDBYMode
                0x0801e888       0x34 Thirdparty\STM32G0xx_HAL_Driver\Src\stm32g0xx_hal_pwr.o
                0x0801e888                HAL_PWR_EnterSTANDBYMode
 .text.HAL_PWREx_EnableSRAMRetention
                0x0801e8bc       0x1c Thirdparty\STM32G0xx_HAL_Driver\Src\stm32g0xx_hal_pwr_ex.o