Archive member included to satisfy reference by file (symbol)

C:/ST/STM32CubeIDE_1.10.1/STM32CubeIDE/plugins/com.st.stm32cube.ide.mcu.externaltools.gnu-tools-for-stm32.12.3.rel1.win32_1.0.200.202406191623/tools/bin/../lib/gcc/arm-none-eabi/12.3.1/../../../../arm-none-eabi/lib/thumb/v6-m/nofp\libc.a(libc_a-atof.o)
                              BOS\BOS_CLI.o (atof)
C:/ST/STM32CubeIDE_1.10.1/STM32CubeIDE/plugins/com.st.stm32cube.ide.mcu.externaltools.gnu-tools-for-stm32.12.3.rel1.win32_1.0.200.202406191623/tools/bin/../lib/gcc/arm-none-eabi/12.3.1/../../../../arm-none-eabi/lib/thumb/v6-m/nofp\libc.a(libc_a-atoi.o)
                              BOS\BOS_CLI.o (atoi)
C:/ST/STM32CubeIDE_1.10.1/STM32CubeIDE/plugins/com.st.stm32cube.ide.mcu.externaltools.gnu-tools-for-stm32.12.3.rel1.win32_1.0.200.202406191623/tools/bin/../lib/gcc/arm-none-eabi/12.3.1/../../../../arm-none-eabi/lib/thumb/v6-m/nofp\libc.a(libc_a-atol.o)
                              BOS\BOS.o (atol)
C:/ST/STM32CubeIDE_1.10.1/STM32CubeIDE/plugins/com.st.stm32cube.ide.mcu.externaltools.gnu-tools-for-stm32.12.3.rel1.win32_1.0.200.202406191623/tools/bin/../lib/gcc/arm-none-eabi/12.3.1/../../../../arm-none-eabi/lib/thumb/v6-m/nofp\libc.a(libc_a-exit.o)
                              C:/ST/STM32CubeIDE_1.10.1/STM32CubeIDE/plugins/com.st.stm32cube.ide.mcu.externaltools.gnu-tools-for-stm32.12.3.rel1.win32_1.0.200.202406191623/tools/bin/../lib/gcc/arm-none-eabi/12.3.1/../../../../arm-none-eabi/lib/thumb/v6-m/nofp/crt0.o (exit)
C:/ST/STM32CubeIDE_1.10.1/STM32CubeIDE/plugins/com.st.stm32cube.ide.mcu.externaltools.gnu-tools-for-stm32.12.3.rel1.win32_1.0.200.202406191623/tools/bin/../lib/gcc/arm-none-eabi/12.3.1/../../../../arm-none-eabi/lib/thumb/v6-m/nofp\libc.a(libc_a-malloc.o)
                              BOS\BOS.o (malloc)
C:/ST/STM32CubeIDE_1.10.1/STM32CubeIDE/plugins/com.st.stm32cube.ide.mcu.externaltools.gnu-tools-for-stm32.12.3.rel1.win32_1.0.200.202406191623/tools/bin/../lib/gcc/arm-none-eabi/12.3.1/../../../../arm-none-eabi/lib/thumb/v6-m/nofp\libc.a(libc_a-mallocr.o)
                              C:/ST/STM32CubeIDE_1.10.1/STM32CubeIDE/plugins/com.st.stm32cube.ide.mcu.externaltools.gnu-tools-for-stm32.12.3.rel1.win32_1.0.200.202406191623/tools/bin/../lib/gcc/arm-none-eabi/12.3.1/../../../../arm-none-eabi/lib/thumb/v6-m/nofp\libc.a(libc_a-malloc.o) (_malloc_r)
C:/ST/STM32CubeIDE_1.10.1/STM32CubeIDE/plugins/com.st.stm32cube.ide.mcu.externaltools.gnu-tools-for-stm32.12.3.rel1.win32_1.0.200.202406191623/tools/bin/../lib/gcc/arm-none-eabi/12.3.1/../../../../arm-none-eabi/lib/thumb/v6-m/nofp\libc.a(libc_a-mlock.o)
                              C:/ST/STM32CubeIDE_1.10.1/STM32CubeIDE/plugins/com.st.stm32cube.ide.mcu.externaltools.gnu-tools-for-stm32.12.3.rel1.win32_1.0.200.202406191623/tools/bin/../lib/gcc/arm-none-eabi/12.3.1/../../../../arm-none-eabi/lib/thumb/v6-m/nofp\libc.a(libc_a-mallocr.o) (__malloc_lock)
C:/ST/STM32CubeIDE_1.10.1/STM32CubeIDE/plugins/com.st.stm32cube.ide.mcu.externaltools.gnu-tools-for-stm32.12.3.rel1.win32_1.0.200.202406191623/tools/bin/../lib/gcc/arm-none-eabi/12.3.1/../../../../arm-none-eabi/lib/thumb/v6-m/nofp\libc.a(libc_a-rand.o)
                              BOS\BOS_CLIcommands.o (rand)
C:/ST/STM32CubeIDE_1.10.1/STM32CubeIDE/plugins/com.st.stm32cube.ide.mcu.externaltools.gnu-tools-for-stm32.12.3.rel1.win32_1.0.200.202406191623/tools/bin/../lib/gcc/arm-none-eabi/12.3.1/../../../../arm-none-eabi/lib/thumb/v6-m/nofp\libc.a(libc_a-realloc.o)
                              BOS\BOS_CLI.o (realloc)
C:/ST/STM32CubeIDE_1.10.1/STM32CubeIDE/plugins/com.st.stm32cube.ide.mcu.externaltools.gnu-tools-for-stm32.12.3.rel1.win32_1.0.200.202406191623/tools/bin/../lib/gcc/arm-none-eabi/12.3.1/../../../../arm-none-eabi/lib/thumb/v6-m/nofp\libc.a(libc_a-reallocr.o)
                              C:/ST/STM32CubeIDE_1.10.1/STM32CubeIDE/plugins/com.st.stm32cube.ide.mcu.externaltools.gnu-tools-for-stm32.12.3.rel1.win32_1.0.200.202406191623/tools/bin/../lib/gcc/arm-none-eabi/12.3.1/../../../../arm-none-eabi/lib/thumb/v6-m/nofp\libc.a(libc_a-realloc.o) (_realloc_r)
C:/ST/STM32CubeIDE_1.10.1/STM32CubeIDE/plugins/com.st.stm32cube.ide.mcu.externaltools.gnu-tools-for-stm32.12.3.rel1.win32_1.0.200.202406191623/tools/bin/../lib/gcc/arm-none-eabi/12.3.1/../../../../arm-none-eabi/lib/thumb/v6-m/nofp\libc.a(libc_a-strtod.o)
                              C:/ST/STM32CubeIDE_1.10.1/STM32CubeIDE/plugins/com.st.stm32cube.ide.mcu.externaltools.gnu-tools-for-stm32.12.3.rel1.win32_1.0.200.202406191623/tools/bin/../lib/gcc/arm-none-eabi/12.3.1/../../../../arm-none-eabi/lib/thumb/v6-m/nofp\libc.a(libc_a-atof.o) (strtod)
C:/ST/STM32CubeIDE_1.10.1/STM32CubeIDE/plugins/com.st.stm32cube.ide.mcu.externaltools.gnu-tools-for-stm32.12.3.rel1.win32_1.0.200.202406191623/tools/bin/../lib/gcc/arm-none-eabi/12.3.1/../../../../arm-none-eabi/lib/thumb/v6-m/nofp\libc.a(libc_a-strtol.o)
[...]
Memory Configuration

Name             Origin             Length             Attributes
RAM              0x20000000         0x00024000         xrw
FLASH            0x08000000         0x00080000         xr
*default*        0x00000000         0xffffffff

Linker script and memory map

LOAD C:/ST/STM32CubeIDE_1.10.1/STM32CubeIDE/plugins/com.st.stm32cube.ide.mcu.externaltools.gnu-tools-for-stm32.12.3.rel1.win32_1.0.200.202406191623/tools/bin/../lib/gcc/arm-none-eabi/12.3.1/thumb/v6-m/nofp/crti.o
LOAD C:/ST/STM32CubeIDE_1.10.1/STM32CubeIDE/plugins/com.st.stm32cube.ide.mcu.externaltools.gnu-tools-for-stm32.12.3.rel1.win32_1.0.200.202406191623/tools/bin/../lib/gcc/arm-none-eabi/12.3.1/thumb/v6-m/nofp/crtbegin.o
LOAD C:/ST/STM32CubeIDE_1.10.1/STM32CubeIDE/plugins/com.st.stm32cube.ide.mcu.externaltools.gnu-tools-for-stm32.12.3.rel1.win32_1.0.200.202406191623/tools/bin/../lib/gcc/arm-none-eabi/12.3.1/../../../../arm-none-eabi/lib/thumb/v6-m/nofp/crt0.o
LOAD BOS\BOS.o
LOAD BOS\BOS_CLI.o
LOAD BOS\BOS_CLIcommands.o
LOAD BOS\BOS_dma.o
LOAD BOS\BOS_freertos.o
LOAD BOS\BOS_messaging.o
LOAD BOS\BOS_msgparser.o
LOAD P08R7\P08R7.o
LOAD P08R7\P08R7_dma.o
LOAD P08R7\P08R7_eeprom.o
LOAD P08R7\P08R7_gpio.o
LOAD P08R7\P08R7_i2c.o
LOAD P08R7\P08R7_inputs.o
LOAD P08R7\P08R7_it.o
LOAD P08R7\P08R7_rtc.o
LOAD P08R7\P08R7_timers.o
LOAD P08R7\P08R7_uart.o
LOAD P08R7\startup_stm32g0b1ceuxn.o
LOAD Thirdparty\CMSIS\STM32G0xx\Device\ST\STM32G0xx\Source\Templates\system_stm32g0xx.o
LOAD Thirdparty\Middleware\STM32G0xx\FreeRTOS\Source\CMSIS_RTOS\cmsis_os.o
LOAD Thirdparty\Middleware\STM32G0xx\FreeRTOS\Source\FreeRTOS_CLI.o
LOAD Thirdparty\Middleware\STM32G0xx\FreeRTOS\Source\croutine.o
LOAD Thirdparty\Middleware\STM32G0xx\FreeRTOS\Source\event_groups.o
LOAD Thirdparty\Middleware\STM32G0xx\FreeRTOS\Source\list.o
LOAD Thirdparty\Middleware\STM32G0xx\FreeRTOS\Source\portable\GCC\ARM_CM0\port.o
LOAD Thirdparty\Middleware\STM32G0xx\FreeRTOS\Source\portable\MemMang\heap_4.o
LOAD Thirdparty\Middleware\STM32G0xx\FreeRTOS\Source\queue.o
LOAD Thirdparty\Middleware\STM32G0xx\FreeRTOS\Source\stream_buffer.o
LOAD Thirdparty\Middleware\STM32G0xx\FreeRTOS\Source\tasks.o
LOAD Thirdparty\Middleware\STM32G0xx\FreeRTOS\Source\timers.o
LOAD Thirdparty\STM32G0xx_HAL_Driver\Src\stm32g0xx_hal.o
LOAD Thirdparty\STM32G0xx_HAL_Driver\Src\stm32g0xx_hal_adc.o
LOAD Thirdparty\STM32G0xx_HAL_Driver\Src\stm32g0xx_hal_adc_ex.o
LOAD Thirdparty\STM32G0xx_HAL_Driver\Src\stm32g0xx_hal_cec.o
LOAD Thirdparty\STM32G0xx_HAL_Driver\Src\stm32g0xx_hal_comp.o
LOAD Thirdparty\STM32G0xx_HAL_Driver\Src\stm32g0xx_hal_cortex.o
LOAD Thirdparty\STM32G0xx_HAL_Driver\Src\stm32g0xx_hal_crc.o
LOAD Thirdparty\STM32G0xx_HAL_Driver\Src\stm32g0xx_hal_crc_ex.o
LOAD Thirdparty\STM32G0xx_HAL_Driver\Src\stm32g0xx_hal_cryp.o
LOAD Thirdparty\STM32G0xx_HAL_Driver\Src\stm32g0xx_hal_cryp_ex.o
LOAD Thirdparty\STM32G0xx_HAL_Driver\Src\stm32g0xx_hal_dac.o
LOAD Thirdparty\STM32G0xx_HAL_Driver\Src\stm32g0xx_hal_dac_ex.o
LOAD Thirdparty\STM32G0xx_HAL_Driver\Src\stm32g0xx_hal_dma.o
LOAD Thirdparty\STM32G0xx_HAL_Driver\Src\stm32g0xx_hal_dma_ex.o
LOAD Thirdparty\STM32G0xx_HAL_Driver\Src\stm32g0xx_hal_exti.o
LOAD Thirdparty\STM32G0xx_HAL_Driver\Src\stm32g0xx_hal_fdcan.o
LOAD Thirdparty\STM32G0xx_HAL_Driver\Src\stm32g0xx_hal_flash.o
LOAD Thirdparty\STM32G0xx_HAL_Driver\Src\stm32g0xx_hal_flash_ex.o
LOAD Thirdparty\STM32G0xx_HAL_Driver\Src\stm32g0xx_hal_gpio.o
LOAD Thirdparty\STM32G0xx_HAL_Driver\Src\stm32g0xx_hal_hcd.o
LOAD Thirdparty\STM32G0xx_HAL_Driver\Src\stm32g0xx_hal_i2c.o
LOAD Thirdparty\STM32G0xx_HAL_Driver\Src\stm32g0xx_hal_i2c_ex.o
LOAD Thirdparty\STM32G0xx_HAL_Driver\Src\stm32g0xx_hal_i2s.o
LOAD Thirdparty\STM32G0xx_HAL_Driver\Src\stm32g0xx_hal_irda.o
LOAD Thirdparty\STM32G0xx_HAL_Driver\Src\stm32g0xx_hal_iwdg.o
LOAD Thirdparty\STM32G0xx_HAL_Driver\Src\stm32g0xx_hal_lptim.o
LOAD Thirdparty\STM32G0xx_HAL_Driver\Src\stm32g0xx_hal_msp_template.o
LOAD Thirdparty\STM32G0xx_HAL_Driver\Src\stm32g0xx_hal_pcd.o
LOAD Thirdparty\STM32G0xx_HAL_Driver\Src\stm32g0xx_hal_pcd_ex.o
LOAD Thirdparty\STM32G0xx_HAL_Driver\Src\stm32g0xx_hal_pwr.o
LOAD Thirdparty\STM32G0xx_HAL_Driver\Src\stm32g0xx_hal_pwr_ex.o
LOAD Thirdparty\STM32G0xx_HAL_Driver\Src\stm32g0xx_hal_rcc.o
LOAD Thirdparty\STM32G0xx_HAL_Driver\Src\stm32g0xx_hal_rcc_ex.o
LOAD Thirdparty\STM32G0xx_HAL_Driver\Src\stm32g0xx_hal_rng.o
LOAD Thirdparty\STM32G0xx_HAL_Driver\Src\stm32g0xx_hal_rtc.o
LOAD Thirdparty\STM32G0xx_HAL_Driver\Src\stm32g0xx_hal_rtc_ex.o
LOAD Thirdparty\STM32G0xx_HAL_Driver\Src\stm32g0xx_hal_smartcard.o
LOAD Thirdparty\STM32G0xx_HAL_Driver\Src\stm32g0xx_hal_smartcard_ex.o
LOAD Thirdparty\STM32G0xx_HAL_Driver\Src\stm32g0xx_hal_smbus.o
LOAD Thirdparty\STM32G0xx_HAL_Driver\Src\stm32g0xx_hal_smbus_ex.o
LOAD Thirdparty\STM32G0xx_HAL_Driver\Src\stm32g0xx_hal_spi.o
LOAD Thirdparty\STM32G0xx_HAL_Driver\Src\stm32g0xx_hal_spi_ex.o
LOAD Thirdparty\STM32G0xx_HAL_Driver\Src\stm32g0xx_hal_tim.o
LOAD Thirdparty\STM32G0xx_HAL_Driver\Src\stm32g0xx_hal_tim_ex.o
LOAD Thirdparty\STM32G0xx_HAL_Driver\Src\stm32g0xx_hal_uart.o
LOAD Thirdparty\STM32G0xx_HAL_Driver\Src\stm32g0xx_hal_uart_ex.o
LOAD Thirdparty\STM32G0xx_HAL_Driver\Src\stm32g0xx_hal_usart.o
LOAD Thirdparty\STM32G0xx_HAL_Driver\Src\stm32g0xx_hal_usart_ex.o
LOAD Thirdparty\STM32G0xx_HAL_Driver\Src\stm32g0xx_hal_wwdg.o
LOAD Thirdparty\STM32G0xx_HAL_Driver\Src\stm32g0xx_ll_adc.o
LOAD Thirdparty\STM32G0xx_HAL_Driver\Src\stm32g0xx_ll_comp.o
LOAD Thirdparty\STM32G0xx_HAL_Driver\Src\stm32g0xx_ll_crc.o
LOAD Thirdparty\STM32G0xx_HAL_Driver\Src\stm32g0xx_ll_crs.o
LOAD Thirdparty\STM32G0xx_HAL_Driver\Src\stm32g0xx_ll_dac.o
LOAD Thirdparty\STM32G0xx_HAL_Driver\Src\stm32g0xx_ll_dma.o
LOAD Thirdparty\STM32G0xx_HAL_Driver\Src\stm32g0xx_ll_exti.o
LOAD Thirdparty\STM32G0xx_HAL_Driver\Src\stm32g0xx_ll_gpio.o
LOAD Thirdparty\STM32G0xx_HAL_Driver\Src\stm32g0xx_ll_i2c.o
LOAD Thirdparty\STM32G0xx_HAL_Driver\Src\stm32g0xx_ll_lptim.o
LOAD Thirdparty\STM32G0xx_HAL_Driver\Src\stm32g0xx_ll_lpuart.o
LOAD Thirdparty\STM32G0xx_HAL_Driver\Src\stm32g0xx_ll_pwr.o
LOAD Thirdparty\STM32G0xx_HAL_Driver\Src\stm32g0xx_ll_rcc.o
LOAD Thirdparty\STM32G0xx_HAL_Driver\Src\stm32g0xx_ll_rng.o
LOAD Thirdparty\STM32G0xx_HAL_Driver\Src\stm32g0xx_ll_rtc.o
LOAD Thirdparty\STM32G0xx_HAL_Driver\Src\stm32g0xx_ll_spi.o
LOAD Thirdparty\STM32G0xx_HAL_Driver\Src\stm32g0xx_ll_tim.o
LOAD Thirdparty\STM32G0xx_HAL_Driver\Src\stm32g0xx_ll_ucpd.o
LOAD Thirdparty\STM32G0xx_HAL_Driver\Src\stm32g0xx_ll_usart.o
LOAD Thirdparty\STM32G0xx_HAL_Driver\Src\stm32g0xx_ll_usb.o
LOAD Thirdparty\STM32G0xx_HAL_Driver\Src\stm32g0xx_ll_utils.o
LOAD Thirdparty\VL53L1\Application_VL53L1.o
LOAD Thirdparty\VL53L1\vl53l1_Driver\Src\vl53l1_platform.o
LOAD Thirdparty\VL53L1\vl53l1_Driver\Src\vl53l1_platform_init.o
LOAD Thirdparty\VL53L1\vl53l1_Driver\Src\vl53l1_platform_ipp.o
LOAD Thirdparty\VL53L1\vl53l1_Driver\Src\vl53l1_platform_log.o
LOAD Thirdparty\VL53L1\vl53l1_Driver\vl53l1\vl53l1_api.o
LOAD Thirdparty\VL53L1\vl53l1_Driver\vl53l1\vl53l1_api_calibration.o
LOAD Thirdparty\VL53L1\vl53l1_Driver\vl53l1\vl53l1_api_core.o
LOAD Thirdparty\VL53L1\vl53l1_Driver\vl53l1\vl53l1_api_debug.o
LOAD Thirdparty\VL53L1\vl53l1_Driver\vl53l1\vl53l1_api_preset_modes.o
LOAD Thirdparty\VL53L1\vl53l1_Driver\vl53l1\vl53l1_api_strings.o
LOAD Thirdparty\VL53L1\vl53l1_Driver\vl53l1\vl53l1_core.o
LOAD Thirdparty\VL53L1\vl53l1_Driver\vl53l1\vl53l1_core_support.o
LOAD Thirdparty\VL53L1\vl53l1_Driver\vl53l1\vl53l1_dmax.o
LOAD Thirdparty\VL53L1\vl53l1_Driver\vl53l1\vl53l1_error_strings.o
LOAD Thirdparty\VL53L1\vl53l1_Driver\vl53l1\vl53l1_hist_algos_gen3.o
LOAD Thirdparty\VL53L1\vl53l1_Driver\vl53l1\vl53l1_hist_algos_gen4.o
LOAD Thirdparty\VL53L1\vl53l1_Driver\vl53l1\vl53l1_hist_char.o
LOAD Thirdparty\VL53L1\vl53l1_Driver\vl53l1\vl53l1_hist_core.o
LOAD Thirdparty\VL53L1\vl53l1_Driver\vl53l1\vl53l1_hist_funcs.o
LOAD Thirdparty\VL53L1\vl53l1_Driver\vl53l1\vl53l1_nvm.o
LOAD Thirdparty\VL53L1\vl53l1_Driver\vl53l1\vl53l1_nvm_debug.o
LOAD Thirdparty\VL53L1\vl53l1_Driver\vl53l1\vl53l1_register_funcs.o
LOAD Thirdparty\VL53L1\vl53l1_Driver\vl53l1\vl53l1_sigma_estimate.o
LOAD Thirdparty\VL53L1\vl53l1_Driver\vl53l1\vl53l1_silicon_core.o
LOAD Thirdparty\VL53L1\vl53l1_Driver\vl53l1\vl53l1_wait.o
LOAD Thirdparty\VL53L1\vl53l1_Driver\vl53l1\vl53l1_xtalk.o
LOAD Thirdparty\VL53L1\vl53l1_Driver\vl53l1\vl53l1_zone_presets.o
LOAD User\main.o
START GROUP
LOAD C:/ST/STM32CubeIDE_1.10.1/STM32CubeIDE/plugins/com.st.stm32cube.ide.mcu.externaltools.gnu-tools-for-stm32.12.3.rel1.win32_1.0.200.202406191623/tools/bin/../lib/gcc/arm-none-eabi/12.3.1/../../../../arm-none-eabi/lib/thumb/v6-m/nofp\libc.a
LOAD C:/ST/STM32CubeIDE_1.10.1/STM32CubeIDE/plugins/com.st.stm32cube.ide.mcu.externaltools.gnu-tools-for-stm32.12.3.rel1.win32_1.0.200.202406191623/tools/bin/../lib/gcc/arm-none-eabi/12.3.1/../../../../arm-none-eabi/lib/thumb/v6-m/nofp\libm.a
END GROUP
START GROUP
LOAD C:/ST/STM32CubeIDE_1.10.1/STM32CubeIDE/plugins/com.st.stm32cube.ide.mcu.externaltools.gnu-tools-for-stm32.12.3.rel1.win32_1.0.200.202406191623/tools/bin/../lib/gcc/arm-none-eabi/12.3.1/thumb/v6-m/nofp\libgcc.a
LOAD C:/ST/STM32CubeIDE_1.10.1/STM32CubeIDE/plugins/com.st.stm32cube.ide.mcu.externaltools.gnu-tools-for-stm32.12.3.rel1.win32_1.0.200.202406191623/tools/bin/../lib/gcc/arm-none-eabi/12.3.1/../../../../arm-none-eabi/lib/thumb/v6-m/nofp\libc.a
END GROUP
START GROUP
LOAD C:/ST/STM32CubeIDE_1.10.1/STM32CubeIDE/plugins/com.st.stm32cube.ide.mcu.externaltools.gnu-tools-for-stm32.12.3.rel1.win32_1.0.200.202406191623/tools/bin/../lib/gcc/arm-none-eabi/12.3.1/thumb/v6-m/nofp\libgcc.a
LOAD C:/ST/STM32CubeIDE_1.10.1/STM32CubeIDE/plugins/com.st.stm32cube.ide.mcu.externaltools.gnu-tools-for-stm32.12.3.rel1.win32_1.0.200.202406191623/tools/bin/../lib/gcc/arm-none-eabi/12.3.1/../../../../arm-none-eabi/lib/thumb/v6-m/nofp\libc.a
LOAD C:/ST/STM32CubeIDE_1.10.1/STM32CubeIDE/plugins/com.st.stm32cube.ide.mcu.externaltools.gnu-tools-for-stm32.12.3.rel1.win32_1.0.200.202406191623/tools/bin/../lib/gcc/arm-none-eabi/12.3.1/../../../../arm-none-eabi/lib/thumb/v6-m/nofp\libnosys.a
END GROUP
LOAD C:/ST/STM32CubeIDE_1.10.1/STM32CubeIDE/plugins/com.st.stm32cube.ide.mcu.externaltools.gnu-tools-for-stm32.12.3.rel1.win32_1.0.200.202406191623/tools/bin/../lib/gcc/arm-none-eabi/12.3.1/thumb/v6-m/nofp/crtend.o
LOAD C:/ST/STM32CubeIDE_1.10.1/STM32CubeIDE/plugins/com.st.stm32cube.ide.mcu.externaltools.gnu-tools-for-stm32.12.3.rel1.win32_1.0.200.202406191623/tools/bin/../lib/gcc/arm-none-eabi/12.3.1/thumb/v6-m/nofp/crtn.o
                0x20024000                        _estack = (ORIGIN (RAM) + LENGTH (RAM))
                0x00000200                        _Min_Heap_Size = 0x200
                0x00000400                        _Min_Stack_Size = 0x400

.isr_vector     0x08000000       0xbc
                0x08000000                        . = ALIGN (0x4)
 *(.isr_vector)
 .isr_vector    0x08000000       0xbc P08R7\startup_stm32g0b1ceuxn.o
                0x08000000                g_pfnVectors
                0x080000bc                        . = ALIGN (0x4)

.text           0x080000c0    0x403c0
                0x080000c0                        . = ALIGN (0x4)
 *(.text)
 .text          0x080000c0       0x48 C:/ST/STM32CubeIDE_1.10.1/STM32CubeIDE/plugins/com.st.stm32cube.ide.mcu.externaltools.gnu-tools-for-stm32.12.3.rel1.win32_1.0.200.202406191623/tools/bin/../lib/gcc/arm-none-eabi/12.3.1/thumb/v6-m/nofp/crtbegin.o
 .text          0x08000108       0x14 C:/ST/STM32CubeIDE_1.10.1/STM32CubeIDE/plugins/com.st.stm32cube.ide.mcu.externaltools.gnu-tools-for-stm32.12.3.rel1.win32_1.0.200.202406191623/tools/bin/../lib/gcc/arm-none-eabi/12.3.1/../../../../arm-none-eabi/lib/thumb/v6-m/nofp\libc.a(libc_a-strcmp.o)
                0x08000108                strcmp
 .text          0x0800011c        0xe C:/ST/STM32CubeIDE_1.10.1/STM32CubeIDE/plugins/com.st.stm32cube.ide.mcu.externaltools.gnu-tools-for-stm32.12.3.rel1.win32_1.0.200.202406191623/tools/bin/../lib/gcc/arm-none-eabi/12.3.1/../../../../arm-none-eabi/lib/thumb/v6-m/nofp\libc.a(libc_a-strlen.o)
                0x0800011c                strlen
 *fill*         0x0800012a        0x2 
 .text          0x0800012c       0x14 C:/ST/STM32CubeIDE_1.10.1/STM32CubeIDE/plugins/com.st.stm32cube.ide.mcu.externaltools.gnu-tools-for-stm32.12.3.rel1.win32_1.0.200.202406191623/tools/bin/../lib/gcc/arm-none-eabi/12.3.1/thumb/v6-m/nofp\libgcc.a(_thumb1_case_uqi.o)
                0x0800012c                __gnu_thumb1_case_uqi
 .text          0x08000140       0x14 C:/ST/STM32CubeIDE_1.10.1/STM32CubeIDE/plugins/com.st.stm32cube.ide.mcu.externaltools.gnu-tools-for-stm32.12.3.rel1.win32_1.0.200.202406191623/tools/bin/../lib/gcc/arm-none-eabi/12.3.1/thumb/v6-m/nofp\libgcc.a(_thumb1_case_uhi.o)
                0x08000140                __gnu_thumb1_case_uhi
 .text          0x08000154      0x114 C:/ST/STM32CubeIDE_1.10.1/STM32CubeIDE/plugins/com.st.stm32cube.ide.mcu.externaltools.gnu-tools-for-stm32.12.3.rel1.win32_1.0.200.202406191623/tools/bin/../lib/gcc/arm-none-eabi/12.3.1/thumb/v6-m/nofp\libgcc.a(_udivsi3.o)
                0x08000154                __aeabi_uidiv
                0x08000154                __udivsi3
                0x08000260                __aeabi_uidivmod
 .text          0x08000268      0x1d4 C:/ST/STM32CubeIDE_1.10.1/STM32CubeIDE/plugins/com.st.stm32cube.ide.mcu.externaltools.gnu-tools-for-stm32.12.3.rel1.win32_1.0.200.202406191623/tools/bin/../lib/gcc/arm-none-eabi/12.3.1/thumb/v6-m/nofp\libgcc.a(_divsi3.o)
                0x08000268                __divsi3
                0x08000268                __aeabi_idiv
                0x08000434                __aeabi_idivmod
 .text          0x0800043c        0x4 C:/ST/STM32CubeIDE_1.10.1/STM32CubeIDE/plugins/com.st.stm32cube.ide.mcu.externaltools.gnu-tools-for-stm32.12.3.rel1.win32_1.0.200.202406191623/tools/bin/../lib/gcc/arm-none-eabi/12.3.1/thumb/v6-m/nofp\libgcc.a(_dvmd_tls.o)
                0x0800043c                __aeabi_idiv0
                0x0800043c                __aeabi_ldiv0
 .text          0x08000440       0x7c C:/ST/STM32CubeIDE_1.10.1/STM32CubeIDE/plugins/com.st.stm32cube.ide.mcu.externaltools.gnu-tools-for-stm32.12.3.rel1.win32_1.0.200.202406191623/tools/bin/../lib/gcc/arm-none-eabi/12.3.1/thumb/v6-m/nofp\libgcc.a(_arm_cmpdf2.o)
                0x08000440                __aeabi_cdrcmple
                0x08000450                __aeabi_cdcmple
                0x08000450                __aeabi_cdcmpeq
                0x08000460                __aeabi_dcmpeq
                0x0800046c                __aeabi_dcmplt
                0x08000480                __aeabi_dcmple
                0x08000494                __aeabi_dcmpgt
                0x080004a8                __aeabi_dcmpge
 .text          0x080004bc       0x74 C:/ST/STM32CubeIDE_1.10.1/STM32CubeIDE/plugins/com.st.stm32cube.ide.mcu.externaltools.gnu-tools-for-stm32.12.3.rel1.win32_1.0.200.202406191623/tools/bin/../lib/gcc/arm-none-eabi/12.3.1/thumb/v6-m/nofp\libgcc.a(_arm_cmpsf2.o)
                0x080004bc                __aeabi_cfrcmple
                0x080004c4                __aeabi_cfcmpeq
                0x080004c4                __aeabi_cfcmple
                0x080004d4                __aeabi_fcmpeq
                0x080004e0                __aeabi_fcmplt
                0x080004f4                __aeabi_fcmple
                0x08000508                __aeabi_fcmpgt
                0x0800051c                __aeabi_fcmpge
 .text          0x08000530       0x14 C:/ST/STM32CubeIDE_1.10.1/STM32CubeIDE/plugins/com.st.stm32cube.ide.mcu.externaltools.gnu-tools-for-stm32.12.3.rel1.win32_1.0.200.202406191623/tools/bin/../lib/gcc/arm-none-eabi/12.3.1/thumb/v6-m/nofp\libgcc.a(_aeabi_ulcmp.o)
                0x08000530                __aeabi_ulcmp
 .text          0x08000544       0x48 C:/ST/STM32CubeIDE_1.10.1/STM32CubeIDE/plugins/com.st.stm32cube.ide.mcu.externaltools.gnu-tools-for-stm32.12.3.rel1.win32_1.0.200.202406191623/tools/bin/../lib/gcc/arm-none-eabi/12.3.1/thumb/v6-m/nofp\libgcc.a(_aeabi_ldivmod.o)
                0x08000544                __aeabi_ldivmod
 .text          0x0800058c       0x40 C:/ST/STM32CubeIDE_1.10.1/STM32CubeIDE/plugins/com.st.stm32cube.ide.mcu.externaltools.gnu-tools-for-stm32.12.3.rel1.win32_1.0.200.202406191623/tools/bin/../lib/gcc/arm-none-eabi/12.3.1/thumb/v6-m/nofp\libgcc.a(_aeabi_uldivmod.o)
                0x0800058c                __aeabi_uldivmod
 .text          0x080005cc       0x5c C:/ST/STM32CubeIDE_1.10.1/STM32CubeIDE/plugins/com.st.stm32cube.ide.mcu.externaltools.gnu-tools-for-stm32.12.3.rel1.win32_1.0.200.202406191623/tools/bin/../lib/gcc/arm-none-eabi/12.3.1/thumb/v6-m/nofp\libgcc.a(_muldi3.o)
                0x080005cc                __muldi3
                0x080005cc                __aeabi_lmul
 .text          0x08000628       0x30 C:/ST/STM32CubeIDE_1.10.1/STM32CubeIDE/plugins/com.st.stm32cube.ide.mcu.externaltools.gnu-tools-for-stm32.12.3.rel1.win32_1.0.200.202406191623/tools/bin/../lib/gcc/arm-none-eabi/12.3.1/thumb/v6-m/nofp\libgcc.a(_fixunssfsi.o)
                0x08000628                __fixunssfsi
                0x08000628                __aeabi_f2uiz
 .text          0x08000658       0x3c C:/ST/STM32CubeIDE_1.10.1/STM32CubeIDE/plugins/com.st.stm32cube.ide.mcu.externaltools.gnu-tools-for-stm32.12.3.rel1.win32_1.0.200.202406191623/tools/bin/../lib/gcc/arm-none-eabi/12.3.1/thumb/v6-m/nofp\libgcc.a(_fixunsdfsi.o)
                0x08000658                __aeabi_d2uiz
                0x08000658                __fixunsdfsi
 .text          0x08000694       0x38 C:/ST/STM32CubeIDE_1.10.1/STM32CubeIDE/plugins/com.st.stm32cube.ide.mcu.externaltools.gnu-tools-for-stm32.12.3.rel1.win32_1.0.200.202406191623/tools/bin/../lib/gcc/arm-none-eabi/12.3.1/thumb/v6-m/nofp\libgcc.a(_fixdfdi.o)
                0x08000694                __fixdfdi
                0x08000694                __aeabi_d2lz
 .text          0x080006cc       0x3c C:/ST/STM32CubeIDE_1.10.1/STM32CubeIDE/plugins/com.st.stm32cube.ide.mcu.externaltools.gnu-tools-for-stm32.12.3.rel1.win32_1.0.200.202406191623/tools/bin/../lib/gcc/arm-none-eabi/12.3.1/thumb/v6-m/nofp\libgcc.a(_fixunsdfdi.o)
                0x080006cc                __fixunsdfdi
                0x080006cc                __aeabi_d2ulz
 .text          0x08000708       0x2c C:/ST/STM32CubeIDE_1.10.1/STM32CubeIDE/plugins/com.st.stm32cube.ide.mcu.externaltools.gnu-tools-for-stm32.12.3.rel1.win32_1.0.200.202406191623/tools/bin/../lib/gcc/arm-none-eabi/12.3.1/thumb/v6-m/nofp\libgcc.a(_floatdidf.o)
                0x08000708                __aeabi_l2d
                0x08000708                __floatdidf
 .text          0x08000734      0x198 C:/ST/STM32CubeIDE_1.10.1/STM32CubeIDE/plugins/com.st.stm32cube.ide.mcu.externaltools.gnu-tools-for-stm32.12.3.rel1.win32_1.0.200.202406191623/tools/bin/../lib/gcc/arm-none-eabi/12.3.1/thumb/v6-m/nofp\libgcc.a(_udivmoddi4.o)
                0x08000734                __udivmoddi4
 .text          0x080008cc       0x3c C:/ST/STM32CubeIDE_1.10.1/STM32CubeIDE/plugins/com.st.stm32cube.ide.mcu.externaltools.gnu-tools-for-stm32.12.3.rel1.win32_1.0.200.202406191623/tools/bin/../lib/gcc/arm-none-eabi/12.3.1/thumb/v6-m/nofp\libgcc.a(bpabi.o)
                0x080008cc                __gnu_ldivmod_helper
 .text          0x08000908       0x50 C:/ST/STM32CubeIDE_1.10.1/STM32CubeIDE/plugins/com.st.stm32cube.ide.mcu.externaltools.gnu-tools-for-stm32.12.3.rel1.win32_1.0.200.202406191623/tools/bin/../lib/gcc/arm-none-eabi/12.3.1/thumb/v6-m/nofp\libgcc.a(eqsf2.o)
                0x08000908                __eqsf2
                0x08000908                __nesf2
 .text          0x08000958       0xa0 C:/ST/STM32CubeIDE_1.10.1/STM32CubeIDE/plugins/com.st.stm32cube.ide.mcu.externaltools.gnu-tools-for-stm32.12.3.rel1.win32_1.0.200.202406191623/tools/bin/../lib/gcc/arm-none-eabi/12.3.1/thumb/v6-m/nofp\libgcc.a(gesf2.o)
                0x08000958                __gesf2
                0x08000958                __gtsf2
 .text          0x080009f8       0x9c C:/ST/STM32CubeIDE_1.10.1/STM32CubeIDE/plugins/com.st.stm32cube.ide.mcu.externaltools.gnu-tools-for-stm32.12.3.rel1.win32_1.0.200.202406191623/tools/bin/../lib/gcc/arm-none-eabi/12.3.1/thumb/v6-m/nofp\libgcc.a(lesf2.o)
                0x080009f8                __ltsf2
                0x080009f8                __lesf2
 .text          0x08000a94      0x27c C:/ST/STM32CubeIDE_1.10.1/STM32CubeIDE/plugins/com.st.stm32cube.ide.mcu.externaltools.gnu-tools-for-stm32.12.3.rel1.win32_1.0.200.202406191623/tools/bin/../lib/gcc/arm-none-eabi/12.3.1/thumb/v6-m/nofp\libgcc.a(mulsf3.o)
                0x08000a94                __aeabi_fmul
 .text          0x08000d10      0x348 C:/ST/STM32CubeIDE_1.10.1/STM32CubeIDE/plugins/com.st.stm32cube.ide.mcu.externaltools.gnu-tools-for-stm32.12.3.rel1.win32_1.0.200.202406191623/tools/bin/../lib/gcc/arm-none-eabi/12.3.1/thumb/v6-m/nofp\libgcc.a(subsf3.o)
                0x08000d10                __aeabi_fsub
 .text          0x08001058       0x40 C:/ST/STM32CubeIDE_1.10.1/STM32CubeIDE/plugins/com.st.stm32cube.ide.mcu.externaltools.gnu-tools-for-stm32.12.3.rel1.win32_1.0.200.202406191623/tools/bin/../lib/gcc/arm-none-eabi/12.3.1/thumb/v6-m/nofp\libgcc.a(fixsfsi.o)
                0x08001058                __aeabi_f2iz
 .text          0x08001098       0x84 C:/ST/STM32CubeIDE_1.10.1/STM32CubeIDE/plugins/com.st.stm32cube.ide.mcu.externaltools.gnu-tools-for-stm32.12.3.rel1.win32_1.0.200.202406191623/tools/bin/../lib/gcc/arm-none-eabi/12.3.1/thumb/v6-m/nofp\libgcc.a(floatunsisf.o)
                0x08001098                __aeabi_ui2f
 .text          0x0800111c      0x6c8 C:/ST/STM32CubeIDE_1.10.1/STM32CubeIDE/plugins/com.st.stm32cube.ide.mcu.externaltools.gnu-tools-for-stm32.12.3.rel1.win32_1.0.200.202406191623/tools/bin/../lib/gcc/arm-none-eabi/12.3.1/thumb/v6-m/nofp\libgcc.a(adddf3.o)
                0x0800111c                __aeabi_dadd
 .text          0x080017e4      0x634 C:/ST/STM32CubeIDE_1.10.1/STM32CubeIDE/plugins/com.st.stm32cube.ide.mcu.externaltools.gnu-tools-for-stm32.12.3.rel1.win32_1.0.200.202406191623/tools/bin/../lib/gcc/arm-none-eabi/12.3.1/thumb/v6-m/nofp\libgcc.a(divdf3.o)
                0x080017e4                __aeabi_ddiv
 .text          0x08001e18       0x88 C:/ST/STM32CubeIDE_1.10.1/STM32CubeIDE/plugins/com.st.stm32cube.ide.mcu.externaltools.gnu-tools-for-stm32.12.3.rel1.win32_1.0.200.202406191623/tools/bin/../lib/gcc/arm-none-eabi/12.3.1/thumb/v6-m/nofp\libgcc.a(eqdf2.o)
                0x08001e18                __nedf2
                0x08001e18                __eqdf2
 .text          0x08001ea0       0xe8 C:/ST/STM32CubeIDE_1.10.1/STM32CubeIDE/plugins/com.st.stm32cube.ide.mcu.externaltools.gnu-tools-for-stm32.12.3.rel1.win32_1.0.200.202406191623/tools/bin/../lib/gcc/arm-none-eabi/12.3.1/thumb/v6-m/nofp\libgcc.a(gedf2.o)
                0x08001ea0                __gedf2
                0x08001ea0                __gtdf2
 .text          0x08001f88       0xe4 C:/ST/STM32CubeIDE_1.10.1/STM32CubeIDE/plugins/com.st.stm32cube.ide.mcu.externaltools.gnu-tools-for-stm32.12.3.rel1.win32_1.0.200.202406191623/tools/bin/../lib/gcc/arm-none-eabi/12.3.1/thumb/v6-m/nofp\libgcc.a(ledf2.o)
                0x08001f88                __ledf2
                0x08001f88                __ltdf2
 .text          0x0800206c      0x590 C:/ST/STM32CubeIDE_1.10.1/STM32CubeIDE/plugins/com.st.stm32cube.ide.mcu.externaltools.gnu-tools-for-stm32.12.3.rel1.win32_1.0.200.202406191623/tools/bin/../lib/gcc/arm-none-eabi/12.3.1/thumb/v6-m/nofp\libgcc.a(muldf3.o)
                0x0800206c                __aeabi_dmul
 .text          0x080025fc      0x738 C:/ST/STM32CubeIDE_1.10.1/STM32CubeIDE/plugins/com.st.stm32cube.ide.mcu.externaltools.gnu-tools-for-stm32.12.3.rel1.win32_1.0.200.202406191623/tools/bin/../lib/gcc/arm-none-eabi/12.3.1/thumb/v6-m/nofp\libgcc.a(subdf3.o)
                0x080025fc                __aeabi_dsub
 .text          0x08002d34       0x44 C:/ST/STM32CubeIDE_1.10.1/STM32CubeIDE/plugins/com.st.stm32cube.ide.mcu.externaltools.gnu-tools-for-stm32.12.3.rel1.win32_1.0.200.202406191623/tools/bin/../lib/gcc/arm-none-eabi/12.3.1/thumb/v6-m/nofp\libgcc.a(unorddf2.o)
                0x08002d34                __aeabi_dcmpun
 .text          0x08002d78       0x78 C:/ST/STM32CubeIDE_1.10.1/STM32CubeIDE/plugins/com.st.stm32cube.ide.mcu.externaltools.gnu-tools-for-stm32.12.3.rel1.win32_1.0.200.202406191623/tools/bin/../lib/gcc/arm-none-eabi/12.3.1/thumb/v6-m/nofp\libgcc.a(fixdfsi.o)
                0x08002d78                __aeabi_d2iz
 .text          0x08002df0       0x5c C:/ST/STM32CubeIDE_1.10.1/STM32CubeIDE/plugins/com.st.stm32cube.ide.mcu.externaltools.gnu-tools-for-stm32.12.3.rel1.win32_1.0.200.202406191623/tools/bin/../lib/gcc/arm-none-eabi/12.3.1/thumb/v6-m/nofp\libgcc.a(floatsidf.o)
                0x08002df0                __aeabi_i2d
 .text          0x08002e4c       0x48 C:/ST/STM32CubeIDE_1.10.1/STM32CubeIDE/plugins/com.st.stm32cube.ide.mcu.externaltools.gnu-tools-for-stm32.12.3.rel1.win32_1.0.200.202406191623/tools/bin/../lib/gcc/arm-none-eabi/12.3.1/thumb/v6-m/nofp\libgcc.a(floatunsidf.o)
                0x08002e4c                __aeabi_ui2d
 .text          0x08002e94       0x90 C:/ST/STM32CubeIDE_1.10.1/STM32CubeIDE/plugins/com.st.stm32cube.ide.mcu.externaltools.gnu-tools-for-stm32.12.3.rel1.win32_1.0.200.202406191623/tools/bin/../lib/gcc/arm-none-eabi/12.3.1/thumb/v6-m/nofp\libgcc.a(extendsfdf2.o)
                0x08002e94                __aeabi_f2d
 .text          0x08002f24      0x108 C:/ST/STM32CubeIDE_1.10.1/STM32CubeIDE/plugins/com.st.stm32cube.ide.mcu.externaltools.gnu-tools-for-stm32.12.3.rel1.win32_1.0.200.202406191623/tools/bin/../lib/gcc/arm-none-eabi/12.3.1/thumb/v6-m/nofp\libgcc.a(truncdfsf2.o)
                0x08002f24                __aeabi_d2f
 .text          0x0800302c       0x3c C:/ST/STM32CubeIDE_1.10.1/STM32CubeIDE/plugins/com.st.stm32cube.ide.mcu.externaltools.gnu-tools-for-stm32.12.3.rel1.win32_1.0.200.202406191623/tools/bin/../lib/gcc/arm-none-eabi/12.3.1/thumb/v6-m/nofp\libgcc.a(_clzsi2.o)
                0x0800302c                __clzsi2
 .text          0x08003068       0x18 C:/ST/STM32CubeIDE_1.10.1/STM32CubeIDE/plugins/com.st.stm32cube.ide.mcu.externaltools.gnu-tools-for-stm32.12.3.rel1.win32_1.0.200.202406191623/tools/bin/../lib/gcc/arm-none-eabi/12.3.1/thumb/v6-m/nofp\libgcc.a(_clzdi2.o)
                0x08003068                __clzdi2
 .text          0x08003080      0x1e4 C:/ST/STM32CubeIDE_1.10.1/STM32CubeIDE/plugins/com.st.stm32cube.ide.mcu.externaltools.gnu-tools-for-stm32.12.3.rel1.win32_1.0.200.202406191623/tools/bin/../lib/gcc/arm-none-eabi/12.3.1/thumb/v6-m/nofp\libgcc.a(_divdi3.o)
                0x08003080                __divdi3
 *(.text*)
 .text.__NVIC_SystemReset
                0x08003264       0x24 BOS\BOS.o
 .text.Processor_type
                0x08003288       0x62 BOS\BOS.o
                0x08003288                Processor_type
 *fill*         0x080032ea        0x2 
 .text.Get_Module_Name
                0x080032ec       0x2c BOS\BOS.o
                0x080032ec                Get_Module_Name
 .text.Send_BOS_Message
                0x08003318       0xfc BOS\BOS.o
                0x08003318                Send_BOS_Message
 .text.LoadEEvars
                0x08003414       0x26 BOS\BOS.o
                0x08003414                LoadEEvars
 *fill*         0x0800343a        0x2 
 .text.LoadEEportsDir
                0x0800343c       0x68 BOS\BOS.o
                0x0800343c                LoadEEportsDir
 .text.LoadEEalias
                0x080034a4       0xd8 BOS\BOS.o
                0x080034a4                LoadEEalias
 .text.LoadEEgroup
                0x0800357c      0x120 BOS\BOS.o
                0x0800357c                LoadEEgroup
 .text.LoadEEstreams
                0x0800369c      0x21c BOS\BOS.o
                0x0800369c                LoadEEstreams
 .text.LoadEEparams
                0x080038b8      0x260 BOS\BOS.o
                0x080038b8                LoadEEparams
 .text.LoadEEbuttons
                0x08003b18      0x2ec BOS\BOS.o
                0x08003b18                LoadEEbuttons
 .text.LoadROsnippets
                0x08003e04      0x1d8 BOS\BOS.o
                0x08003e04                LoadROsnippets
 .text.SaveEEportsDir
                0x08003fdc       0x78 BOS\BOS.o
                0x08003fdc                SaveEEportsDir
 .text.SaveEEalias
                0x08004054       0xd0 BOS\BOS.o
                0x08004054                SaveEEalias
 .text.SaveEEstreams
                0x08004124       0xdc BOS\BOS.o
                0x08004124                SaveEEstreams
 .text.SaveEEparams
                0x08004200       0xf8 BOS\BOS.o
                0x08004200                SaveEEparams
 .text.ClearEEportsDir
                0x080042f8       0x84 BOS\BOS.o
                0x080042f8                ClearEEportsDir
 .text.EE_FormatForFactoryReset
                0x0800437c       0x2c BOS\BOS.o
                0x0800437c                EE_FormatForFactoryReset
 .text.IsLowerCLIbaud
                0x080043a8       0xe8 BOS\BOS.o
                0x080043a8                IsLowerCLIbaud
 .text.IsModuleParameter
                0x08004490       0x64 BOS\BOS.o
                0x08004490                IsModuleParameter
 .text.IsMathOperator
                0x080044f4       0xc4 BOS\BOS.o
                0x080044f4                IsMathOperator
 .text.BOS_Init
                0x080045b8      0x188 BOS\BOS.o
                0x080045b8                BOS_Init
 .text.Module_Init
                0x08004740       0x1e BOS\BOS.o
                0x08004740                Module_Init
 *fill*         0x0800475e        0x2 
 .text.FindBroadcastRoutes
                0x08004760      0x39c BOS\BOS.o
                0x08004760                FindBroadcastRoutes
 .text.FindRoute
                0x08004afc      0x2b4 BOS\BOS.o
                0x08004afc                FindRoute
 .text.minArr   0x08004db0       0x88 BOS\BOS.o
                0x08004db0                minArr
 .text.QnotEmpty
                0x08004e38       0x50 BOS\BOS.o
                0x08004e38                QnotEmpty
 .text.DisplayTopology
                0x08004e88      0x250 BOS\BOS.o
                0x08004e88                DisplayTopology
 .text.DisplayPortsDir
                0x080050d8      0x118 BOS\BOS.o
                0x080050d8                DisplayPortsDir
 .text.DisplayModuleStatus
                0x080051f0      0x3c0 BOS\BOS.o
                0x080051f0                DisplayModuleStatus
 .text.GetID    0x080055b0      0x15c BOS\BOS.o
                0x080055b0                GetID
 .text.NameModule
                0x0800570c      0x140 BOS\BOS.o
                0x0800570c                NameModule
 .text.AddModuleToGroup
                0x0800584c      0x1b8 BOS\BOS.o
                0x0800584c                AddModuleToGroup
 .text.WriteToRemote
                0x08005a04      0x460 BOS\BOS.o
                0x08005a04                WriteToRemote
 .text.GetDateString
                0x08005e64       0x5c BOS\BOS.o
                0x08005e64                GetDateString
 .text.Bridge   0x08005ec0       0x4c BOS\BOS.o
                0x08005ec0                Bridge
 .text.Unbridge
                0x08005f0c       0xcc BOS\BOS.o
                0x08005f0c                Unbridge
 .text.EnableStopModebyUARTx
                0x08005fd8       0xb8 BOS\BOS.o
                0x08005fd8                EnableStopModebyUARTx
 .text.EnableStandbyModebyWakeupPinx
                0x08006090       0x64 BOS\BOS.o
                0x08006090                EnableStandbyModebyWakeupPinx
 .text.DisableStandbyModeWakeupPinx
                0x080060f4       0x98 BOS\BOS.o
                0x080060f4                DisableStandbyModeWakeupPinx
 .text.prvCLITask
                0x0800618c      0x278 BOS\BOS_CLI.o
                0x0800618c                prvCLITask
 .text.CLI_CommandParser
                0x08006404      0x574 BOS\BOS_CLI.o
                0x08006404                CLI_CommandParser
 .text.StringToLowerCase
                0x08006978       0x6c BOS\BOS_CLI.o
                0x08006978                StringToLowerCase
 .text.AddSnippet
                0x080069e4      0x1b4 BOS\BOS_CLI.o
                0x080069e4                AddSnippet
 .text.ParseSnippetCondition
                0x08006b98      0x7f8 BOS\BOS_CLI.o
                0x08006b98                ParseSnippetCondition
 .text.ParseSnippetCommand
                0x08007390       0xc8 BOS\BOS_CLI.o
                0x08007390                ParseSnippetCommand
 .text.CheckSnippetCondition
                0x08007458      0x1b4 BOS\BOS_CLI.o
                0x08007458                CheckSnippetCondition
 .text.ExecuteSnippet
                0x0800760c       0xd0 BOS\BOS_CLI.o
                0x0800760c                ExecuteSnippet
 .text.__NVIC_SystemReset
                0x080076dc       0x24 BOS\BOS_CLIcommands.o
 .text.RegisterUserCLICommands
                0x08007700        0xa BOS\BOS_CLIcommands.o
                0x08007700                RegisterUserCLICommands
 *fill*         0x0800770a        0x2 
 .text.vRegisterCLICommands
                0x0800770c      0x19c BOS\BOS_CLIcommands.o
                0x0800770c                vRegisterCLICommands
 .text.prvTaskStatsCommand
                0x080078a8       0x40 BOS\BOS_CLIcommands.o
 .text.prvRunTimeStatsCommand
                0x080078e8       0x40 BOS\BOS_CLIcommands.o
 .text.pingCommand
                0x08007928       0x98 BOS\BOS_CLIcommands.o
 .text.bootloaderUpdateCommand
                0x080079c0      0x1fc BOS\BOS_CLIcommands.o
 .text.resetCommand
                0x08007bbc       0x10 BOS\BOS_CLIcommands.o
 .text.nameCommand
                0x08007bcc       0xe8 BOS\BOS_CLIcommands.o
 .text.groupCommand
                0x08007cb4      0x2fc BOS\BOS_CLIcommands.o
 .text.statusCommand
                0x08007fb0       0x1c BOS\BOS_CLIcommands.o
 .text.infoCommand
                0x08007fcc       0xfc BOS\BOS_CLIcommands.o
 .text.scastCommand
                0x080080c8      0x2dc BOS\BOS_CLIcommands.o
 .text.addbuttonCommand
                0x080083a4      0x150 BOS\BOS_CLIcommands.o
 .text.removebuttonCommand
                0x080084f4       0x94 BOS\BOS_CLIcommands.o
 .text.setCommand
                0x08008588      0xbf8 BOS\BOS_CLIcommands.o
 .text.getCommand
                0x08009180      0x3b4 BOS\BOS_CLIcommands.o
 .text.defaultCommand
                0x08009534       0xf4 BOS\BOS_CLIcommands.o
 .text.timeCommand
                0x08009628       0xd8 BOS\BOS_CLIcommands.o
 .text.dateCommand
                0x08009700       0x34 BOS\BOS_CLIcommands.o
 .text.setBaudrateCommand
                0x08009734       0xc0 BOS\BOS_CLIcommands.o
 .text.uuidCommand
                0x080097f4       0x70 BOS\BOS_CLIcommands.o
 .text.idcodeCommand
                0x08009864       0xe0 BOS\BOS_CLIcommands.o
 .text.flashsizeCommand
                0x08009944       0x34 BOS\BOS_CLIcommands.o
 .text.snipCommand
                0x08009978      0x3ac BOS\BOS_CLIcommands.o
 .text.actSnipCommand
                0x08009d24       0xb8 BOS\BOS_CLIcommands.o
 .text.pauseSnipCommand
                0x08009ddc       0xb8 BOS\BOS_CLIcommands.o
 .text.delSnipCommand
                0x08009e94      0x1d4 BOS\BOS_CLIcommands.o
 .text.bridgeCommand
                0x0800a068      0x11c BOS\BOS_CLIcommands.o
 .text.unbridgeCommand
                0x0800a184      0x11c BOS\BOS_CLIcommands.o
 .text.testportCommand
                0x0800a2a0      0x2e8 BOS\BOS_CLIcommands.o
 .text.ADCReadCommand
                0x0800a588      0x134 BOS\BOS_CLIcommands.o
 .text.ReadTempCommand
                0x0800a6bc       0x54 BOS\BOS_CLIcommands.o
 .text.ReadVrefCommand
                0x0800a710       0x54 BOS\BOS_CLIcommands.o
 .text.GetReadPrecentageCommand
                0x0800a764       0x98 BOS\BOS_CLIcommands.o
 .text.StartDMAstream
                0x0800a7fc       0xb0 BOS\BOS_dma.o
                0x0800a7fc                StartDMAstream
 .text.ResetUartORE
                0x0800a8ac       0x48 BOS\BOS_dma.o
                0x0800a8ac                ResetUartORE
 .text.MX_FREERTOS_Init
                0x0800a8f4      0x214 BOS\BOS_freertos.o
                0x0800a8f4                MX_FREERTOS_Init
 .text.StartDefaultTask
                0x0800ab08      0x108 BOS\BOS_freertos.o
                0x0800ab08                StartDefaultTask
 .text.ExecuteMonitor
                0x0800ac10      0x4c8 BOS\BOS_freertos.o
                0x0800ac10                ExecuteMonitor
 .text.vMainConfigureTimerForRunTimeStats
                0x0800b0d8       0x2c BOS\BOS_freertos.o
                0x0800b0d8                vMainConfigureTimerForRunTimeStats
 .text.ulMainGetRunTimeCounterValue
                0x0800b104       0x90 BOS\BOS_freertos.o
                0x0800b104                ulMainGetRunTimeCounterValue
 .text.SetupDMAStreams
                0x0800b194      0x27c BOS\BOS_messaging.o
                0x0800b194                SetupDMAStreams
 .text.StreamTimerCallback
                0x0800b410       0x34 BOS\BOS_messaging.o
                0x0800b410                StreamTimerCallback
 .text.ForwardReceivedMessage
                0x0800b444       0x78 BOS\BOS_messaging.o
                0x0800b444                ForwardReceivedMessage
 .text.BroadcastReceivedMessage
                0x0800b4bc       0x70 BOS\BOS_messaging.o
                0x0800b4bc                BroadcastReceivedMessage
 .text.NotifyMessagingTask
                0x0800b52c       0x90 BOS\BOS_messaging.o
                0x0800b52c                NotifyMessagingTask
 .text.BroadcastMessage
                0x0800b5bc       0x94 BOS\BOS_messaging.o
                0x0800b5bc                BroadcastMessage
 .text.SendMessageToModule
                0x0800b650       0xa0 BOS\BOS_messaging.o
                0x0800b650                SendMessageToModule
 .text.SendMessageFromPort
                0x0800b6f0      0x6b4 BOS\BOS_messaging.o
                0x0800b6f0                SendMessageFromPort
 .text.StartScastDMAStream
                0x0800bda4      0x30c BOS\BOS_messaging.o
                0x0800bda4                StartScastDMAStream
 .text.__NVIC_SystemReset
                0x0800c0b0       0x24 BOS\BOS_msgparser.o
 .text.BackEndTask
                0x0800c0d4      0x858 BOS\BOS_msgparser.o
                0x0800c0d4                BackEndTask
 .text.PxMessagingTask
                0x0800c92c     0x5480 BOS\BOS_msgparser.o
                0x0800c92c                PxMessagingTask
 .text.User_MessagingParser
                0x08011dac       0x3a BOS\BOS_msgparser.o
                0x08011dac                User_MessagingParser
 *fill*         0x08011de6        0x2 
 .text.SystemClock_Config
                0x08011de8       0xfc P08R7\P08R7.o
                0x08011de8                SystemClock_Config
 .text.remoteBootloaderUpdate
                0x08011ee4      0x178 P08R7\P08R7.o
                0x08011ee4                remoteBootloaderUpdate
 .text.SetupPortForRemoteBootloaderUpdate
                0x0801205c       0x52 P08R7\P08R7.o
                0x0801205c                SetupPortForRemoteBootloaderUpdate
 *fill*         0x080120ae        0x2 
 .text.Module_Peripheral_Init
                0x080120b0      0x15c P08R7\P08R7.o
                0x080120b0                Module_Peripheral_Init
 .text.SaveToRO
                0x0801220c      0x414 P08R7\P08R7.o
                0x0801220c                SaveToRO
 .text.Module_MessagingTask
                0x08012620      0x1f4 P08R7\P08R7.o
                0x08012620                Module_MessagingTask
 .text.RegisterModuleCLICommands
                0x08012814       0x3c P08R7\P08R7.o
                0x08012814                RegisterModuleCLICommands
 .text.GetPort  0x08012850       0x80 P08R7\P08R7.o
                0x08012850                GetPort
 .text.ToFTask  0x080128d0      0x12c P08R7\P08R7.o
                0x080128d0                ToFTask
 .text.Vl53l1xInit
                0x080129fc       0x48 P08R7\P08R7.o
                0x080129fc                Vl53l1xInit
 .text.StreamMemsToPort
                0x08012a44       0xf0 P08R7\P08R7.o
                0x08012a44                StreamMemsToPort
 .text.SampleDistanceToPort
                0x08012b34       0xb4 P08R7\P08R7.o
                0x08012b34                SampleDistanceToPort
 .text.StreamMemsToCLI
                0x08012be8      0x178 P08R7\P08R7.o
                0x08012be8                StreamMemsToCLI
 .text.SampleDistanceToStringCLI
                0x08012d60       0x88 P08R7\P08R7.o
                0x08012d60                SampleDistanceToStringCLI
 .text.StreamDistanceToCLI
                0x08012de8       0x24 P08R7\P08R7.o
                0x08012de8                StreamDistanceToCLI
 .text.PollingSleepCLISafe
                0x08012e0c      0x108 P08R7\P08R7.o
 .text.StreamMemsToTerminal
                0x08012f14       0xe4 P08R7\P08R7.o
                0x08012f14                StreamMemsToTerminal
 .text.Sample_ToF
                0x08012ff8       0x30 P08R7\P08R7.o
                0x08012ff8                Sample_ToF
 .text.SampletoPort
                0x08013028       0xdc P08R7\P08R7.o
                0x08013028                SampletoPort
 .text.Vl53l1xSampleCommand
                0x08013104       0x26 P08R7\P08R7.o
 *fill*         0x0801312a        0x2 
 .text.Vl53l1xStreamcliCommand
                0x0801312c       0x80 P08R7\P08R7.o
 .text.Vl53l1xStreamportCommand
                0x080131ac       0xb8 P08R7\P08R7.o
 .text.Vl53l1xSampleportportCommand
                0x08013264       0x58 P08R7\P08R7.o
 .text.LL_DMAMUX_SetRequestID
                0x080132bc       0x3c P08R7\P08R7_dma.o
 .text.DMA_Init
                0x080132f8       0xa8 P08R7\P08R7_dma.o
                0x080132f8                DMA_Init
 .text.DMA_MSG_RX_CH_Init
                0x080133a0       0x4c P08R7\P08R7_dma.o
                0x080133a0                DMA_MSG_RX_CH_Init
 .text.DMA_STREAM_CH_Init
                0x080133ec       0x4c P08R7\P08R7_dma.o
                0x080133ec                DMA_STREAM_CH_Init
 .text.SetupMessagingRxDMAs
                0x08013438       0x9c P08R7\P08R7_dma.o
                0x08013438                SetupMessagingRxDMAs
 .text.DMA_MSG_RX_Setup
                0x080134d4       0x38 P08R7\P08R7_dma.o
                0x080134d4                DMA_MSG_RX_Setup
 .text.DMA_MSG_TX_UnSetup
                0x0801350c       0x28 P08R7\P08R7_dma.o
                0x0801350c                DMA_MSG_TX_UnSetup
 .text.DMA_STREAM_Setup
                0x08013534       0x68 P08R7\P08R7_dma.o
                0x08013534                DMA_STREAM_Setup
 .text.StopStreamDMA
                0x0801359c       0x70 P08R7\P08R7_dma.o
                0x0801359c                StopStreamDMA
 .text.StopMsgDMA
                0x0801360c       0x4c P08R7\P08R7_dma.o
                0x0801360c                StopMsgDMA
 .text.SwitchMsgDMAToStream
                0x08013658       0x50 P08R7\P08R7_dma.o
                0x08013658                SwitchMsgDMAToStream
 .text.SwitchStreamDMAToMsg
                0x080136a8       0xd8 P08R7\P08R7_dma.o
                0x080136a8                SwitchStreamDMAToMsg
 .text.UnSetupDMAInterrupts
                0x08013780       0xe4 P08R7\P08R7_dma.o
                0x08013780                UnSetupDMAInterrupts
 .text.RemapAndLinkDMAtoUARTRx
                0x08013864      0x134 P08R7\P08R7_dma.o
                0x08013864                RemapAndLinkDMAtoUARTRx
 .text.CRC_Init
                0x08013998       0x44 P08R7\P08R7_dma.o
                0x08013998                CRC_Init
 .text.HAL_CRC_MspInit
                0x080139dc       0x30 P08R7\P08R7_dma.o
                0x080139dc                HAL_CRC_MspInit
 .text.CalculateCRC8
                0x08013a0c      0x154 P08R7\P08R7_dma.o
                0x08013a0c                CalculateCRC8
 .text.EE_Init  0x08013b60      0x684 P08R7\P08R7_eeprom.o
                0x08013b60                EE_Init
 .text.EE_ReadVariable
                0x080141e4       0xc0 P08R7\P08R7_eeprom.o
                0x080141e4                EE_ReadVariable
 .text.EE_WriteVariable
                0x080142a4       0x64 P08R7\P08R7_eeprom.o
                0x080142a4                EE_WriteVariable
 .text.EE_Format
                0x08014308      0x14c P08R7\P08R7_eeprom.o
                0x08014308                EE_Format
 .text.EE_FindValidPage
                0x08014454       0x90 P08R7\P08R7_eeprom.o
 .text.EE_VerifyPageFullWriteVariable
                0x080144e4      0x160 P08R7\P08R7_eeprom.o
 .text.EE_PageTransfer
                0x08014644      0x20c P08R7\P08R7_eeprom.o
 .text.EraseSector
                0x08014850       0x60 P08R7\P08R7_eeprom.o
                0x08014850                EraseSector
 .text.GPIO_Init
                0x080148b0       0xdc P08R7\P08R7_gpio.o
                0x080148b0                GPIO_Init
 .text.IND_LED_Init
                0x0801498c       0x38 P08R7\P08R7_gpio.o
                0x0801498c                IND_LED_Init
 .text.IsFactoryReset
                0x080149c4      0x15c P08R7\P08R7_gpio.o
                0x080149c4                IsFactoryReset
 .text.GetPortGPIOs
                0x08014b20      0x11c P08R7\P08R7_gpio.o
                0x08014b20                GetPortGPIOs
 .text.MX_I2C_Init
                0x08014c3c       0x90 P08R7\P08R7_i2c.o
                0x08014c3c                MX_I2C_Init
 .text.MX_I2C2_Init
                0x08014ccc       0x68 P08R7\P08R7_i2c.o
                0x08014ccc                MX_I2C2_Init
 .text.HAL_I2C_MspInit
                0x08014d34       0xbc P08R7\P08R7_i2c.o
                0x08014d34                HAL_I2C_MspInit
 .text.buttonPressedCallback
                0x08014df0       0x14 P08R7\P08R7_inputs.o
                0x08014df0                buttonPressedCallback
 .text.CheckAttachedButtons
                0x08014e04      0x7a8 P08R7\P08R7_inputs.o
                0x08014e04                CheckAttachedButtons
 .text.CheckForTimedButtonPress
                0x080155ac       0xfc P08R7\P08R7_inputs.o
                0x080155ac                CheckForTimedButtonPress
 .text.CheckForTimedButtonRelease
                0x080156a8       0xfc P08R7\P08R7_inputs.o
                0x080156a8                CheckForTimedButtonRelease
 .text.AddPortButton
                0x080157a4      0x268 P08R7\P08R7_inputs.o
                0x080157a4                AddPortButton
 .text.RemovePortButton
                0x08015a0c      0x200 P08R7\P08R7_inputs.o
                0x08015a0c                RemovePortButton
 .text.SetButtonEvents
                0x08015c0c      0x77c P08R7\P08R7_inputs.o
                0x08015c0c                SetButtonEvents
 .text.MX_ADC_Init
                0x08016388       0x88 P08R7\P08R7_inputs.o
                0x08016388                MX_ADC_Init
 .text.HAL_ADC_MspInit
                0x08016410       0xa8 P08R7\P08R7_inputs.o
                0x08016410                HAL_ADC_MspInit
 .text.ADCSelectChannel
                0x080164b8       0xac P08R7\P08R7_inputs.o
                0x080164b8                ADCSelectChannel
 .text.ReadADCChannel
                0x08016564      0x10c P08R7\P08R7_inputs.o
                0x08016564                ReadADCChannel
 .text.ReadTempAndVref
                0x08016670      0x1f0 P08R7\P08R7_inputs.o
                0x08016670                ReadTempAndVref
 .text.GetReadPrecentage
                0x08016860      0x21c P08R7\P08R7_inputs.o
                0x08016860                GetReadPrecentage
 .text.Get_channel
                0x08016a7c       0xac P08R7\P08R7_inputs.o
                0x08016a7c                Get_channel
 .text.Error_Handler
                0x08016b28       0x10 P08R7\P08R7_inputs.o
                0x08016b28                Error_Handler
 .text.Get_Rank
                0x08016b38       0xa4 P08R7\P08R7_inputs.o
                0x08016b38                Get_Rank
 .text.buttonReleasedCallback
                0x08016bdc       0x14 P08R7\P08R7_inputs.o
                0x08016bdc                buttonReleasedCallback
 .text.buttonClickedCallback
                0x08016bf0       0x14 P08R7\P08R7_inputs.o
                0x08016bf0                buttonClickedCallback
 .text.buttonDblClickedCallback
                0x08016c04       0x14 P08R7\P08R7_inputs.o
                0x08016c04                buttonDblClickedCallback
 .text.buttonPressedForXCallback
                0x08016c18       0x1a P08R7\P08R7_inputs.o
                0x08016c18                buttonPressedForXCallback
 .text.buttonReleasedForYCallback
                0x08016c32       0x1a P08R7\P08R7_inputs.o
                0x08016c32                buttonReleasedForYCallback
 .text.__NVIC_SystemReset
                0x08016c4c       0x24 P08R7\P08R7_it.o
 .text.SysTick_Handler
                0x08016c70       0x12 P08R7\P08R7_it.o
                0x08016c70                SysTick_Handler
 *fill*         0x08016c82        0x2 
 .text.HardFault_Handler
                0x08016c84       0x40 P08R7\P08R7_it.o
                0x08016c84                HardFault_Handler
 .text.USART1_IRQHandler
                0x08016cc4       0x30 P08R7\P08R7_it.o
                0x08016cc4                USART1_IRQHandler
 .text.USART2_LPUART2_IRQHandler
                0x08016cf4       0x30 P08R7\P08R7_it.o
                0x08016cf4                USART2_LPUART2_IRQHandler
 .text.USART3_4_5_6_LPUART1_IRQHandler
                0x08016d24       0x48 P08R7\P08R7_it.o
                0x08016d24                USART3_4_5_6_LPUART1_IRQHandler
 .text.HAL_UART_TxCpltCallback
                0x08016d6c       0x48 P08R7\P08R7_it.o
                0x08016d6c                HAL_UART_TxCpltCallback
 .text.HAL_UART_ErrorCallback
                0x08016db4       0xd4 P08R7\P08R7_it.o
                0x08016db4                HAL_UART_ErrorCallback
 .text.HAL_UART_RxCpltCallback
                0x08016e88       0x10 P08R7\P08R7_it.o
                0x08016e88                HAL_UART_RxCpltCallback
 .text.vApplicationStackOverflowHook
                0x08016e98       0x44 P08R7\P08R7_it.o
                0x08016e98                vApplicationStackOverflowHook
 .text.vApplicationMallocFailedHook
                0x08016edc       0x40 P08R7\P08R7_it.o
                0x08016edc                vApplicationMallocFailedHook
 .text.EXTI0_1_IRQHandler
                0x08016f1c       0x10 P08R7\P08R7_it.o
                0x08016f1c                EXTI0_1_IRQHandler
 .text.RTC_Init
                0x08016f2c       0xc4 P08R7\P08R7_rtc.o
                0x08016f2c                RTC_Init
 .text.RTC_CalendarConfig
                0x08016ff0      0x18c P08R7\P08R7_rtc.o
                0x08016ff0                RTC_CalendarConfig
 .text.BOS_CalendarConfig
                0x0801717c      0x128 P08R7\P08R7_rtc.o
                0x0801717c                BOS_CalendarConfig
 .text.GetTimeDate
                0x080172a4       0x90 P08R7\P08R7_rtc.o
                0x080172a4                GetTimeDate
 .text.MX_IWDG_Init
                0x08017334       0x3c P08R7\P08R7_timers.o
                0x08017334                MX_IWDG_Init
 .text.TIM_USEC_Init
                0x08017370       0x74 P08R7\P08R7_timers.o
                0x08017370                TIM_USEC_Init
 .text.TIM_MSEC_Init
                0x080173e4       0x78 P08R7\P08R7_timers.o
                0x080173e4                TIM_MSEC_Init
 .text.StartMicroDelay
                0x0801745c       0x48 P08R7\P08R7_timers.o
                0x0801745c                StartMicroDelay
 .text.StartMilliDelay
                0x080174a4       0x48 P08R7\P08R7_timers.o
                0x080174a4                StartMilliDelay
 .text.MX_USART1_UART_Init
                0x080174ec       0x7c P08R7\P08R7_uart.o
                0x080174ec                MX_USART1_UART_Init
 .text.MX_USART2_UART_Init
                0x08017568       0x7c P08R7\P08R7_uart.o
                0x08017568                MX_USART2_UART_Init
 .text.MX_USART3_UART_Init
                0x080175e4       0x7c P08R7\P08R7_uart.o
                0x080175e4                MX_USART3_UART_Init
 .text.MX_USART5_UART_Init
                0x08017660       0x60 P08R7\P08R7_uart.o
                0x08017660                MX_USART5_UART_Init
 .text.MX_USART6_UART_Init
                0x080176c0       0x60 P08R7\P08R7_uart.o
                0x080176c0                MX_USART6_UART_Init
 .text.HAL_UART_MspInit
                0x08017720      0x4c4 P08R7\P08R7_uart.o
                0x08017720                HAL_UART_MspInit
 .text.writePxMutex
                0x08017be4       0xac P08R7\P08R7_uart.o
                0x08017be4                writePxMutex
 .text.writePxITMutex
                0x08017c90       0x78 P08R7\P08R7_uart.o
                0x08017c90                writePxITMutex
 .text.UpdateBaudrate
                0x08017d08       0x3e P08R7\P08R7_uart.o
                0x08017d08                UpdateBaudrate
 *fill*         0x08017d46        0x2 
 .text.GetUart  0x08017d48       0x54 P08R7\P08R7_uart.o
                0x08017d48                GetUart
 .text.SwapUartPins
                0x08017d9c       0xd0 P08R7\P08R7_uart.o
                0x08017d9c                SwapUartPins
 .text.ReadPortsDir
                0x08017e6c       0xa8 P08R7\P08R7_uart.o
                0x08017e6c                ReadPortsDir
 .text.ReadPortsDirMSG
                0x08017f14       0x80 P08R7\P08R7_uart.o
                0x08017f14                ReadPortsDirMSG
 .text.Reset_Handler
                0x08017f94       0x90 P08R7\startup_stm32g0b1ceuxn.o
                0x08017f94                Reset_Handler
 .text.Default_Handler
                0x08018024        0x2 P08R7\startup_stm32g0b1ceuxn.o
                0x08018024                I2C2_3_IRQHandler
                0x08018024                TIM1_CC_IRQHandler
                0x08018024                ADC1_COMP_IRQHandler
                0x08018024                NMI_Handler
                0x08018024                I2C1_IRQHandler
                0x08018024                TIM7_LPTIM2_IRQHandler
                0x08018024                TIM17_FDCAN_IT1_IRQHandler
                0x08018024                DMA1_Ch4_7_DMA2_Ch1_5_DMAMUX1_OVR_IRQHandler
                0x08018024                RCC_CRS_IRQHandler
                0x08018024                RTC_TAMP_IRQHandler
                0x08018024                SPI1_IRQHandler
                0x08018024                USB_UCPD1_2_IRQHandler
                0x08018024                EXTI2_3_IRQHandler
                0x08018024                PVD_VDDIO2_IRQHandler
                0x08018024                EXTI4_15_IRQHandler
                0x08018024                DMA1_Channel1_IRQHandler
                0x08018024                Default_Handler
                0x08018024                CEC_IRQHandler
                0x08018024                TIM14_IRQHandler
                0x08018024                TIM15_IRQHandler
                0x08018024                TIM3_TIM4_IRQHandler
                0x08018024                SPI2_3_IRQHandler
                0x08018024                TIM6_DAC_LPTIM1_IRQHandler
                0x08018024                WWDG_IRQHandler
                0x08018024                TIM2_IRQHandler
                0x08018024                DMA1_Channel2_3_IRQHandler
                0x08018024                FLASH_IRQHandler
                0x08018024                TIM16_FDCAN_IT0_IRQHandler
                0x08018024                TIM1_BRK_UP_TRG_COM_IRQHandler
 .text.SystemInit
                0x08018026        0xa Thirdparty\CMSIS\STM32G0xx\Device\ST\STM32G0xx\Source\Templates\system_stm32g0xx.o
                0x08018026                SystemInit
 .text.inHandlerMode
                0x08018030       0x1c Thirdparty\Middleware\STM32G0xx\FreeRTOS\Source\CMSIS_RTOS\cmsis_os.o
 .text.osKernelStart
                0x0801804c       0x10 Thirdparty\Middleware\STM32G0xx\FreeRTOS\Source\CMSIS_RTOS\cmsis_os.o
                0x0801804c                osKernelStart
 .text.osDelay  0x0801805c       0x28 Thirdparty\Middleware\STM32G0xx\FreeRTOS\Source\CMSIS_RTOS\cmsis_os.o
                0x0801805c                osDelay
 .text.osSemaphoreCreate
                0x08018084       0x4a Thirdparty\Middleware\STM32G0xx\FreeRTOS\Source\CMSIS_RTOS\cmsis_os.o
                0x08018084                osSemaphoreCreate
 *fill*         0x080180ce        0x2 
 .text.osSemaphoreWait
                0x080180d0       0x94 Thirdparty\Middleware\STM32G0xx\FreeRTOS\Source\CMSIS_RTOS\cmsis_os.o
                0x080180d0                osSemaphoreWait
 .text.osSemaphoreRelease
                0x08018164       0x64 Thirdparty\Middleware\STM32G0xx\FreeRTOS\Source\CMSIS_RTOS\cmsis_os.o
                0x08018164                osSemaphoreRelease
 .text.osSystickHandler
                0x080181c8       0x18 Thirdparty\Middleware\STM32G0xx\FreeRTOS\Source\CMSIS_RTOS\cmsis_os.o
                0x080181c8                osSystickHandler
 .text.FreeRTOS_CLIRegisterCommand
                0x080181e0       0x50 Thirdparty\Middleware\STM32G0xx\FreeRTOS\Source\FreeRTOS_CLI.o
                0x080181e0                FreeRTOS_CLIRegisterCommand
 .text.FreeRTOS_CLIProcessCommand
                0x08018230      0x11c Thirdparty\Middleware\STM32G0xx\FreeRTOS\Source\FreeRTOS_CLI.o
                0x08018230                FreeRTOS_CLIProcessCommand
 .text.FreeRTOS_CLIGetOutputBuffer
                0x0801834c       0x10 Thirdparty\Middleware\STM32G0xx\FreeRTOS\Source\FreeRTOS_CLI.o
                0x0801834c                FreeRTOS_CLIGetOutputBuffer
 .text.FreeRTOS_CLIGetParameter
                0x0801835c       0xbc Thirdparty\Middleware\STM32G0xx\FreeRTOS\Source\FreeRTOS_CLI.o
                0x0801835c                FreeRTOS_CLIGetParameter
 .text.prvHelpCommand
                0x08018418      0x154 Thirdparty\Middleware\STM32G0xx\FreeRTOS\Source\FreeRTOS_CLI.o
 .text.prvGetNumberOfParameters
                0x0801856c       0x7a Thirdparty\Middleware\STM32G0xx\FreeRTOS\Source\FreeRTOS_CLI.o
 .text.xEventGroupCreate
                0x080185e6       0x30 Thirdparty\Middleware\STM32G0xx\FreeRTOS\Source\event_groups.o
                0x080185e6                xEventGroupCreate
 .text.vListInitialise
                0x08018616       0x3c Thirdparty\Middleware\STM32G0xx\FreeRTOS\Source\list.o
                0x08018616                vListInitialise
 .text.vListInitialiseItem
                0x08018652       0x16 Thirdparty\Middleware\STM32G0xx\FreeRTOS\Source\list.o
                0x08018652                vListInitialiseItem
 .text.vListInsertEnd
                0x08018668       0x44 Thirdparty\Middleware\STM32G0xx\FreeRTOS\Source\list.o
                0x08018668                vListInsertEnd
 .text.vListInsert
                0x080186ac       0x6c Thirdparty\Middleware\STM32G0xx\FreeRTOS\Source\list.o
                0x080186ac                vListInsert
 .text.uxListRemove
                0x08018718       0x50 Thirdparty\Middleware\STM32G0xx\FreeRTOS\Source\list.o
                0x08018718                uxListRemove
 .text.pxPortInitialiseStack
                0x08018768       0x54 Thirdparty\Middleware\STM32G0xx\FreeRTOS\Source\portable\GCC\ARM_CM0\port.o
                0x08018768                pxPortInitialiseStack
 .text.prvTaskExitError
                0x080187bc       0x1e Thirdparty\Middleware\STM32G0xx\FreeRTOS\Source\portable\GCC\ARM_CM0\port.o
 .text.SVC_Handler
                0x080187da        0xa Thirdparty\Middleware\STM32G0xx\FreeRTOS\Source\portable\GCC\ARM_CM0\port.o
                0x080187da                SVC_Handler
 *fill*         0x080187e4        0xc 
 .text.vPortStartFirstTask
                0x080187f0       0x38 Thirdparty\Middleware\STM32G0xx\FreeRTOS\Source\portable\GCC\ARM_CM0\port.o
 .text.xPortStartScheduler
                0x08018828       0x48 Thirdparty\Middleware\STM32G0xx\FreeRTOS\Source\portable\GCC\ARM_CM0\port.o
                0x08018828                xPortStartScheduler
 .text.vPortYield
                0x08018870       0x20 Thirdparty\Middleware\STM32G0xx\FreeRTOS\Source\portable\GCC\ARM_CM0\port.o
                0x08018870                vPortYield
 .text.vPortEnterCritical
                0x08018890       0x24 Thirdparty\Middleware\STM32G0xx\FreeRTOS\Source\portable\GCC\ARM_CM0\port.o
                0x08018890                vPortEnterCritical
 .text.vPortExitCritical
                0x080188b4       0x24 Thirdparty\Middleware\STM32G0xx\FreeRTOS\Source\portable\GCC\ARM_CM0\port.o
                0x080188b4                vPortExitCritical
 .text.ulSetInterruptMaskFromISR
                0x080188d8        0xc Thirdparty\Middleware\STM32G0xx\FreeRTOS\Source\portable\GCC\ARM_CM0\port.o
                0x080188d8                ulSetInterruptMaskFromISR
 .text.vClearInterruptMaskFromISR
                0x080188e4        0x8 Thirdparty\Middleware\STM32G0xx\FreeRTOS\Source\portable\GCC\ARM_CM0\port.o
                0x080188e4                vClearInterruptMaskFromISR
 *fill*         0x080188ec        0x4 
 .text.PendSV_Handler
                0x080188f0       0x48 Thirdparty\Middleware\STM32G0xx\FreeRTOS\Source\portable\GCC\ARM_CM0\port.o
                0x080188f0                PendSV_Handler
 .text.xPortSysTickHandler
                0x08018938       0x34 Thirdparty\Middleware\STM32G0xx\FreeRTOS\Source\portable\GCC\ARM_CM0\port.o
                0x08018938                xPortSysTickHandler
 .text.vPortSetupTimerInterrupt
                0x0801896c       0x44 Thirdparty\Middleware\STM32G0xx\FreeRTOS\Source\portable\GCC\ARM_CM0\port.o
                0x0801896c                vPortSetupTimerInterrupt
 .text.pvPortMalloc
                0x080189b0      0x140 Thirdparty\Middleware\STM32G0xx\FreeRTOS\Source\portable\MemMang\heap_4.o
                0x080189b0                pvPortMalloc
 .text.vPortFree
                0x08018af0       0x80 Thirdparty\Middleware\STM32G0xx\FreeRTOS\Source\portable\MemMang\heap_4.o
                0x08018af0                vPortFree
 .text.prvHeapInit
                0x08018b70       0xc0 Thirdparty\Middleware\STM32G0xx\FreeRTOS\Source\portable\MemMang\heap_4.o
 .text.prvInsertBlockIntoFreeList
                0x08018c30       0xb0 Thirdparty\Middleware\STM32G0xx\FreeRTOS\Source\portable\MemMang\heap_4.o
 .text.xQueueGenericReset
                0x08018ce0       0x9e Thirdparty\Middleware\STM32G0xx\FreeRTOS\Source\queue.o
                0x08018ce0                xQueueGenericReset
 .text.xQueueGenericCreate
                0x08018d7e       0x52 Thirdparty\Middleware\STM32G0xx\FreeRTOS\Source\queue.o
                0x08018d7e                xQueueGenericCreate
 .text.prvInitialiseNewQueue
                0x08018dd0       0x4e Thirdparty\Middleware\STM32G0xx\FreeRTOS\Source\queue.o
 .text.xQueueCreateCountingSemaphore
                0x08018e1e       0x30 Thirdparty\Middleware\STM32G0xx\FreeRTOS\Source\queue.o
                0x08018e1e                xQueueCreateCountingSemaphore
 .text.xQueueGenericSend
                0x08018e4e      0x12a Thirdparty\Middleware\STM32G0xx\FreeRTOS\Source\queue.o
                0x08018e4e                xQueueGenericSend
 .text.xQueueGenericSendFromISR
                0x08018f78       0xa6 Thirdparty\Middleware\STM32G0xx\FreeRTOS\Source\queue.o
                0x08018f78                xQueueGenericSendFromISR
 .text.xQueueGiveFromISR
                0x0801901e       0x96 Thirdparty\Middleware\STM32G0xx\FreeRTOS\Source\queue.o
                0x0801901e                xQueueGiveFromISR
 .text.xQueueReceive
                0x080190b4      0x128 Thirdparty\Middleware\STM32G0xx\FreeRTOS\Source\queue.o
                0x080190b4                xQueueReceive
 .text.xQueueSemaphoreTake
                0x080191dc      0x178 Thirdparty\Middleware\STM32G0xx\FreeRTOS\Source\queue.o
                0x080191dc                xQueueSemaphoreTake
 .text.xQueueReceiveFromISR
                0x08019354       0xa0 Thirdparty\Middleware\STM32G0xx\FreeRTOS\Source\queue.o
                0x08019354                xQueueReceiveFromISR
 .text.prvGetDisinheritPriorityAfterTimeout
                0x080193f4       0x2c Thirdparty\Middleware\STM32G0xx\FreeRTOS\Source\queue.o
 .text.prvCopyDataToQueue
                0x08019420       0xd6 Thirdparty\Middleware\STM32G0xx\FreeRTOS\Source\queue.o
 .text.prvCopyDataFromQueue
                0x080194f6       0x4c Thirdparty\Middleware\STM32G0xx\FreeRTOS\Source\queue.o
 .text.prvUnlockQueue
                0x08019542       0xbc Thirdparty\Middleware\STM32G0xx\FreeRTOS\Source\queue.o
 .text.prvIsQueueEmpty
                0x080195fe       0x2c Thirdparty\Middleware\STM32G0xx\FreeRTOS\Source\queue.o
 .text.prvIsQueueFull
                0x0801962a       0x30 Thirdparty\Middleware\STM32G0xx\FreeRTOS\Source\queue.o
 *fill*         0x0801965a        0x2 
 .text.vQueueAddToRegistry
                0x0801965c       0x50 Thirdparty\Middleware\STM32G0xx\FreeRTOS\Source\queue.o
                0x0801965c                vQueueAddToRegistry
 .text.vQueueWaitForMessageRestricted
                0x080196ac       0x66 Thirdparty\Middleware\STM32G0xx\FreeRTOS\Source\queue.o
                0x080196ac                vQueueWaitForMessageRestricted
 .text.xTaskCreate
                0x08019712       0x90 Thirdparty\Middleware\STM32G0xx\FreeRTOS\Source\tasks.o
                0x08019712                xTaskCreate
 *fill*         0x080197a2        0x2 
 .text.prvInitialiseNewTask
                0x080197a4      0x10c Thirdparty\Middleware\STM32G0xx\FreeRTOS\Source\tasks.o
 .text.prvAddNewTaskToReadyList
                0x080198b0       0xd0 Thirdparty\Middleware\STM32G0xx\FreeRTOS\Source\tasks.o
 .text.vTaskDelay
                0x08019980       0x3a Thirdparty\Middleware\STM32G0xx\FreeRTOS\Source\tasks.o
                0x08019980                vTaskDelay
 *fill*         0x080199ba        0x2 
 .text.eTaskGetState
                0x080199bc       0xd0 Thirdparty\Middleware\STM32G0xx\FreeRTOS\Source\tasks.o
                0x080199bc                eTaskGetState
 .text.uxTaskPriorityGet
                0x08019a8c       0x34 Thirdparty\Middleware\STM32G0xx\FreeRTOS\Source\tasks.o
                0x08019a8c                uxTaskPriorityGet
 .text.vTaskPrioritySet
                0x08019ac0      0x110 Thirdparty\Middleware\STM32G0xx\FreeRTOS\Source\tasks.o
                0x08019ac0                vTaskPrioritySet
 .text.vTaskStartScheduler
                0x08019bd0       0x74 Thirdparty\Middleware\STM32G0xx\FreeRTOS\Source\tasks.o
                0x08019bd0                vTaskStartScheduler
 .text.vTaskSuspendAll
                0x08019c44       0x18 Thirdparty\Middleware\STM32G0xx\FreeRTOS\Source\tasks.o
                0x08019c44                vTaskSuspendAll
 .text.xTaskResumeAll
                0x08019c5c      0x10c Thirdparty\Middleware\STM32G0xx\FreeRTOS\Source\tasks.o
                0x08019c5c                xTaskResumeAll
 .text.xTaskGetTickCount
                0x08019d68       0x1c Thirdparty\Middleware\STM32G0xx\FreeRTOS\Source\tasks.o
                0x08019d68                xTaskGetTickCount
 .text.xTaskGetTickCountFromISR
                0x08019d84       0x20 Thirdparty\Middleware\STM32G0xx\FreeRTOS\Source\tasks.o
                0x08019d84                xTaskGetTickCountFromISR
 .text.uxTaskGetSystemState
                0x08019da4      0x120 Thirdparty\Middleware\STM32G0xx\FreeRTOS\Source\tasks.o
                0x08019da4                uxTaskGetSystemState
 .text.xTaskIncrementTick
                0x08019ec4      0x150 Thirdparty\Middleware\STM32G0xx\FreeRTOS\Source\tasks.o
                0x08019ec4                xTaskIncrementTick
 .text.vTaskSwitchContext
                0x0801a014      0x124 Thirdparty\Middleware\STM32G0xx\FreeRTOS\Source\tasks.o
                0x0801a014                vTaskSwitchContext
 .text.vTaskPlaceOnEventList
                0x0801a138       0x34 Thirdparty\Middleware\STM32G0xx\FreeRTOS\Source\tasks.o
                0x0801a138                vTaskPlaceOnEventList
 .text.vTaskPlaceOnEventListRestricted
                0x0801a16c       0x44 Thirdparty\Middleware\STM32G0xx\FreeRTOS\Source\tasks.o
                0x0801a16c                vTaskPlaceOnEventListRestricted
 .text.xTaskRemoveFromEventList
                0x0801a1b0       0xb0 Thirdparty\Middleware\STM32G0xx\FreeRTOS\Source\tasks.o
                0x0801a1b0                xTaskRemoveFromEventList
 .text.vTaskInternalSetTimeOutState
                0x0801a260       0x28 Thirdparty\Middleware\STM32G0xx\FreeRTOS\Source\tasks.o
                0x0801a260                vTaskInternalSetTimeOutState
 .text.xTaskCheckForTimeOut
                0x0801a288       0x8c Thirdparty\Middleware\STM32G0xx\FreeRTOS\Source\tasks.o
                0x0801a288                xTaskCheckForTimeOut
 .text.vTaskMissedYield
                0x0801a314       0x14 Thirdparty\Middleware\STM32G0xx\FreeRTOS\Source\tasks.o
                0x0801a314                vTaskMissedYield
 .text.prvIdleTask
                0x0801a328       0x20 Thirdparty\Middleware\STM32G0xx\FreeRTOS\Source\tasks.o
 .text.prvInitialiseTaskLists
                0x0801a348       0x88 Thirdparty\Middleware\STM32G0xx\FreeRTOS\Source\tasks.o
 .text.prvCheckTasksWaitingTermination
                0x0801a3d0       0x5c Thirdparty\Middleware\STM32G0xx\FreeRTOS\Source\tasks.o
 .text.vTaskGetInfo
                0x0801a42c       0xd8 Thirdparty\Middleware\STM32G0xx\FreeRTOS\Source\tasks.o
                0x0801a42c                vTaskGetInfo
 .text.prvListTasksWithinSingleList
                0x0801a504       0xa6 Thirdparty\Middleware\STM32G0xx\FreeRTOS\Source\tasks.o
 .text.prvTaskCheckFreeStackSpace
                0x0801a5aa       0x34 Thirdparty\Middleware\STM32G0xx\FreeRTOS\Source\tasks.o
 .text.prvDeleteTCB
                0x0801a5de       0x22 Thirdparty\Middleware\STM32G0xx\FreeRTOS\Source\tasks.o
 .text.prvResetNextTaskUnblockTime
                0x0801a600       0x3c Thirdparty\Middleware\STM32G0xx\FreeRTOS\Source\tasks.o
 .text.xTaskGetSchedulerState
                0x0801a63c       0x38 Thirdparty\Middleware\STM32G0xx\FreeRTOS\Source\tasks.o
                0x0801a63c                xTaskGetSchedulerState
 .text.xTaskPriorityInherit
                0x0801a674       0xd0 Thirdparty\Middleware\STM32G0xx\FreeRTOS\Source\tasks.o
                0x0801a674                xTaskPriorityInherit
 .text.xTaskPriorityDisinherit
                0x0801a744       0x98 Thirdparty\Middleware\STM32G0xx\FreeRTOS\Source\tasks.o
                0x0801a744                xTaskPriorityDisinherit
 .text.vTaskPriorityDisinheritAfterTimeout
                0x0801a7dc       0xc0 Thirdparty\Middleware\STM32G0xx\FreeRTOS\Source\tasks.o
                0x0801a7dc                vTaskPriorityDisinheritAfterTimeout
 .text.prvWriteNameToBuffer
                0x0801a89c       0x52 Thirdparty\Middleware\STM32G0xx\FreeRTOS\Source\tasks.o
 *fill*         0x0801a8ee        0x2 
 .text.vTaskList
                0x0801a8f0      0x14c Thirdparty\Middleware\STM32G0xx\FreeRTOS\Source\tasks.o
                0x0801a8f0                vTaskList
 .text.vTaskGetRunTimeStats
                0x0801aa3c      0x118 Thirdparty\Middleware\STM32G0xx\FreeRTOS\Source\tasks.o
                0x0801aa3c                vTaskGetRunTimeStats
 .text.pvTaskIncrementMutexHeldCount
                0x0801ab54       0x24 Thirdparty\Middleware\STM32G0xx\FreeRTOS\Source\tasks.o
                0x0801ab54                pvTaskIncrementMutexHeldCount
 .text.ulTaskNotifyTake
                0x0801ab78       0x84 Thirdparty\Middleware\STM32G0xx\FreeRTOS\Source\tasks.o
                0x0801ab78                ulTaskNotifyTake
 .text.xTaskGenericNotify
                0x0801abfc      0x104 Thirdparty\Middleware\STM32G0xx\FreeRTOS\Source\tasks.o
                0x0801abfc                xTaskGenericNotify
 .text.xTaskGenericNotifyFromISR
                0x0801ad00      0x140 Thirdparty\Middleware\STM32G0xx\FreeRTOS\Source\tasks.o
                0x0801ad00                xTaskGenericNotifyFromISR
 .text.prvAddCurrentTaskToDelayedList
                0x0801ae40       0xa8 Thirdparty\Middleware\STM32G0xx\FreeRTOS\Source\tasks.o
 .text.xTimerCreateTimerTask
                0x0801aee8       0x4c Thirdparty\Middleware\STM32G0xx\FreeRTOS\Source\timers.o
                0x0801aee8                xTimerCreateTimerTask
 .text.xTimerCreate
                0x0801af34       0x46 Thirdparty\Middleware\STM32G0xx\FreeRTOS\Source\timers.o
                0x0801af34                xTimerCreate
 .text.prvInitialiseNewTimer
                0x0801af7a       0x5a Thirdparty\Middleware\STM32G0xx\FreeRTOS\Source\timers.o
 .text.xTimerGenericCommand
                0x0801afd4       0x8c Thirdparty\Middleware\STM32G0xx\FreeRTOS\Source\timers.o
                0x0801afd4                xTimerGenericCommand
 .text.prvProcessExpiredTimer
                0x0801b060       0x80 Thirdparty\Middleware\STM32G0xx\FreeRTOS\Source\timers.o
 .text.prvTimerTask
                0x0801b0e0       0x28 Thirdparty\Middleware\STM32G0xx\FreeRTOS\Source\timers.o
 .text.prvProcessTimerOrBlockTask
                0x0801b108       0x90 Thirdparty\Middleware\STM32G0xx\FreeRTOS\Source\timers.o
 .text.prvGetNextExpireTime
                0x0801b198       0x44 Thirdparty\Middleware\STM32G0xx\FreeRTOS\Source\timers.o
 .text.prvSampleTimeNow
                0x0801b1dc       0x40 Thirdparty\Middleware\STM32G0xx\FreeRTOS\Source\timers.o
 .text.prvInsertTimerInActiveList
                0x0801b21c       0x84 Thirdparty\Middleware\STM32G0xx\FreeRTOS\Source\timers.o
 .text.prvProcessReceivedCommands
                0x0801b2a0      0x16c Thirdparty\Middleware\STM32G0xx\FreeRTOS\Source\timers.o
 .text.prvSwitchTimerLists
                0x0801b40c       0xb0 Thirdparty\Middleware\STM32G0xx\FreeRTOS\Source\timers.o
 .text.prvCheckForValidListAndQueue
                0x0801b4bc       0x74 Thirdparty\Middleware\STM32G0xx\FreeRTOS\Source\timers.o
 .text.pvTimerGetTimerID
                0x0801b530       0x24 Thirdparty\Middleware\STM32G0xx\FreeRTOS\Source\timers.o
                0x0801b530                pvTimerGetTimerID
 .text.HAL_Init
                0x0801b554       0x40 Thirdparty\STM32G0xx_HAL_Driver\Src\stm32g0xx_hal.o
                0x0801b554                HAL_Init
 .text.HAL_InitTick
                0x0801b594       0x94 Thirdparty\STM32G0xx_HAL_Driver\Src\stm32g0xx_hal.o
                0x0801b594                HAL_InitTick
 .text.HAL_IncTick
                0x0801b628       0x24 Thirdparty\STM32G0xx_HAL_Driver\Src\stm32g0xx_hal.o
                0x0801b628                HAL_IncTick
 .text.HAL_GetTick
                0x0801b64c       0x14 Thirdparty\STM32G0xx_HAL_Driver\Src\stm32g0xx_hal.o
                0x0801b64c                HAL_GetTick
 .text.HAL_Delay
                0x0801b660       0x48 Thirdparty\STM32G0xx_HAL_Driver\Src\stm32g0xx_hal.o
                0x0801b660                HAL_Delay
 .text.HAL_GetREVID
                0x0801b6a8       0x18 Thirdparty\STM32G0xx_HAL_Driver\Src\stm32g0xx_hal.o
                0x0801b6a8                HAL_GetREVID
 .text.HAL_GetDEVID
                0x0801b6c0       0x18 Thirdparty\STM32G0xx_HAL_Driver\Src\stm32g0xx_hal.o
                0x0801b6c0                HAL_GetDEVID
 .text.LL_ADC_SetCommonPathInternalCh
                0x0801b6d8       0x28 Thirdparty\STM32G0xx_HAL_Driver\Src\stm32g0xx_hal_adc.o
 .text.LL_ADC_GetCommonPathInternalCh
                0x0801b700       0x1a Thirdparty\STM32G0xx_HAL_Driver\Src\stm32g0xx_hal_adc.o
 .text.LL_ADC_SetSamplingTimeCommonChannels
                0x0801b71a       0x3a Thirdparty\STM32G0xx_HAL_Driver\Src\stm32g0xx_hal_adc.o
 .text.LL_ADC_GetSamplingTimeCommonChannels
                0x0801b754       0x2e Thirdparty\STM32G0xx_HAL_Driver\Src\stm32g0xx_hal_adc.o
 .text.LL_ADC_REG_IsTriggerSourceSWStart
                0x0801b782       0x22 Thirdparty\STM32G0xx_HAL_Driver\Src\stm32g0xx_hal_adc.o
 .text.LL_ADC_REG_SetSequencerRanks
                0x0801b7a4       0x40 Thirdparty\STM32G0xx_HAL_Driver\Src\stm32g0xx_hal_adc.o
 .text.LL_ADC_REG_SetSequencerChAdd
                0x0801b7e4       0x22 Thirdparty\STM32G0xx_HAL_Driver\Src\stm32g0xx_hal_adc.o
 .text.LL_ADC_REG_SetSequencerChRem
                0x0801b806       0x24 Thirdparty\STM32G0xx_HAL_Driver\Src\stm32g0xx_hal_adc.o
 *fill*         0x0801b82a        0x2 
 .text.LL_ADC_SetChannelSamplingTime
                0x0801b82c       0x38 Thirdparty\STM32G0xx_HAL_Driver\Src\stm32g0xx_hal_adc.o
 .text.LL_ADC_EnableInternalRegulator
                0x0801b864       0x28 Thirdparty\STM32G0xx_HAL_Driver\Src\stm32g0xx_hal_adc.o
 .text.LL_ADC_IsInternalRegulatorEnabled
                0x0801b88c       0x28 Thirdparty\STM32G0xx_HAL_Driver\Src\stm32g0xx_hal_adc.o
 .text.LL_ADC_Enable
                0x0801b8b4       0x24 Thirdparty\STM32G0xx_HAL_Driver\Src\stm32g0xx_hal_adc.o
 .text.LL_ADC_Disable
                0x0801b8d8       0x24 Thirdparty\STM32G0xx_HAL_Driver\Src\stm32g0xx_hal_adc.o
 .text.LL_ADC_IsEnabled
                0x0801b8fc       0x22 Thirdparty\STM32G0xx_HAL_Driver\Src\stm32g0xx_hal_adc.o
 .text.LL_ADC_IsDisableOngoing
                0x0801b91e       0x22 Thirdparty\STM32G0xx_HAL_Driver\Src\stm32g0xx_hal_adc.o
 .text.LL_ADC_REG_StartConversion
                0x0801b940       0x24 Thirdparty\STM32G0xx_HAL_Driver\Src\stm32g0xx_hal_adc.o
 .text.LL_ADC_REG_StopConversion
                0x0801b964       0x24 Thirdparty\STM32G0xx_HAL_Driver\Src\stm32g0xx_hal_adc.o
 .text.LL_ADC_REG_IsConversionOngoing
                0x0801b988       0x22 Thirdparty\STM32G0xx_HAL_Driver\Src\stm32g0xx_hal_adc.o
 *fill*         0x0801b9aa        0x2 
 .text.HAL_ADC_Init
                0x0801b9ac      0x350 Thirdparty\STM32G0xx_HAL_Driver\Src\stm32g0xx_hal_adc.o
                0x0801b9ac                HAL_ADC_Init
 .text.HAL_ADC_Start
                0x0801bcfc       0x9c Thirdparty\STM32G0xx_HAL_Driver\Src\stm32g0xx_hal_adc.o
                0x0801bcfc                HAL_ADC_Start
 .text.HAL_ADC_Stop
                0x0801bd98       0x78 Thirdparty\STM32G0xx_HAL_Driver\Src\stm32g0xx_hal_adc.o
                0x0801bd98                HAL_ADC_Stop
 .text.HAL_ADC_PollForConversion
                0x0801be10      0x128 Thirdparty\STM32G0xx_HAL_Driver\Src\stm32g0xx_hal_adc.o
                0x0801be10                HAL_ADC_PollForConversion
 .text.HAL_ADC_GetValue
                0x0801bf38       0x16 Thirdparty\STM32G0xx_HAL_Driver\Src\stm32g0xx_hal_adc.o
                0x0801bf38                HAL_ADC_GetValue
 *fill*         0x0801bf4e        0x2 
 .text.HAL_ADC_ConfigChannel
                0x0801bf50      0x3b0 Thirdparty\STM32G0xx_HAL_Driver\Src\stm32g0xx_hal_adc.o
                0x0801bf50                HAL_ADC_ConfigChannel
 .text.ADC_ConversionStop
                0x0801c300       0x84 Thirdparty\STM32G0xx_HAL_Driver\Src\stm32g0xx_hal_adc.o
                0x0801c300                ADC_ConversionStop
 .text.ADC_Enable
                0x0801c384      0x10c Thirdparty\STM32G0xx_HAL_Driver\Src\stm32g0xx_hal_adc.o
                0x0801c384                ADC_Enable
 .text.ADC_Disable
                0x0801c490       0xbc Thirdparty\STM32G0xx_HAL_Driver\Src\stm32g0xx_hal_adc.o
                0x0801c490                ADC_Disable
 .text.__NVIC_EnableIRQ
                0x0801c54c       0x34 Thirdparty\STM32G0xx_HAL_Driver\Src\stm32g0xx_hal_cortex.o
 .text.__NVIC_DisableIRQ
                0x0801c580       0x44 Thirdparty\STM32G0xx_HAL_Driver\Src\stm32g0xx_hal_cortex.o
 .text.__NVIC_SetPriority
                0x0801c5c4       0xdc Thirdparty\STM32G0xx_HAL_Driver\Src\stm32g0xx_hal_cortex.o
 .text.SysTick_Config
                0x0801c6a0       0x48 Thirdparty\STM32G0xx_HAL_Driver\Src\stm32g0xx_hal_cortex.o
 .text.HAL_NVIC_SetPriority
                0x0801c6e8       0x2a Thirdparty\STM32G0xx_HAL_Driver\Src\stm32g0xx_hal_cortex.o
                0x0801c6e8                HAL_NVIC_SetPriority
 .text.HAL_NVIC_EnableIRQ
                0x0801c712       0x20 Thirdparty\STM32G0xx_HAL_Driver\Src\stm32g0xx_hal_cortex.o
                0x0801c712                HAL_NVIC_EnableIRQ
 .text.HAL_NVIC_DisableIRQ
                0x0801c732       0x20 Thirdparty\STM32G0xx_HAL_Driver\Src\stm32g0xx_hal_cortex.o
                0x0801c732                HAL_NVIC_DisableIRQ
 .text.HAL_SYSTICK_Config
                0x0801c752       0x1a Thirdparty\STM32G0xx_HAL_Driver\Src\stm32g0xx_hal_cortex.o
                0x0801c752                HAL_SYSTICK_Config
 .text.HAL_CRC_Init
                0x0801c76c       0xcc Thirdparty\STM32G0xx_HAL_Driver\Src\stm32g0xx_hal_crc.o
                0x0801c76c                HAL_CRC_Init
 .text.HAL_CRC_Accumulate
                0x0801c838       0x8e Thirdparty\STM32G0xx_HAL_Driver\Src\stm32g0xx_hal_crc.o
                0x0801c838                HAL_CRC_Accumulate
 .text.HAL_CRC_Calculate
                0x0801c8c6       0x9e Thirdparty\STM32G0xx_HAL_Driver\Src\stm32g0xx_hal_crc.o
                0x0801c8c6                HAL_CRC_Calculate
 .text.CRC_Handle_8
                0x0801c964      0x122 Thirdparty\STM32G0xx_HAL_Driver\Src\stm32g0xx_hal_crc.o
 .text.CRC_Handle_16
                0x0801ca86       0x6e Thirdparty\STM32G0xx_HAL_Driver\Src\stm32g0xx_hal_crc.o
 .text.HAL_CRCEx_Polynomial_Set
                0x0801caf4       0xda Thirdparty\STM32G0xx_HAL_Driver\Src\stm32g0xx_hal_crc_ex.o
                0x0801caf4                HAL_CRCEx_Polynomial_Set
 *fill*         0x0801cbce        0x2 
 .text.HAL_DMA_Init
                0x0801cbd0      0x158 Thirdparty\STM32G0xx_HAL_Driver\Src\stm32g0xx_hal_dma.o
                0x0801cbd0                HAL_DMA_Init
 .text.HAL_DMA_Start_IT
                0x0801cd28      0x10c Thirdparty\STM32G0xx_HAL_Driver\Src\stm32g0xx_hal_dma.o
                0x0801cd28                HAL_DMA_Start_IT
 .text.HAL_DMA_Abort
                0x0801ce34       0xc0 Thirdparty\STM32G0xx_HAL_Driver\Src\stm32g0xx_hal_dma.o
                0x0801ce34                HAL_DMA_Abort
 .text.HAL_DMA_Abort_IT
                0x0801cef4       0xd0 Thirdparty\STM32G0xx_HAL_Driver\Src\stm32g0xx_hal_dma.o
                0x0801cef4                HAL_DMA_Abort_IT
 .text.HAL_DMA_GetError
                0x0801cfc4       0x14 Thirdparty\STM32G0xx_HAL_Driver\Src\stm32g0xx_hal_dma.o
                0x0801cfc4                HAL_DMA_GetError
 .text.DMA_SetConfig
                0x0801cfd8       0x78 Thirdparty\STM32G0xx_HAL_Driver\Src\stm32g0xx_hal_dma.o
 .text.DMA_CalcDMAMUXChannelBaseAndMask
                0x0801d050       0x94 Thirdparty\STM32G0xx_HAL_Driver\Src\stm32g0xx_hal_dma.o
 .text.DMA_CalcDMAMUXRequestGenBaseAndMask
                0x0801d0e4       0x48 Thirdparty\STM32G0xx_HAL_Driver\Src\stm32g0xx_hal_dma.o
 .text.HAL_FLASH_Program
                0x0801d12c       0x9c Thirdparty\STM32G0xx_HAL_Driver\Src\stm32g0xx_hal_flash.o
                0x0801d12c                HAL_FLASH_Program
 .text.HAL_FLASH_Unlock
                0x0801d1c8       0x48 Thirdparty\STM32G0xx_HAL_Driver\Src\stm32g0xx_hal_flash.o
                0x0801d1c8                HAL_FLASH_Unlock
 .text.HAL_FLASH_Lock
                0x0801d210       0x38 Thirdparty\STM32G0xx_HAL_Driver\Src\stm32g0xx_hal_flash.o
                0x0801d210                HAL_FLASH_Lock
 .text.FLASH_WaitForLastOperation
                0x0801d248       0x9c Thirdparty\STM32G0xx_HAL_Driver\Src\stm32g0xx_hal_flash.o
                0x0801d248                FLASH_WaitForLastOperation
 .text.FLASH_Program_DoubleWord
                0x0801d2e4       0x40 Thirdparty\STM32G0xx_HAL_Driver\Src\stm32g0xx_hal_flash.o
 .text.HAL_FLASHEx_Erase
                0x0801d324       0xe0 Thirdparty\STM32G0xx_HAL_Driver\Src\stm32g0xx_hal_flash_ex.o
                0x0801d324                HAL_FLASHEx_Erase
 .text.FLASH_MassErase
                0x0801d404       0x28 Thirdparty\STM32G0xx_HAL_Driver\Src\stm32g0xx_hal_flash_ex.o
 .text.FLASH_PageErase
                0x0801d42c      0x198 Thirdparty\STM32G0xx_HAL_Driver\Src\stm32g0xx_hal_flash_ex.o
                0x0801d42c                FLASH_PageErase
 .text.HAL_GPIO_Init
                0x0801d5c4      0x2d8 Thirdparty\STM32G0xx_HAL_Driver\Src\stm32g0xx_hal_gpio.o
                0x0801d5c4                HAL_GPIO_Init
 .text.HAL_GPIO_DeInit
                0x0801d89c      0x1b0 Thirdparty\STM32G0xx_HAL_Driver\Src\stm32g0xx_hal_gpio.o
                0x0801d89c                HAL_GPIO_DeInit
 .text.HAL_GPIO_ReadPin
                0x0801da4c       0x3a Thirdparty\STM32G0xx_HAL_Driver\Src\stm32g0xx_hal_gpio.o
                0x0801da4c                HAL_GPIO_ReadPin
 .text.HAL_GPIO_WritePin
                0x0801da86       0x3a Thirdparty\STM32G0xx_HAL_Driver\Src\stm32g0xx_hal_gpio.o
                0x0801da86                HAL_GPIO_WritePin
 .text.HAL_GPIO_TogglePin
                0x0801dac0       0x36 Thirdparty\STM32G0xx_HAL_Driver\Src\stm32g0xx_hal_gpio.o
                0x0801dac0                HAL_GPIO_TogglePin
 *fill*         0x0801daf6        0x2 
 .text.HAL_GPIO_EXTI_IRQHandler
                0x0801daf8       0x54 Thirdparty\STM32G0xx_HAL_Driver\Src\stm32g0xx_hal_gpio.o
                0x0801daf8                HAL_GPIO_EXTI_IRQHandler
 .text.HAL_GPIO_EXTI_Rising_Callback
                0x0801db4c       0x14 Thirdparty\STM32G0xx_HAL_Driver\Src\stm32g0xx_hal_gpio.o
                0x0801db4c                HAL_GPIO_EXTI_Rising_Callback
 .text.HAL_GPIO_EXTI_Falling_Callback
                0x0801db60       0x14 Thirdparty\STM32G0xx_HAL_Driver\Src\stm32g0xx_hal_gpio.o
                0x0801db60                HAL_GPIO_EXTI_Falling_Callback
 .text.HAL_I2C_Init
                0x0801db74      0x12c Thirdparty\STM32G0xx_HAL_Driver\Src\stm32g0xx_hal_i2c.o
                0x0801db74                HAL_I2C_Init
 .text.HAL_I2C_Master_Transmit
                0x0801dca0      0x210 Thirdparty\STM32G0xx_HAL_Driver\Src\stm32g0xx_hal_i2c.o
                0x0801dca0                HAL_I2C_Master_Transmit
 .text.HAL_I2C_Master_Receive
                0x0801deb0      0x210 Thirdparty\STM32G0xx_HAL_Driver\Src\stm32g0xx_hal_i2c.o
                0x0801deb0                HAL_I2C_Master_Receive
 .text.I2C_Flush_TXDR
                0x0801e0c0       0x44 Thirdparty\STM32G0xx_HAL_Driver\Src\stm32g0xx_hal_i2c.o
 .text.I2C_WaitOnFlagUntilTimeout
                0x0801e104       0x7e Thirdparty\STM32G0xx_HAL_Driver\Src\stm32g0xx_hal_i2c.o
 .text.I2C_WaitOnTXISFlagUntilTimeout
                0x0801e182       0x7e Thirdparty\STM32G0xx_HAL_Driver\Src\stm32g0xx_hal_i2c.o
 .text.I2C_WaitOnSTOPFlagUntilTimeout
                0x0801e200       0x78 Thirdparty\STM32G0xx_HAL_Driver\Src\stm32g0xx_hal_i2c.o
 .text.I2C_WaitOnRXNEFlagUntilTimeout
                0x0801e278       0xf4 Thirdparty\STM32G0xx_HAL_Driver\Src\stm32g0xx_hal_i2c.o
 .text.I2C_IsErrorOccurred
                0x0801e36c      0x200 Thirdparty\STM32G0xx_HAL_Driver\Src\stm32g0xx_hal_i2c.o
 .text.I2C_TransferConfig
                0x0801e56c       0x74 Thirdparty\STM32G0xx_HAL_Driver\Src\stm32g0xx_hal_i2c.o
 .text.HAL_I2CEx_ConfigAnalogFilter
                0x0801e5e0       0x98 Thirdparty\STM32G0xx_HAL_Driver\Src\stm32g0xx_hal_i2c_ex.o
                0x0801e5e0                HAL_I2CEx_ConfigAnalogFilter
 .text.HAL_I2CEx_ConfigDigitalFilter
                0x0801e678       0x98 Thirdparty\STM32G0xx_HAL_Driver\Src\stm32g0xx_hal_i2c_ex.o
                0x0801e678                HAL_I2CEx_ConfigDigitalFilter
 .text.HAL_IWDG_Init
                0x0801e710       0xa4 Thirdparty\STM32G0xx_HAL_Driver\Src\stm32g0xx_hal_iwdg.o
                0x0801e710                HAL_IWDG_Init
 .text.HAL_IWDG_Refresh
                0x0801e7b4       0x20 Thirdparty\STM32G0xx_HAL_Driver\Src\stm32g0xx_hal_iwdg.o
                0x0801e7b4                HAL_IWDG_Refresh
 .text.HAL_MspInit
                0x0801e7d4        0xa Thirdparty\STM32G0xx_HAL_Driver\Src\stm32g0xx_hal_msp_template.o
                0x0801e7d4                HAL_MspInit
 *fill*         0x0801e7de        0x2 
 .text.HAL_PWR_EnableWakeUpPin
                0x0801e7e0       0x40 Thirdparty\STM32G0xx_HAL_Driver\Src\stm32g0xx_hal_pwr.o
                0x0801e7e0                HAL_PWR_EnableWakeUpPin
 .text.HAL_PWR_DisableWakeUpPin
                0x0801e820       0x28 Thirdparty\STM32G0xx_HAL_Driver\Src\stm32g0xx_hal_pwr.o
                0x0801e820                HAL_PWR_DisableWakeUpPin
 .text.HAL_PWR_EnterSTOPMode
                0x0801e848       0x70 Thirdparty\STM32G0xx_HAL_Driver\Src\stm32g0xx_hal_pwr.o
                0x0801e848                HAL_PWR_EnterSTOPMode
 .text.HAL_PWR_EnterSTANDBYMode
                0x0801e8b8       0x34 Thirdparty\STM32G0xx_HAL_Driver\Src\stm32g0xx_hal_pwr.o
                0x0801e8b8                HAL_PWR_EnterSTANDBYMode
 .text.HAL_PWREx_EnableSRAMRetention
                0x0801e8ec       0x1c Thirdparty\STM32G0xx_HAL_Driver\Src\stm32g0xx_hal_pwr_ex.o
                0x0801e8ec                HAL_PWREx_EnableSRAMRetention
 .text.HAL_PWREx_ControlVoltageScaling
                0x0801e908       0x80 Thirdparty\STM32G0xx_HAL_Driver\Src\stm32g0xx_hal_pwr_ex.o
                0x0801e908                HAL_PWREx_ControlVoltageScaling
 .text.LL_RCC_GetAPB1Prescaler
                0x0801e988       0x18 Thirdparty\STM32G0xx_HAL_Driver\Src\stm32g0xx_hal_rcc.o
 .text.HAL_RCC_OscConfig
                0x0801e9a0      0x6c0 Thirdparty\STM32G0xx_HAL_Driver\Src\stm32g0xx_hal_rcc.o
                0x0801e9a0                HAL_RCC_OscConfig
 .text.HAL_RCC_ClockConfig
                0x0801f060      0x210 Thirdparty\STM32G0xx_HAL_Driver\Src\stm32g0xx_hal_rcc.o
                0x0801f060                HAL_RCC_ClockConfig
 .text.HAL_RCC_GetSysClockFreq
                0x0801f270      0x104 Thirdparty\STM32G0xx_HAL_Driver\Src\stm32g0xx_hal_rcc.o
                0x0801f270                HAL_RCC_GetSysClockFreq
 .text.HAL_RCC_GetHCLKFreq
                0x0801f374       0x14 Thirdparty\STM32G0xx_HAL_Driver\Src\stm32g0xx_hal_rcc.o
                0x0801f374                HAL_RCC_GetHCLKFreq
 .text.HAL_RCC_GetPCLK1Freq
                0x0801f388       0x2c Thirdparty\STM32G0xx_HAL_Driver\Src\stm32g0xx_hal_rcc.o
                0x0801f388                HAL_RCC_GetPCLK1Freq
 .text.HAL_RCCEx_PeriphCLKConfig
                0x0801f3b4      0x478 Thirdparty\STM32G0xx_HAL_Driver\Src\stm32g0xx_hal_rcc_ex.o
                0x0801f3b4                HAL_RCCEx_PeriphCLKConfig
 .text.HAL_RTC_Init
                0x0801f82c      0x144 Thirdparty\STM32G0xx_HAL_Driver\Src\stm32g0xx_hal_rtc.o
                0x0801f82c                HAL_RTC_Init
 .text.HAL_RTC_MspInit
                0x0801f970       0x10 Thirdparty\STM32G0xx_HAL_Driver\Src\stm32g0xx_hal_rtc.o
                0x0801f970                HAL_RTC_MspInit
 .text.HAL_RTC_SetTime
                0x0801f980      0x150 Thirdparty\STM32G0xx_HAL_Driver\Src\stm32g0xx_hal_rtc.o
                0x0801f980                HAL_RTC_SetTime
 .text.HAL_RTC_GetTime
                0x0801fad0       0xb8 Thirdparty\STM32G0xx_HAL_Driver\Src\stm32g0xx_hal_rtc.o
                0x0801fad0                HAL_RTC_GetTime
 .text.HAL_RTC_SetDate
                0x0801fb88      0x124 Thirdparty\STM32G0xx_HAL_Driver\Src\stm32g0xx_hal_rtc.o
                0x0801fb88                HAL_RTC_SetDate
 .text.HAL_RTC_GetDate
                0x0801fcac       0x9c Thirdparty\STM32G0xx_HAL_Driver\Src\stm32g0xx_hal_rtc.o
                0x0801fcac                HAL_RTC_GetDate
 .text.HAL_RTC_WaitForSynchro
                0x0801fd48       0x4e Thirdparty\STM32G0xx_HAL_Driver\Src\stm32g0xx_hal_rtc.o
                0x0801fd48                HAL_RTC_WaitForSynchro
 .text.RTC_EnterInitMode
                0x0801fd96       0x84 Thirdparty\STM32G0xx_HAL_Driver\Src\stm32g0xx_hal_rtc.o
                0x0801fd96                RTC_EnterInitMode
 *fill*         0x0801fe1a        0x2 
 .text.RTC_ExitInitMode
                0x0801fe1c       0x88 Thirdparty\STM32G0xx_HAL_Driver\Src\stm32g0xx_hal_rtc.o
                0x0801fe1c                RTC_ExitInitMode
 .text.RTC_ByteToBcd2
                0x0801fea4       0x50 Thirdparty\STM32G0xx_HAL_Driver\Src\stm32g0xx_hal_rtc.o
                0x0801fea4                RTC_ByteToBcd2
 .text.RTC_Bcd2ToByte
                0x0801fef4       0x3a Thirdparty\STM32G0xx_HAL_Driver\Src\stm32g0xx_hal_rtc.o
                0x0801fef4                RTC_Bcd2ToByte
 .text.HAL_RTCEx_BKUPWrite
                0x0801ff2e       0x3a Thirdparty\STM32G0xx_HAL_Driver\Src\stm32g0xx_hal_rtc_ex.o
                0x0801ff2e                HAL_RTCEx_BKUPWrite
 .text.HAL_RTCEx_BKUPRead
                0x0801ff68       0x36 Thirdparty\STM32G0xx_HAL_Driver\Src\stm32g0xx_hal_rtc_ex.o
                0x0801ff68                HAL_RTCEx_BKUPRead
 .text.HAL_TIM_Base_Init
                0x0801ff9e       0xb0 Thirdparty\STM32G0xx_HAL_Driver\Src\stm32g0xx_hal_tim.o
                0x0801ff9e                HAL_TIM_Base_Init
 .text.HAL_TIM_Base_MspInit
                0x0802004e       0x10 Thirdparty\STM32G0xx_HAL_Driver\Src\stm32g0xx_hal_tim.o
                0x0802004e                HAL_TIM_Base_MspInit
 *fill*         0x0802005e        0x2 
 .text.HAL_TIM_Base_Start
                0x08020060       0xb4 Thirdparty\STM32G0xx_HAL_Driver\Src\stm32g0xx_hal_tim.o
                0x08020060                HAL_TIM_Base_Start
 .text.TIM_Base_SetConfig
                0x08020114      0x114 Thirdparty\STM32G0xx_HAL_Driver\Src\stm32g0xx_hal_tim.o
                0x08020114                TIM_Base_SetConfig
 .text.HAL_UART_Init
                0x08020228       0xac Thirdparty\STM32G0xx_HAL_Driver\Src\stm32g0xx_hal_uart.o
                0x08020228                HAL_UART_Init
 .text.HAL_UART_DeInit
                0x080202d4       0x80 Thirdparty\STM32G0xx_HAL_Driver\Src\stm32g0xx_hal_uart.o
                0x080202d4                HAL_UART_DeInit
 .text.HAL_UART_MspDeInit
                0x08020354       0x10 Thirdparty\STM32G0xx_HAL_Driver\Src\stm32g0xx_hal_uart.o
                0x08020354                HAL_UART_MspDeInit
 .text.HAL_UART_Transmit
                0x08020364      0x138 Thirdparty\STM32G0xx_HAL_Driver\Src\stm32g0xx_hal_uart.o
                0x08020364                HAL_UART_Transmit
 .text.HAL_UART_Transmit_IT
                0x0802049c      0x150 Thirdparty\STM32G0xx_HAL_Driver\Src\stm32g0xx_hal_uart.o